
> macrodashboard@1.0.0 test
> vitest run


 RUN  v4.0.18 /Users/kartikaysharma/Desktop/Projects/Vibecode /Macro/MacroDashboard

 ✓ src/utils/__tests__/formatNumber.test.ts (14 tests) 57ms
 ✓ src/hooks/__tests__/useUSMacroPulse.test.tsx (1 test) 75ms
 ✓ src/components/__tests__/DataQualityBadge.test.tsx (6 tests) 48ms
 ✓ src/hooks/__tests__/useReserveSellerData.test.tsx (2 tests) 124ms
 ✓ src/hooks/__tests__/useDataIntegrity.test.tsx (4 tests) 226ms
 ✓ src/components/__tests__/CorporateDebtMaturityWall.test.tsx (2 tests) 66ms
 ✓ src/utils/__tests__/formatMetric.test.ts (14 tests) 13ms
 ✓ src/utils/__tests__/ticCountryMapping.test.ts (3 tests) 1ms
 ✓ src/utils/__tests__/exportCSV.test.ts (4 tests) 4ms
stderr | src/smoke.test.tsx > Smoke Tests > renders Terminal page without crashing
Could not fetch net liquidity

TypeError: Cannot read properties of undefined (reading 'toFixed')
    at formatAUM (/Users/kartikaysharma/Desktop/Projects/Vibecode /Macro/MacroDashboard/src/hooks/useSmartMoneyHoldings.ts:216:26)
    at InstitutionalHoldingsWall (/Users/kartikaysharma/Desktop/Projects/Vibecode /Macro/MacroDashboard/src/components/InstitutionalHoldingsWall.tsx:100:16)
    at renderWithHooks (/Users/kartikaysharma/Desktop/Projects/Vibecode /Macro/MacroDashboard/node_modules/react-dom/cjs/react-dom.development.js:15486:18)
    at mountIndeterminateComponent (/Users/kartikaysharma/Desktop/Projects/Vibecode /Macro/MacroDashboard/node_modules/react-dom/cjs/react-dom.development.js:20103:13)
    at beginWork (/Users/kartikaysharma/Desktop/Projects/Vibecode /Macro/MacroDashboard/node_modules/react-dom/cjs/react-dom.development.js:21626:16)
    at HTMLUnknownElement.callCallback (/Users/kartikaysharma/Desktop/Projects/Vibecode /Macro/MacroDashboard/node_modules/react-dom/cjs/react-dom.development.js:4164:14)
    at HTMLUnknownElement.callTheUserObjectsOperation (/Users/kartikaysharma/Desktop/Projects/Vibecode /Macro/MacroDashboard/node_modules/jsdom/lib/jsdom/living/generated/EventListener.js:26:30)
    at innerInvokeEventListeners (/Users/kartikaysharma/Desktop/Projects/Vibecode /Macro/MacroDashboard/node_modules/jsdom/lib/jsdom/living/events/EventTarget-impl.js:360:16)
    at invokeEventListeners (/Users/kartikaysharma/Desktop/Projects/Vibecode /Macro/MacroDashboard/node_modules/jsdom/lib/jsdom/living/events/EventTarget-impl.js:296:3)
    at HTMLUnknownElementImpl._dispatch (/Users/kartikaysharma/Desktop/Projects/Vibecode /Macro/MacroDashboard/node_modules/jsdom/lib/jsdom/living/events/EventTarget-impl.js:243:9)
TypeError: Cannot read properties of undefined (reading 'toFixed')
    at formatAUM (/Users/kartikaysharma/Desktop/Projects/Vibecode /Macro/MacroDashboard/src/hooks/useSmartMoneyHoldings.ts:216:26)
    at InstitutionalHoldingsWall (/Users/kartikaysharma/Desktop/Projects/Vibecode /Macro/MacroDashboard/src/components/InstitutionalHoldingsWall.tsx:100:16)
    at renderWithHooks (/Users/kartikaysharma/Desktop/Projects/Vibecode /Macro/MacroDashboard/node_modules/react-dom/cjs/react-dom.development.js:15486:18)
    at mountIndeterminateComponent (/Users/kartikaysharma/Desktop/Projects/Vibecode /Macro/MacroDashboard/node_modules/react-dom/cjs/react-dom.development.js:20103:13)
    at beginWork (/Users/kartikaysharma/Desktop/Projects/Vibecode /Macro/MacroDashboard/node_modules/react-dom/cjs/react-dom.development.js:21626:16)
    at HTMLUnknownElement.callCallback (/Users/kartikaysharma/Desktop/Projects/Vibecode /Macro/MacroDashboard/node_modules/react-dom/cjs/react-dom.development.js:4164:14)
    at HTMLUnknownElement.callTheUserObjectsOperation (/Users/kartikaysharma/Desktop/Projects/Vibecode /Macro/MacroDashboard/node_modules/jsdom/lib/jsdom/living/generated/EventListener.js:26:30)
    at innerInvokeEventListeners (/Users/kartikaysharma/Desktop/Projects/Vibecode /Macro/MacroDashboard/node_modules/jsdom/lib/jsdom/living/events/EventTarget-impl.js:360:16)
    at invokeEventListeners (/Users/kartikaysharma/Desktop/Projects/Vibecode /Macro/MacroDashboard/node_modules/jsdom/lib/jsdom/living/events/EventTarget-impl.js:296:3)
    at HTMLUnknownElementImpl._dispatch (/Users/kartikaysharma/Desktop/Projects/Vibecode /Macro/MacroDashboard/node_modules/jsdom/lib/jsdom/living/events/EventTarget-impl.js:243:9)
stderr | src/smoke.test.tsx > Smoke Tests > renders Terminal page without crashing
The above error occurred in the <InstitutionalHoldingsWall> component:

    at InstitutionalHoldingsWall (/Users/kartikaysharma/Desktop/Projects/Vibecode /Macro/MacroDashboard/src/components/InstitutionalHoldingsWall.tsx:37:153)
    at SectionErrorBoundary (/Users/kartikaysharma/Desktop/Projects/Vibecode /Macro/MacroDashboard/src/components/SectionErrorBoundary.tsx:9:1)
    at WrappedInstitutionalHoldingsWall
    at Suspense
    at SectionErrorBoundary (/Users/kartikaysharma/Desktop/Projects/Vibecode /Macro/MacroDashboard/src/components/SectionErrorBoundary.tsx:9:1)
    at section
    at main
    at div
    at Terminal
    at Suspense
    at ViewProvider (/Users/kartikaysharma/Desktop/Projects/Vibecode /Macro/MacroDashboard/src/context/ViewContext.tsx:8:25)
    at _HelmetProvider (/Users/kartikaysharma/Desktop/Projects/Vibecode /Macro/MacroDashboard/node_modules/react-helmet-async/lib/index.js:483:5)
    at DefaultPropsProvider (/Users/kartikaysharma/Desktop/Projects/Vibecode /Macro/MacroDashboard/node_modules/@mui/system/DefaultPropsProvider/DefaultPropsProvider.js:18:3)
    at RtlProvider (/Users/kartikaysharma/Desktop/Projects/Vibecode /Macro/MacroDashboard/node_modules/@mui/system/RtlProvider/index.js:19:7)
    at ThemeProvider (/Users/kartikaysharma/Desktop/Projects/Vibecode /Macro/MacroDashboard/node_modules/@mui/private-theming/node/ThemeProvider/ThemeProvider.js:39:5)
    at ThemeProvider (/Users/kartikaysharma/Desktop/Projects/Vibecode /Macro/MacroDashboard/node_modules/@mui/system/ThemeProvider/ThemeProvider.js:53:5)
    at ThemeProvider (/Users/kartikaysharma/Desktop/Projects/Vibecode /Macro/MacroDashboard/node_modules/@mui/material/node/styles/ThemeProvider.js:21:14)
    at QueryClientProvider (file:///Users/kartikaysharma/Desktop/Projects/Vibecode%20/Macro/MacroDashboard/node_modules/@tanstack/react-query/build/modern/QueryClientProvider.js:20:3)
    at Router (file:///Users/kartikaysharma/Desktop/Projects/Vibecode%20/Macro/MacroDashboard/node_modules/react-router/dist/development/chunk-JZWAC4HX.mjs:6594:13)
    at MemoryRouter (file:///Users/kartikaysharma/Desktop/Projects/Vibecode%20/Macro/MacroDashboard/node_modules/react-router/dist/development/chunk-JZWAC4HX.mjs:6510:3)
    at TestWrapper (/Users/kartikaysharma/Desktop/Projects/Vibecode /Macro/MacroDashboard/src/smoke.test.tsx:73:24)

React will try to recreate this component tree from scratch using the error boundary you provided, SectionErrorBoundary.
Error in section "Institutional Pulse 13-F Tracker": TypeError: Cannot read properties of undefined (reading 'toFixed')
    at formatAUM (/Users/kartikaysharma/Desktop/Projects/Vibecode /Macro/MacroDashboard/src/hooks/useSmartMoneyHoldings.ts:216:26)
    at InstitutionalHoldingsWall (/Users/kartikaysharma/Desktop/Projects/Vibecode /Macro/MacroDashboard/src/components/InstitutionalHoldingsWall.tsx:100:16)
    at renderWithHooks (/Users/kartikaysharma/Desktop/Projects/Vibecode /Macro/MacroDashboard/node_modules/react-dom/cjs/react-dom.development.js:15486:18)
    at mountIndeterminateComponent (/Users/kartikaysharma/Desktop/Projects/Vibecode /Macro/MacroDashboard/node_modules/react-dom/cjs/react-dom.development.js:20103:13)
    at beginWork (/Users/kartikaysharma/Desktop/Projects/Vibecode /Macro/MacroDashboard/node_modules/react-dom/cjs/react-dom.development.js:21626:16)
    at beginWork$1 (/Users/kartikaysharma/Desktop/Projects/Vibecode /Macro/MacroDashboard/node_modules/react-dom/cjs/react-dom.development.js:27465:14)
    at performUnitOfWork (/Users/kartikaysharma/Desktop/Projects/Vibecode /Macro/MacroDashboard/node_modules/react-dom/cjs/react-dom.development.js:26599:12)
    at workLoopSync (/Users/kartikaysharma/Desktop/Projects/Vibecode /Macro/MacroDashboard/node_modules/react-dom/cjs/react-dom.development.js:26505:5)
    at renderRootSync (/Users/kartikaysharma/Desktop/Projects/Vibecode /Macro/MacroDashboard/node_modules/react-dom/cjs/react-dom.development.js:26473:7)
    at recoverFromConcurrentError (/Users/kartikaysharma/Desktop/Projects/Vibecode /Macro/MacroDashboard/node_modules/react-dom/cjs/react-dom.development.js:25889:20) {
  componentStack: '\n' +
    '    at InstitutionalHoldingsWall (/Users/kartikaysharma/Desktop/Projects/Vibecode /Macro/MacroDashboard/src/components/InstitutionalHoldingsWall.tsx:37:153)\n' +
    '    at SectionErrorBoundary (/Users/kartikaysharma/Desktop/Projects/Vibecode /Macro/MacroDashboard/src/components/SectionErrorBoundary.tsx:9:1)\n' +
    '    at WrappedInstitutionalHoldingsWall\n' +
    '    at Suspense\n' +
    '    at SectionErrorBoundary (/Users/kartikaysharma/Desktop/Projects/Vibecode /Macro/MacroDashboard/src/components/SectionErrorBoundary.tsx:9:1)\n' +
    '    at section\n' +
    '    at main\n' +
    '    at div\n' +
    '    at Terminal\n' +
    '    at Suspense\n' +
    '    at ViewProvider (/Users/kartikaysharma/Desktop/Projects/Vibecode /Macro/MacroDashboard/src/context/ViewContext.tsx:8:25)\n' +
    '    at _HelmetProvider (/Users/kartikaysharma/Desktop/Projects/Vibecode /Macro/MacroDashboard/node_modules/react-helmet-async/lib/index.js:483:5)\n' +
    '    at DefaultPropsProvider (/Users/kartikaysharma/Desktop/Projects/Vibecode /Macro/MacroDashboard/node_modules/@mui/system/DefaultPropsProvider/DefaultPropsProvider.js:18:3)\n' +
    '    at RtlProvider (/Users/kartikaysharma/Desktop/Projects/Vibecode /Macro/MacroDashboard/node_modules/@mui/system/RtlProvider/index.js:19:7)\n' +
    '    at ThemeProvider (/Users/kartikaysharma/Desktop/Projects/Vibecode /Macro/MacroDashboard/node_modules/@mui/private-theming/node/ThemeProvider/ThemeProvider.js:39:5)\n' +
    '    at ThemeProvider (/Users/kartikaysharma/Desktop/Projects/Vibecode /Macro/MacroDashboard/node_modules/@mui/system/ThemeProvider/ThemeProvider.js:53:5)\n' +
    '    at ThemeProvider (/Users/kartikaysharma/Desktop/Projects/Vibecode /Macro/MacroDashboard/node_modules/@mui/material/node/styles/ThemeProvider.js:21:14)\n' +
    '    at QueryClientProvider (file:///Users/kartikaysharma/Desktop/Projects/Vibecode%20/Macro/MacroDashboard/node_modules/@tanstack/react-query/build/modern/QueryClientProvider.js:20:3)\n' +
    '    at Router (file:///Users/kartikaysharma/Desktop/Projects/Vibecode%20/Macro/MacroDashboard/node_modules/react-router/dist/development/chunk-JZWAC4HX.mjs:6594:13)\n' +
    '    at MemoryRouter (file:///Users/kartikaysharma/Desktop/Projects/Vibecode%20/Macro/MacroDashboard/node_modules/react-router/dist/development/chunk-JZWAC4HX.mjs:6510:3)\n' +
    '    at TestWrapper (/Users/kartikaysharma/Desktop/Projects/Vibecode /Macro/MacroDashboard/src/smoke.test.tsx:73:24)'
}

ReferenceError: IntersectionObserver is not defined
    at /Users/kartikaysharma/Desktop/Projects/Vibecode /Macro/MacroDashboard/src/hooks/useIntersectionObserver.ts:14:26
    at commitHookEffectListMount (/Users/kartikaysharma/Desktop/Projects/Vibecode /Macro/MacroDashboard/node_modules/react-dom/cjs/react-dom.development.js:23189:26)
    at commitPassiveMountOnFiber (/Users/kartikaysharma/Desktop/Projects/Vibecode /Macro/MacroDashboard/node_modules/react-dom/cjs/react-dom.development.js:24970:11)
    at commitPassiveMountEffects_complete (/Users/kartikaysharma/Desktop/Projects/Vibecode /Macro/MacroDashboard/node_modules/react-dom/cjs/react-dom.development.js:24930:9)
    at commitPassiveMountEffects_begin (/Users/kartikaysharma/Desktop/Projects/Vibecode /Macro/MacroDashboard/node_modules/react-dom/cjs/react-dom.development.js:24917:7)
    at commitPassiveMountEffects (/Users/kartikaysharma/Desktop/Projects/Vibecode /Macro/MacroDashboard/node_modules/react-dom/cjs/react-dom.development.js:24905:3)
    at flushPassiveEffectsImpl (/Users/kartikaysharma/Desktop/Projects/Vibecode /Macro/MacroDashboard/node_modules/react-dom/cjs/react-dom.development.js:27078:3)
    at flushPassiveEffects (/Users/kartikaysharma/Desktop/Projects/Vibecode /Macro/MacroDashboard/node_modules/react-dom/cjs/react-dom.development.js:27023:14)
    at /Users/kartikaysharma/Desktop/Projects/Vibecode /Macro/MacroDashboard/node_modules/react-dom/cjs/react-dom.development.js:26808:9
    at flushActQueue (/Users/kartikaysharma/Desktop/Projects/Vibecode /Macro/MacroDashboard/node_modules/react/cjs/react.development.js:2667:24)
ReferenceError: IntersectionObserver is not defined
    at /Users/kartikaysharma/Desktop/Projects/Vibecode /Macro/MacroDashboard/src/hooks/useIntersectionObserver.ts:14:26
    at commitHookEffectListMount (/Users/kartikaysharma/Desktop/Projects/Vibecode /Macro/MacroDashboard/node_modules/react-dom/cjs/react-dom.development.js:23189:26)
    at commitPassiveMountOnFiber (/Users/kartikaysharma/Desktop/Projects/Vibecode /Macro/MacroDashboard/node_modules/react-dom/cjs/react-dom.development.js:24970:11)
    at commitPassiveMountEffects_complete (/Users/kartikaysharma/Desktop/Projects/Vibecode /Macro/MacroDashboard/node_modules/react-dom/cjs/react-dom.development.js:24930:9)
    at commitPassiveMountEffects_begin (/Users/kartikaysharma/Desktop/Projects/Vibecode /Macro/MacroDashboard/node_modules/react-dom/cjs/react-dom.development.js:24917:7)
    at commitPassiveMountEffects (/Users/kartikaysharma/Desktop/Projects/Vibecode /Macro/MacroDashboard/node_modules/react-dom/cjs/react-dom.development.js:24905:3)
    at flushPassiveEffectsImpl (/Users/kartikaysharma/Desktop/Projects/Vibecode /Macro/MacroDashboard/node_modules/react-dom/cjs/react-dom.development.js:27078:3)
    at flushPassiveEffects (/Users/kartikaysharma/Desktop/Projects/Vibecode /Macro/MacroDashboard/node_modules/react-dom/cjs/react-dom.development.js:27023:14)
    at /Users/kartikaysharma/Desktop/Projects/Vibecode /Macro/MacroDashboard/node_modules/react-dom/cjs/react-dom.development.js:26808:9
    at flushActQueue (/Users/kartikaysharma/Desktop/Projects/Vibecode /Macro/MacroDashboard/node_modules/react/cjs/react.development.js:2667:24)
ReferenceError: IntersectionObserver is not defined
    at /Users/kartikaysharma/Desktop/Projects/Vibecode /Macro/MacroDashboard/src/hooks/useIntersectionObserver.ts:14:26
    at commitHookEffectListMount (/Users/kartikaysharma/Desktop/Projects/Vibecode /Macro/MacroDashboard/node_modules/react-dom/cjs/react-dom.development.js:23189:26)
    at commitPassiveMountOnFiber (/Users/kartikaysharma/Desktop/Projects/Vibecode /Macro/MacroDashboard/node_modules/react-dom/cjs/react-dom.development.js:24970:11)
    at commitPassiveMountEffects_complete (/Users/kartikaysharma/Desktop/Projects/Vibecode /Macro/MacroDashboard/node_modules/react-dom/cjs/react-dom.development.js:24930:9)
    at commitPassiveMountEffects_begin (/Users/kartikaysharma/Desktop/Projects/Vibecode /Macro/MacroDashboard/node_modules/react-dom/cjs/react-dom.development.js:24917:7)
    at commitPassiveMountEffects (/Users/kartikaysharma/Desktop/Projects/Vibecode /Macro/MacroDashboard/node_modules/react-dom/cjs/react-dom.development.js:24905:3)
    at flushPassiveEffectsImpl (/Users/kartikaysharma/Desktop/Projects/Vibecode /Macro/MacroDashboard/node_modules/react-dom/cjs/react-dom.development.js:27078:3)
    at flushPassiveEffects (/Users/kartikaysharma/Desktop/Projects/Vibecode /Macro/MacroDashboard/node_modules/react-dom/cjs/react-dom.development.js:27023:14)
    at /Users/kartikaysharma/Desktop/Projects/Vibecode /Macro/MacroDashboard/node_modules/react-dom/cjs/react-dom.development.js:26808:9
    at flushActQueue (/Users/kartikaysharma/Desktop/Projects/Vibecode /Macro/MacroDashboard/node_modules/react/cjs/react.development.js:2667:24)
ReferenceError: IntersectionObserver is not defined
    at /Users/kartikaysharma/Desktop/Projects/Vibecode /Macro/MacroDashboard/src/hooks/useIntersectionObserver.ts:14:26
    at commitHookEffectListMount (/Users/kartikaysharma/Desktop/Projects/Vibecode /Macro/MacroDashboard/node_modules/react-dom/cjs/react-dom.development.js:23189:26)
    at commitPassiveMountOnFiber (/Users/kartikaysharma/Desktop/Projects/Vibecode /Macro/MacroDashboard/node_modules/react-dom/cjs/react-dom.development.js:24970:11)
    at commitPassiveMountEffects_complete (/Users/kartikaysharma/Desktop/Projects/Vibecode /Macro/MacroDashboard/node_modules/react-dom/cjs/react-dom.development.js:24930:9)
    at commitPassiveMountEffects_begin (/Users/kartikaysharma/Desktop/Projects/Vibecode /Macro/MacroDashboard/node_modules/react-dom/cjs/react-dom.development.js:24917:7)
    at commitPassiveMountEffects (/Users/kartikaysharma/Desktop/Projects/Vibecode /Macro/MacroDashboard/node_modules/react-dom/cjs/react-dom.development.js:24905:3)
    at flushPassiveEffectsImpl (/Users/kartikaysharma/Desktop/Projects/Vibecode /Macro/MacroDashboard/node_modules/react-dom/cjs/react-dom.development.js:27078:3)
    at flushPassiveEffects (/Users/kartikaysharma/Desktop/Projects/Vibecode /Macro/MacroDashboard/node_modules/react-dom/cjs/react-dom.development.js:27023:14)
    at /Users/kartikaysharma/Desktop/Projects/Vibecode /Macro/MacroDashboard/node_modules/react-dom/cjs/react-dom.development.js:26808:9
    at flushActQueue (/Users/kartikaysharma/Desktop/Projects/Vibecode /Macro/MacroDashboard/node_modules/react/cjs/react.development.js:2667:24)
ReferenceError: IntersectionObserver is not defined
    at /Users/kartikaysharma/Desktop/Projects/Vibecode /Macro/MacroDashboard/src/hooks/useIntersectionObserver.ts:14:26
    at commitHookEffectListMount (/Users/kartikaysharma/Desktop/Projects/Vibecode /Macro/MacroDashboard/node_modules/react-dom/cjs/react-dom.development.js:23189:26)
    at commitPassiveMountOnFiber (/Users/kartikaysharma/Desktop/Projects/Vibecode /Macro/MacroDashboard/node_modules/react-dom/cjs/react-dom.development.js:24970:11)
    at commitPassiveMountEffects_complete (/Users/kartikaysharma/Desktop/Projects/Vibecode /Macro/MacroDashboard/node_modules/react-dom/cjs/react-dom.development.js:24930:9)
    at commitPassiveMountEffects_begin (/Users/kartikaysharma/Desktop/Projects/Vibecode /Macro/MacroDashboard/node_modules/react-dom/cjs/react-dom.development.js:24917:7)
    at commitPassiveMountEffects (/Users/kartikaysharma/Desktop/Projects/Vibecode /Macro/MacroDashboard/node_modules/react-dom/cjs/react-dom.development.js:24905:3)
    at flushPassiveEffectsImpl (/Users/kartikaysharma/Desktop/Projects/Vibecode /Macro/MacroDashboard/node_modules/react-dom/cjs/react-dom.development.js:27078:3)
    at flushPassiveEffects (/Users/kartikaysharma/Desktop/Projects/Vibecode /Macro/MacroDashboard/node_modules/react-dom/cjs/react-dom.development.js:27023:14)
    at /Users/kartikaysharma/Desktop/Projects/Vibecode /Macro/MacroDashboard/node_modules/react-dom/cjs/react-dom.development.js:26808:9
    at flushActQueue (/Users/kartikaysharma/Desktop/Projects/Vibecode /Macro/MacroDashboard/node_modules/react/cjs/react.development.js:2667:24)
ReferenceError: IntersectionObserver is not defined
    at /Users/kartikaysharma/Desktop/Projects/Vibecode /Macro/MacroDashboard/src/hooks/useIntersectionObserver.ts:14:26
    at commitHookEffectListMount (/Users/kartikaysharma/Desktop/Projects/Vibecode /Macro/MacroDashboard/node_modules/react-dom/cjs/react-dom.development.js:23189:26)
    at commitPassiveMountOnFiber (/Users/kartikaysharma/Desktop/Projects/Vibecode /Macro/MacroDashboard/node_modules/react-dom/cjs/react-dom.development.js:24970:11)
    at commitPassiveMountEffects_complete (/Users/kartikaysharma/Desktop/Projects/Vibecode /Macro/MacroDashboard/node_modules/react-dom/cjs/react-dom.development.js:24930:9)
    at commitPassiveMountEffects_begin (/Users/kartikaysharma/Desktop/Projects/Vibecode /Macro/MacroDashboard/node_modules/react-dom/cjs/react-dom.development.js:24917:7)
    at commitPassiveMountEffects (/Users/kartikaysharma/Desktop/Projects/Vibecode /Macro/MacroDashboard/node_modules/react-dom/cjs/react-dom.development.js:24905:3)
    at flushPassiveEffectsImpl (/Users/kartikaysharma/Desktop/Projects/Vibecode /Macro/MacroDashboard/node_modules/react-dom/cjs/react-dom.development.js:27078:3)
    at flushPassiveEffects (/Users/kartikaysharma/Desktop/Projects/Vibecode /Macro/MacroDashboard/node_modules/react-dom/cjs/react-dom.development.js:27023:14)
    at /Users/kartikaysharma/Desktop/Projects/Vibecode /Macro/MacroDashboard/node_modules/react-dom/cjs/react-dom.development.js:26808:9
    at flushActQueue (/Users/kartikaysharma/Desktop/Projects/Vibecode /Macro/MacroDashboard/node_modules/react/cjs/react.development.js:2667:24)
ReferenceError: IntersectionObserver is not defined
    at /Users/kartikaysharma/Desktop/Projects/Vibecode /Macro/MacroDashboard/src/hooks/useIntersectionObserver.ts:14:26
    at commitHookEffectListMount (/Users/kartikaysharma/Desktop/Projects/Vibecode /Macro/MacroDashboard/node_modules/react-dom/cjs/react-dom.development.js:23189:26)
    at commitPassiveMountOnFiber (/Users/kartikaysharma/Desktop/Projects/Vibecode /Macro/MacroDashboard/node_modules/react-dom/cjs/react-dom.development.js:24970:11)
    at commitPassiveMountEffects_complete (/Users/kartikaysharma/Desktop/Projects/Vibecode /Macro/MacroDashboard/node_modules/react-dom/cjs/react-dom.development.js:24930:9)
    at commitPassiveMountEffects_begin (/Users/kartikaysharma/Desktop/Projects/Vibecode /Macro/MacroDashboard/node_modules/react-dom/cjs/react-dom.development.js:24917:7)
    at commitPassiveMountEffects (/Users/kartikaysharma/Desktop/Projects/Vibecode /Macro/MacroDashboard/node_modules/react-dom/cjs/react-dom.development.js:24905:3)
    at flushPassiveEffectsImpl (/Users/kartikaysharma/Desktop/Projects/Vibecode /Macro/MacroDashboard/node_modules/react-dom/cjs/react-dom.development.js:27078:3)
    at flushPassiveEffects (/Users/kartikaysharma/Desktop/Projects/Vibecode /Macro/MacroDashboard/node_modules/react-dom/cjs/react-dom.development.js:27023:14)
    at /Users/kartikaysharma/Desktop/Projects/Vibecode /Macro/MacroDashboard/node_modules/react-dom/cjs/react-dom.development.js:26808:9
    at flushActQueue (/Users/kartikaysharma/Desktop/Projects/Vibecode /Macro/MacroDashboard/node_modules/react/cjs/react.development.js:2667:24)
ReferenceError: IntersectionObserver is not defined
    at /Users/kartikaysharma/Desktop/Projects/Vibecode /Macro/MacroDashboard/src/hooks/useIntersectionObserver.ts:14:26
    at commitHookEffectListMount (/Users/kartikaysharma/Desktop/Projects/Vibecode /Macro/MacroDashboard/node_modules/react-dom/cjs/react-dom.development.js:23189:26)
    at commitPassiveMountOnFiber (/Users/kartikaysharma/Desktop/Projects/Vibecode /Macro/MacroDashboard/node_modules/react-dom/cjs/react-dom.development.js:24970:11)
    at commitPassiveMountEffects_complete (/Users/kartikaysharma/Desktop/Projects/Vibecode /Macro/MacroDashboard/node_modules/react-dom/cjs/react-dom.development.js:24930:9)
    at commitPassiveMountEffects_begin (/Users/kartikaysharma/Desktop/Projects/Vibecode /Macro/MacroDashboard/node_modules/react-dom/cjs/react-dom.development.js:24917:7)
    at commitPassiveMountEffects (/Users/kartikaysharma/Desktop/Projects/Vibecode /Macro/MacroDashboard/node_modules/react-dom/cjs/react-dom.development.js:24905:3)
    at flushPassiveEffectsImpl (/Users/kartikaysharma/Desktop/Projects/Vibecode /Macro/MacroDashboard/node_modules/react-dom/cjs/react-dom.development.js:27078:3)
    at flushPassiveEffects (/Users/kartikaysharma/Desktop/Projects/Vibecode /Macro/MacroDashboard/node_modules/react-dom/cjs/react-dom.development.js:27023:14)
    at /Users/kartikaysharma/Desktop/Projects/Vibecode /Macro/MacroDashboard/node_modules/react-dom/cjs/react-dom.development.js:26808:9
    at flushActQueue (/Users/kartikaysharma/Desktop/Projects/Vibecode /Macro/MacroDashboard/node_modules/react/cjs/react.development.js:2667:24)
ReferenceError: IntersectionObserver is not defined
    at /Users/kartikaysharma/Desktop/Projects/Vibecode /Macro/MacroDashboard/src/hooks/useIntersectionObserver.ts:14:26
    at commitHookEffectListMount (/Users/kartikaysharma/Desktop/Projects/Vibecode /Macro/MacroDashboard/node_modules/react-dom/cjs/react-dom.development.js:23189:26)
    at commitPassiveMountOnFiber (/Users/kartikaysharma/Desktop/Projects/Vibecode /Macro/MacroDashboard/node_modules/react-dom/cjs/react-dom.development.js:24970:11)
    at commitPassiveMountEffects_complete (/Users/kartikaysharma/Desktop/Projects/Vibecode /Macro/MacroDashboard/node_modules/react-dom/cjs/react-dom.development.js:24930:9)
    at commitPassiveMountEffects_begin (/Users/kartikaysharma/Desktop/Projects/Vibecode /Macro/MacroDashboard/node_modules/react-dom/cjs/react-dom.development.js:24917:7)
    at commitPassiveMountEffects (/Users/kartikaysharma/Desktop/Projects/Vibecode /Macro/MacroDashboard/node_modules/react-dom/cjs/react-dom.development.js:24905:3)
    at flushPassiveEffectsImpl (/Users/kartikaysharma/Desktop/Projects/Vibecode /Macro/MacroDashboard/node_modules/react-dom/cjs/react-dom.development.js:27078:3)
    at flushPassiveEffects (/Users/kartikaysharma/Desktop/Projects/Vibecode /Macro/MacroDashboard/node_modules/react-dom/cjs/react-dom.development.js:27023:14)
    at /Users/kartikaysharma/Desktop/Projects/Vibecode /Macro/MacroDashboard/node_modules/react-dom/cjs/react-dom.development.js:26808:9
    at flushActQueue (/Users/kartikaysharma/Desktop/Projects/Vibecode /Macro/MacroDashboard/node_modules/react/cjs/react.development.js:2667:24)
ReferenceError: IntersectionObserver is not defined
    at /Users/kartikaysharma/Desktop/Projects/Vibecode /Macro/MacroDashboard/src/hooks/useIntersectionObserver.ts:14:26
    at commitHookEffectListMount (/Users/kartikaysharma/Desktop/Projects/Vibecode /Macro/MacroDashboard/node_modules/react-dom/cjs/react-dom.development.js:23189:26)
    at commitPassiveMountOnFiber (/Users/kartikaysharma/Desktop/Projects/Vibecode /Macro/MacroDashboard/node_modules/react-dom/cjs/react-dom.development.js:24970:11)
    at commitPassiveMountEffects_complete (/Users/kartikaysharma/Desktop/Projects/Vibecode /Macro/MacroDashboard/node_modules/react-dom/cjs/react-dom.development.js:24930:9)
    at commitPassiveMountEffects_begin (/Users/kartikaysharma/Desktop/Projects/Vibecode /Macro/MacroDashboard/node_modules/react-dom/cjs/react-dom.development.js:24917:7)
    at commitPassiveMountEffects (/Users/kartikaysharma/Desktop/Projects/Vibecode /Macro/MacroDashboard/node_modules/react-dom/cjs/react-dom.development.js:24905:3)
    at flushPassiveEffectsImpl (/Users/kartikaysharma/Desktop/Projects/Vibecode /Macro/MacroDashboard/node_modules/react-dom/cjs/react-dom.development.js:27078:3)
    at flushPassiveEffects (/Users/kartikaysharma/Desktop/Projects/Vibecode /Macro/MacroDashboard/node_modules/react-dom/cjs/react-dom.development.js:27023:14)
    at /Users/kartikaysharma/Desktop/Projects/Vibecode /Macro/MacroDashboard/node_modules/react-dom/cjs/react-dom.development.js:26808:9
    at flushActQueue (/Users/kartikaysharma/Desktop/Projects/Vibecode /Macro/MacroDashboard/node_modules/react/cjs/react.development.js:2667:24)
ReferenceError: IntersectionObserver is not defined
    at /Users/kartikaysharma/Desktop/Projects/Vibecode /Macro/MacroDashboard/src/hooks/useIntersectionObserver.ts:14:26
    at commitHookEffectListMount (/Users/kartikaysharma/Desktop/Projects/Vibecode /Macro/MacroDashboard/node_modules/react-dom/cjs/react-dom.development.js:23189:26)
    at commitPassiveMountOnFiber (/Users/kartikaysharma/Desktop/Projects/Vibecode /Macro/MacroDashboard/node_modules/react-dom/cjs/react-dom.development.js:24970:11)
    at commitPassiveMountEffects_complete (/Users/kartikaysharma/Desktop/Projects/Vibecode /Macro/MacroDashboard/node_modules/react-dom/cjs/react-dom.development.js:24930:9)
    at commitPassiveMountEffects_begin (/Users/kartikaysharma/Desktop/Projects/Vibecode /Macro/MacroDashboard/node_modules/react-dom/cjs/react-dom.development.js:24917:7)
    at commitPassiveMountEffects (/Users/kartikaysharma/Desktop/Projects/Vibecode /Macro/MacroDashboard/node_modules/react-dom/cjs/react-dom.development.js:24905:3)
    at flushPassiveEffectsImpl (/Users/kartikaysharma/Desktop/Projects/Vibecode /Macro/MacroDashboard/node_modules/react-dom/cjs/react-dom.development.js:27078:3)
    at flushPassiveEffects (/Users/kartikaysharma/Desktop/Projects/Vibecode /Macro/MacroDashboard/node_modules/react-dom/cjs/react-dom.development.js:27023:14)
    at /Users/kartikaysharma/Desktop/Projects/Vibecode /Macro/MacroDashboard/node_modules/react-dom/cjs/react-dom.development.js:26808:9
    at flushActQueue (/Users/kartikaysharma/Desktop/Projects/Vibecode /Macro/MacroDashboard/node_modules/react/cjs/react.development.js:2667:24)
stderr | src/smoke.test.tsx > Smoke Tests > renders USMacroFiscalLab page without crashing
The above error occurred in the <LazyRender> component:

    at LazyRender (/Users/kartikaysharma/Desktop/Projects/Vibecode /Macro/MacroDashboard/src/components/LazyRender.tsx:7:3)
    at SectionErrorBoundary (/Users/kartikaysharma/Desktop/Projects/Vibecode /Macro/MacroDashboard/src/components/SectionErrorBoundary.tsx:9:1)
    at section
    at div
    at div
    at USMacroFiscalLab
    at Suspense
    at ViewProvider (/Users/kartikaysharma/Desktop/Projects/Vibecode /Macro/MacroDashboard/src/context/ViewContext.tsx:8:25)
    at _HelmetProvider (/Users/kartikaysharma/Desktop/Projects/Vibecode /Macro/MacroDashboard/node_modules/react-helmet-async/lib/index.js:483:5)
    at DefaultPropsProvider (/Users/kartikaysharma/Desktop/Projects/Vibecode /Macro/MacroDashboard/node_modules/@mui/system/DefaultPropsProvider/DefaultPropsProvider.js:18:3)
    at RtlProvider (/Users/kartikaysharma/Desktop/Projects/Vibecode /Macro/MacroDashboard/node_modules/@mui/system/RtlProvider/index.js:19:7)
    at ThemeProvider (/Users/kartikaysharma/Desktop/Projects/Vibecode /Macro/MacroDashboard/node_modules/@mui/private-theming/node/ThemeProvider/ThemeProvider.js:39:5)
    at ThemeProvider (/Users/kartikaysharma/Desktop/Projects/Vibecode /Macro/MacroDashboard/node_modules/@mui/system/ThemeProvider/ThemeProvider.js:53:5)
    at ThemeProvider (/Users/kartikaysharma/Desktop/Projects/Vibecode /Macro/MacroDashboard/node_modules/@mui/material/node/styles/ThemeProvider.js:21:14)
    at QueryClientProvider (file:///Users/kartikaysharma/Desktop/Projects/Vibecode%20/Macro/MacroDashboard/node_modules/@tanstack/react-query/build/modern/QueryClientProvider.js:20:3)
    at Router (file:///Users/kartikaysharma/Desktop/Projects/Vibecode%20/Macro/MacroDashboard/node_modules/react-router/dist/development/chunk-JZWAC4HX.mjs:6594:13)
    at MemoryRouter (file:///Users/kartikaysharma/Desktop/Projects/Vibecode%20/Macro/MacroDashboard/node_modules/react-router/dist/development/chunk-JZWAC4HX.mjs:6510:3)
    at TestWrapper (/Users/kartikaysharma/Desktop/Projects/Vibecode /Macro/MacroDashboard/src/smoke.test.tsx:73:24)

React will try to recreate this component tree from scratch using the error boundary you provided, SectionErrorBoundary.
Error in section "US Debt Maturity Wall": ReferenceError: IntersectionObserver is not defined
    at /Users/kartikaysharma/Desktop/Projects/Vibecode /Macro/MacroDashboard/src/hooks/useIntersectionObserver.ts:14:26
    at commitHookEffectListMount (/Users/kartikaysharma/Desktop/Projects/Vibecode /Macro/MacroDashboard/node_modules/react-dom/cjs/react-dom.development.js:23189:26)
    at commitPassiveMountOnFiber (/Users/kartikaysharma/Desktop/Projects/Vibecode /Macro/MacroDashboard/node_modules/react-dom/cjs/react-dom.development.js:24970:11)
    at commitPassiveMountEffects_complete (/Users/kartikaysharma/Desktop/Projects/Vibecode /Macro/MacroDashboard/node_modules/react-dom/cjs/react-dom.development.js:24930:9)
    at commitPassiveMountEffects_begin (/Users/kartikaysharma/Desktop/Projects/Vibecode /Macro/MacroDashboard/node_modules/react-dom/cjs/react-dom.development.js:24917:7)
    at commitPassiveMountEffects (/Users/kartikaysharma/Desktop/Projects/Vibecode /Macro/MacroDashboard/node_modules/react-dom/cjs/react-dom.development.js:24905:3)
    at flushPassiveEffectsImpl (/Users/kartikaysharma/Desktop/Projects/Vibecode /Macro/MacroDashboard/node_modules/react-dom/cjs/react-dom.development.js:27078:3)
    at flushPassiveEffects (/Users/kartikaysharma/Desktop/Projects/Vibecode /Macro/MacroDashboard/node_modules/react-dom/cjs/react-dom.development.js:27023:14)
    at /Users/kartikaysharma/Desktop/Projects/Vibecode /Macro/MacroDashboard/node_modules/react-dom/cjs/react-dom.development.js:26808:9
    at flushActQueue (/Users/kartikaysharma/Desktop/Projects/Vibecode /Macro/MacroDashboard/node_modules/react/cjs/react.development.js:2667:24) {
  componentStack: '\n' +
    '    at LazyRender (/Users/kartikaysharma/Desktop/Projects/Vibecode /Macro/MacroDashboard/src/components/LazyRender.tsx:7:3)\n' +
    '    at SectionErrorBoundary (/Users/kartikaysharma/Desktop/Projects/Vibecode /Macro/MacroDashboard/src/components/SectionErrorBoundary.tsx:9:1)\n' +
    '    at section\n' +
    '    at div\n' +
    '    at div\n' +
    '    at USMacroFiscalLab\n' +
    '    at Suspense\n' +
    '    at ViewProvider (/Users/kartikaysharma/Desktop/Projects/Vibecode /Macro/MacroDashboard/src/context/ViewContext.tsx:8:25)\n' +
    '    at _HelmetProvider (/Users/kartikaysharma/Desktop/Projects/Vibecode /Macro/MacroDashboard/node_modules/react-helmet-async/lib/index.js:483:5)\n' +
    '    at DefaultPropsProvider (/Users/kartikaysharma/Desktop/Projects/Vibecode /Macro/MacroDashboard/node_modules/@mui/system/DefaultPropsProvider/DefaultPropsProvider.js:18:3)\n' +
    '    at RtlProvider (/Users/kartikaysharma/Desktop/Projects/Vibecode /Macro/MacroDashboard/node_modules/@mui/system/RtlProvider/index.js:19:7)\n' +
    '    at ThemeProvider (/Users/kartikaysharma/Desktop/Projects/Vibecode /Macro/MacroDashboard/node_modules/@mui/private-theming/node/ThemeProvider/ThemeProvider.js:39:5)\n' +
    '    at ThemeProvider (/Users/kartikaysharma/Desktop/Projects/Vibecode /Macro/MacroDashboard/node_modules/@mui/system/ThemeProvider/ThemeProvider.js:53:5)\n' +
    '    at ThemeProvider (/Users/kartikaysharma/Desktop/Projects/Vibecode /Macro/MacroDashboard/node_modules/@mui/material/node/styles/ThemeProvider.js:21:14)\n' +
    '    at QueryClientProvider (file:///Users/kartikaysharma/Desktop/Projects/Vibecode%20/Macro/MacroDashboard/node_modules/@tanstack/react-query/build/modern/QueryClientProvider.js:20:3)\n' +
    '    at Router (file:///Users/kartikaysharma/Desktop/Projects/Vibecode%20/Macro/MacroDashboard/node_modules/react-router/dist/development/chunk-JZWAC4HX.mjs:6594:13)\n' +
    '    at MemoryRouter (file:///Users/kartikaysharma/Desktop/Projects/Vibecode%20/Macro/MacroDashboard/node_modules/react-router/dist/development/chunk-JZWAC4HX.mjs:6510:3)\n' +
    '    at TestWrapper (/Users/kartikaysharma/Desktop/Projects/Vibecode /Macro/MacroDashboard/src/smoke.test.tsx:73:24)'
}
The above error occurred in the <LazyRender> component:

    at LazyRender (/Users/kartikaysharma/Desktop/Projects/Vibecode /Macro/MacroDashboard/src/components/LazyRender.tsx:7:3)
    at SectionErrorBoundary (/Users/kartikaysharma/Desktop/Projects/Vibecode /Macro/MacroDashboard/src/components/SectionErrorBoundary.tsx:9:1)
    at section
    at div
    at div
    at USMacroFiscalLab
    at Suspense
    at ViewProvider (/Users/kartikaysharma/Desktop/Projects/Vibecode /Macro/MacroDashboard/src/context/ViewContext.tsx:8:25)
    at _HelmetProvider (/Users/kartikaysharma/Desktop/Projects/Vibecode /Macro/MacroDashboard/node_modules/react-helmet-async/lib/index.js:483:5)
    at DefaultPropsProvider (/Users/kartikaysharma/Desktop/Projects/Vibecode /Macro/MacroDashboard/node_modules/@mui/system/DefaultPropsProvider/DefaultPropsProvider.js:18:3)
    at RtlProvider (/Users/kartikaysharma/Desktop/Projects/Vibecode /Macro/MacroDashboard/node_modules/@mui/system/RtlProvider/index.js:19:7)
    at ThemeProvider (/Users/kartikaysharma/Desktop/Projects/Vibecode /Macro/MacroDashboard/node_modules/@mui/private-theming/node/ThemeProvider/ThemeProvider.js:39:5)
    at ThemeProvider (/Users/kartikaysharma/Desktop/Projects/Vibecode /Macro/MacroDashboard/node_modules/@mui/system/ThemeProvider/ThemeProvider.js:53:5)
    at ThemeProvider (/Users/kartikaysharma/Desktop/Projects/Vibecode /Macro/MacroDashboard/node_modules/@mui/material/node/styles/ThemeProvider.js:21:14)
    at QueryClientProvider (file:///Users/kartikaysharma/Desktop/Projects/Vibecode%20/Macro/MacroDashboard/node_modules/@tanstack/react-query/build/modern/QueryClientProvider.js:20:3)
    at Router (file:///Users/kartikaysharma/Desktop/Projects/Vibecode%20/Macro/MacroDashboard/node_modules/react-router/dist/development/chunk-JZWAC4HX.mjs:6594:13)
    at MemoryRouter (file:///Users/kartikaysharma/Desktop/Projects/Vibecode%20/Macro/MacroDashboard/node_modules/react-router/dist/development/chunk-JZWAC4HX.mjs:6510:3)
    at TestWrapper (/Users/kartikaysharma/Desktop/Projects/Vibecode /Macro/MacroDashboard/src/smoke.test.tsx:73:24)

React will try to recreate this component tree from scratch using the error boundary you provided, SectionErrorBoundary.
Error in section "FED Debt Monetization & Yield Control Monitor": ReferenceError: IntersectionObserver is not defined
    at /Users/kartikaysharma/Desktop/Projects/Vibecode /Macro/MacroDashboard/src/hooks/useIntersectionObserver.ts:14:26
    at commitHookEffectListMount (/Users/kartikaysharma/Desktop/Projects/Vibecode /Macro/MacroDashboard/node_modules/react-dom/cjs/react-dom.development.js:23189:26)
    at commitPassiveMountOnFiber (/Users/kartikaysharma/Desktop/Projects/Vibecode /Macro/MacroDashboard/node_modules/react-dom/cjs/react-dom.development.js:24970:11)
    at commitPassiveMountEffects_complete (/Users/kartikaysharma/Desktop/Projects/Vibecode /Macro/MacroDashboard/node_modules/react-dom/cjs/react-dom.development.js:24930:9)
    at commitPassiveMountEffects_begin (/Users/kartikaysharma/Desktop/Projects/Vibecode /Macro/MacroDashboard/node_modules/react-dom/cjs/react-dom.development.js:24917:7)
    at commitPassiveMountEffects (/Users/kartikaysharma/Desktop/Projects/Vibecode /Macro/MacroDashboard/node_modules/react-dom/cjs/react-dom.development.js:24905:3)
    at flushPassiveEffectsImpl (/Users/kartikaysharma/Desktop/Projects/Vibecode /Macro/MacroDashboard/node_modules/react-dom/cjs/react-dom.development.js:27078:3)
    at flushPassiveEffects (/Users/kartikaysharma/Desktop/Projects/Vibecode /Macro/MacroDashboard/node_modules/react-dom/cjs/react-dom.development.js:27023:14)
    at /Users/kartikaysharma/Desktop/Projects/Vibecode /Macro/MacroDashboard/node_modules/react-dom/cjs/react-dom.development.js:26808:9
    at flushActQueue (/Users/kartikaysharma/Desktop/Projects/Vibecode /Macro/MacroDashboard/node_modules/react/cjs/react.development.js:2667:24) {
  componentStack: '\n' +
    '    at LazyRender (/Users/kartikaysharma/Desktop/Projects/Vibecode /Macro/MacroDashboard/src/components/LazyRender.tsx:7:3)\n' +
    '    at SectionErrorBoundary (/Users/kartikaysharma/Desktop/Projects/Vibecode /Macro/MacroDashboard/src/components/SectionErrorBoundary.tsx:9:1)\n' +
    '    at section\n' +
    '    at div\n' +
    '    at div\n' +
    '    at USMacroFiscalLab\n' +
    '    at Suspense\n' +
    '    at ViewProvider (/Users/kartikaysharma/Desktop/Projects/Vibecode /Macro/MacroDashboard/src/context/ViewContext.tsx:8:25)\n' +
    '    at _HelmetProvider (/Users/kartikaysharma/Desktop/Projects/Vibecode /Macro/MacroDashboard/node_modules/react-helmet-async/lib/index.js:483:5)\n' +
    '    at DefaultPropsProvider (/Users/kartikaysharma/Desktop/Projects/Vibecode /Macro/MacroDashboard/node_modules/@mui/system/DefaultPropsProvider/DefaultPropsProvider.js:18:3)\n' +
    '    at RtlProvider (/Users/kartikaysharma/Desktop/Projects/Vibecode /Macro/MacroDashboard/node_modules/@mui/system/RtlProvider/index.js:19:7)\n' +
    '    at ThemeProvider (/Users/kartikaysharma/Desktop/Projects/Vibecode /Macro/MacroDashboard/node_modules/@mui/private-theming/node/ThemeProvider/ThemeProvider.js:39:5)\n' +
    '    at ThemeProvider (/Users/kartikaysharma/Desktop/Projects/Vibecode /Macro/MacroDashboard/node_modules/@mui/system/ThemeProvider/ThemeProvider.js:53:5)\n' +
    '    at ThemeProvider (/Users/kartikaysharma/Desktop/Projects/Vibecode /Macro/MacroDashboard/node_modules/@mui/material/node/styles/ThemeProvider.js:21:14)\n' +
    '    at QueryClientProvider (file:///Users/kartikaysharma/Desktop/Projects/Vibecode%20/Macro/MacroDashboard/node_modules/@tanstack/react-query/build/modern/QueryClientProvider.js:20:3)\n' +
    '    at Router (file:///Users/kartikaysharma/Desktop/Projects/Vibecode%20/Macro/MacroDashboard/node_modules/react-router/dist/development/chunk-JZWAC4HX.mjs:6594:13)\n' +
    '    at MemoryRouter (file:///Users/kartikaysharma/Desktop/Projects/Vibecode%20/Macro/MacroDashboard/node_modules/react-router/dist/development/chunk-JZWAC4HX.mjs:6510:3)\n' +
    '    at TestWrapper (/Users/kartikaysharma/Desktop/Projects/Vibecode /Macro/MacroDashboard/src/smoke.test.tsx:73:24)'
}
The above error occurred in the <LazyRender> component:

    at LazyRender (/Users/kartikaysharma/Desktop/Projects/Vibecode /Macro/MacroDashboard/src/components/LazyRender.tsx:7:3)
    at SectionErrorBoundary (/Users/kartikaysharma/Desktop/Projects/Vibecode /Macro/MacroDashboard/src/components/SectionErrorBoundary.tsx:9:1)
    at section
    at div
    at div
    at USMacroFiscalLab
    at Suspense
    at ViewProvider (/Users/kartikaysharma/Desktop/Projects/Vibecode /Macro/MacroDashboard/src/context/ViewContext.tsx:8:25)
    at _HelmetProvider (/Users/kartikaysharma/Desktop/Projects/Vibecode /Macro/MacroDashboard/node_modules/react-helmet-async/lib/index.js:483:5)
    at DefaultPropsProvider (/Users/kartikaysharma/Desktop/Projects/Vibecode /Macro/MacroDashboard/node_modules/@mui/system/DefaultPropsProvider/DefaultPropsProvider.js:18:3)
    at RtlProvider (/Users/kartikaysharma/Desktop/Projects/Vibecode /Macro/MacroDashboard/node_modules/@mui/system/RtlProvider/index.js:19:7)
    at ThemeProvider (/Users/kartikaysharma/Desktop/Projects/Vibecode /Macro/MacroDashboard/node_modules/@mui/private-theming/node/ThemeProvider/ThemeProvider.js:39:5)
    at ThemeProvider (/Users/kartikaysharma/Desktop/Projects/Vibecode /Macro/MacroDashboard/node_modules/@mui/system/ThemeProvider/ThemeProvider.js:53:5)
    at ThemeProvider (/Users/kartikaysharma/Desktop/Projects/Vibecode /Macro/MacroDashboard/node_modules/@mui/material/node/styles/ThemeProvider.js:21:14)
    at QueryClientProvider (file:///Users/kartikaysharma/Desktop/Projects/Vibecode%20/Macro/MacroDashboard/node_modules/@tanstack/react-query/build/modern/QueryClientProvider.js:20:3)
    at Router (file:///Users/kartikaysharma/Desktop/Projects/Vibecode%20/Macro/MacroDashboard/node_modules/react-router/dist/development/chunk-JZWAC4HX.mjs:6594:13)
    at MemoryRouter (file:///Users/kartikaysharma/Desktop/Projects/Vibecode%20/Macro/MacroDashboard/node_modules/react-router/dist/development/chunk-JZWAC4HX.mjs:6510:3)
    at TestWrapper (/Users/kartikaysharma/Desktop/Projects/Vibecode /Macro/MacroDashboard/src/smoke.test.tsx:73:24)

React will try to recreate this component tree from scratch using the error boundary you provided, SectionErrorBoundary.
Error in section "US Fiscal Dominance Meter": ReferenceError: IntersectionObserver is not defined
    at /Users/kartikaysharma/Desktop/Projects/Vibecode /Macro/MacroDashboard/src/hooks/useIntersectionObserver.ts:14:26
    at commitHookEffectListMount (/Users/kartikaysharma/Desktop/Projects/Vibecode /Macro/MacroDashboard/node_modules/react-dom/cjs/react-dom.development.js:23189:26)
    at commitPassiveMountOnFiber (/Users/kartikaysharma/Desktop/Projects/Vibecode /Macro/MacroDashboard/node_modules/react-dom/cjs/react-dom.development.js:24970:11)
    at commitPassiveMountEffects_complete (/Users/kartikaysharma/Desktop/Projects/Vibecode /Macro/MacroDashboard/node_modules/react-dom/cjs/react-dom.development.js:24930:9)
    at commitPassiveMountEffects_begin (/Users/kartikaysharma/Desktop/Projects/Vibecode /Macro/MacroDashboard/node_modules/react-dom/cjs/react-dom.development.js:24917:7)
    at commitPassiveMountEffects (/Users/kartikaysharma/Desktop/Projects/Vibecode /Macro/MacroDashboard/node_modules/react-dom/cjs/react-dom.development.js:24905:3)
    at flushPassiveEffectsImpl (/Users/kartikaysharma/Desktop/Projects/Vibecode /Macro/MacroDashboard/node_modules/react-dom/cjs/react-dom.development.js:27078:3)
    at flushPassiveEffects (/Users/kartikaysharma/Desktop/Projects/Vibecode /Macro/MacroDashboard/node_modules/react-dom/cjs/react-dom.development.js:27023:14)
    at /Users/kartikaysharma/Desktop/Projects/Vibecode /Macro/MacroDashboard/node_modules/react-dom/cjs/react-dom.development.js:26808:9
    at flushActQueue (/Users/kartikaysharma/Desktop/Projects/Vibecode /Macro/MacroDashboard/node_modules/react/cjs/react.development.js:2667:24) {
  componentStack: '\n' +
    '    at LazyRender (/Users/kartikaysharma/Desktop/Projects/Vibecode /Macro/MacroDashboard/src/components/LazyRender.tsx:7:3)\n' +
    '    at SectionErrorBoundary (/Users/kartikaysharma/Desktop/Projects/Vibecode /Macro/MacroDashboard/src/components/SectionErrorBoundary.tsx:9:1)\n' +
    '    at section\n' +
    '    at div\n' +
    '    at div\n' +
    '    at USMacroFiscalLab\n' +
    '    at Suspense\n' +
    '    at ViewProvider (/Users/kartikaysharma/Desktop/Projects/Vibecode /Macro/MacroDashboard/src/context/ViewContext.tsx:8:25)\n' +
    '    at _HelmetProvider (/Users/kartikaysharma/Desktop/Projects/Vibecode /Macro/MacroDashboard/node_modules/react-helmet-async/lib/index.js:483:5)\n' +
    '    at DefaultPropsProvider (/Users/kartikaysharma/Desktop/Projects/Vibecode /Macro/MacroDashboard/node_modules/@mui/system/DefaultPropsProvider/DefaultPropsProvider.js:18:3)\n' +
    '    at RtlProvider (/Users/kartikaysharma/Desktop/Projects/Vibecode /Macro/MacroDashboard/node_modules/@mui/system/RtlProvider/index.js:19:7)\n' +
    '    at ThemeProvider (/Users/kartikaysharma/Desktop/Projects/Vibecode /Macro/MacroDashboard/node_modules/@mui/private-theming/node/ThemeProvider/ThemeProvider.js:39:5)\n' +
    '    at ThemeProvider (/Users/kartikaysharma/Desktop/Projects/Vibecode /Macro/MacroDashboard/node_modules/@mui/system/ThemeProvider/ThemeProvider.js:53:5)\n' +
    '    at ThemeProvider (/Users/kartikaysharma/Desktop/Projects/Vibecode /Macro/MacroDashboard/node_modules/@mui/material/node/styles/ThemeProvider.js:21:14)\n' +
    '    at QueryClientProvider (file:///Users/kartikaysharma/Desktop/Projects/Vibecode%20/Macro/MacroDashboard/node_modules/@tanstack/react-query/build/modern/QueryClientProvider.js:20:3)\n' +
    '    at Router (file:///Users/kartikaysharma/Desktop/Projects/Vibecode%20/Macro/MacroDashboard/node_modules/react-router/dist/development/chunk-JZWAC4HX.mjs:6594:13)\n' +
    '    at MemoryRouter (file:///Users/kartikaysharma/Desktop/Projects/Vibecode%20/Macro/MacroDashboard/node_modules/react-router/dist/development/chunk-JZWAC4HX.mjs:6510:3)\n' +
    '    at TestWrapper (/Users/kartikaysharma/Desktop/Projects/Vibecode /Macro/MacroDashboard/src/smoke.test.tsx:73:24)'
}
The above error occurred in the <LazyRender> component:

    at LazyRender (/Users/kartikaysharma/Desktop/Projects/Vibecode /Macro/MacroDashboard/src/components/LazyRender.tsx:7:3)
    at SectionErrorBoundary (/Users/kartikaysharma/Desktop/Projects/Vibecode /Macro/MacroDashboard/src/components/SectionErrorBoundary.tsx:9:1)
    at section
    at div
    at div
    at USMacroFiscalLab
    at Suspense
    at ViewProvider (/Users/kartikaysharma/Desktop/Projects/Vibecode /Macro/MacroDashboard/src/context/ViewContext.tsx:8:25)
    at _HelmetProvider (/Users/kartikaysharma/Desktop/Projects/Vibecode /Macro/MacroDashboard/node_modules/react-helmet-async/lib/index.js:483:5)
    at DefaultPropsProvider (/Users/kartikaysharma/Desktop/Projects/Vibecode /Macro/MacroDashboard/node_modules/@mui/system/DefaultPropsProvider/DefaultPropsProvider.js:18:3)
    at RtlProvider (/Users/kartikaysharma/Desktop/Projects/Vibecode /Macro/MacroDashboard/node_modules/@mui/system/RtlProvider/index.js:19:7)
    at ThemeProvider (/Users/kartikaysharma/Desktop/Projects/Vibecode /Macro/MacroDashboard/node_modules/@mui/private-theming/node/ThemeProvider/ThemeProvider.js:39:5)
    at ThemeProvider (/Users/kartikaysharma/Desktop/Projects/Vibecode /Macro/MacroDashboard/node_modules/@mui/system/ThemeProvider/ThemeProvider.js:53:5)
    at ThemeProvider (/Users/kartikaysharma/Desktop/Projects/Vibecode /Macro/MacroDashboard/node_modules/@mui/material/node/styles/ThemeProvider.js:21:14)
    at QueryClientProvider (file:///Users/kartikaysharma/Desktop/Projects/Vibecode%20/Macro/MacroDashboard/node_modules/@tanstack/react-query/build/modern/QueryClientProvider.js:20:3)
    at Router (file:///Users/kartikaysharma/Desktop/Projects/Vibecode%20/Macro/MacroDashboard/node_modules/react-router/dist/development/chunk-JZWAC4HX.mjs:6594:13)
    at MemoryRouter (file:///Users/kartikaysharma/Desktop/Projects/Vibecode%20/Macro/MacroDashboard/node_modules/react-router/dist/development/chunk-JZWAC4HX.mjs:6510:3)
    at TestWrapper (/Users/kartikaysharma/Desktop/Projects/Vibecode /Macro/MacroDashboard/src/smoke.test.tsx:73:24)

React will try to recreate this component tree from scratch using the error boundary you provided, SectionErrorBoundary.
Error in section "Funding Plumbing Stress": ReferenceError: IntersectionObserver is not defined
    at /Users/kartikaysharma/Desktop/Projects/Vibecode /Macro/MacroDashboard/src/hooks/useIntersectionObserver.ts:14:26
    at commitHookEffectListMount (/Users/kartikaysharma/Desktop/Projects/Vibecode /Macro/MacroDashboard/node_modules/react-dom/cjs/react-dom.development.js:23189:26)
    at commitPassiveMountOnFiber (/Users/kartikaysharma/Desktop/Projects/Vibecode /Macro/MacroDashboard/node_modules/react-dom/cjs/react-dom.development.js:24970:11)
    at commitPassiveMountEffects_complete (/Users/kartikaysharma/Desktop/Projects/Vibecode /Macro/MacroDashboard/node_modules/react-dom/cjs/react-dom.development.js:24930:9)
    at commitPassiveMountEffects_begin (/Users/kartikaysharma/Desktop/Projects/Vibecode /Macro/MacroDashboard/node_modules/react-dom/cjs/react-dom.development.js:24917:7)
    at commitPassiveMountEffects (/Users/kartikaysharma/Desktop/Projects/Vibecode /Macro/MacroDashboard/node_modules/react-dom/cjs/react-dom.development.js:24905:3)
    at flushPassiveEffectsImpl (/Users/kartikaysharma/Desktop/Projects/Vibecode /Macro/MacroDashboard/node_modules/react-dom/cjs/react-dom.development.js:27078:3)
    at flushPassiveEffects (/Users/kartikaysharma/Desktop/Projects/Vibecode /Macro/MacroDashboard/node_modules/react-dom/cjs/react-dom.development.js:27023:14)
    at /Users/kartikaysharma/Desktop/Projects/Vibecode /Macro/MacroDashboard/node_modules/react-dom/cjs/react-dom.development.js:26808:9
    at flushActQueue (/Users/kartikaysharma/Desktop/Projects/Vibecode /Macro/MacroDashboard/node_modules/react/cjs/react.development.js:2667:24) {
  componentStack: '\n' +
    '    at LazyRender (/Users/kartikaysharma/Desktop/Projects/Vibecode /Macro/MacroDashboard/src/components/LazyRender.tsx:7:3)\n' +
    '    at SectionErrorBoundary (/Users/kartikaysharma/Desktop/Projects/Vibecode /Macro/MacroDashboard/src/components/SectionErrorBoundary.tsx:9:1)\n' +
    '    at section\n' +
    '    at div\n' +
    '    at div\n' +
    '    at USMacroFiscalLab\n' +
    '    at Suspense\n' +
    '    at ViewProvider (/Users/kartikaysharma/Desktop/Projects/Vibecode /Macro/MacroDashboard/src/context/ViewContext.tsx:8:25)\n' +
    '    at _HelmetProvider (/Users/kartikaysharma/Desktop/Projects/Vibecode /Macro/MacroDashboard/node_modules/react-helmet-async/lib/index.js:483:5)\n' +
    '    at DefaultPropsProvider (/Users/kartikaysharma/Desktop/Projects/Vibecode /Macro/MacroDashboard/node_modules/@mui/system/DefaultPropsProvider/DefaultPropsProvider.js:18:3)\n' +
    '    at RtlProvider (/Users/kartikaysharma/Desktop/Projects/Vibecode /Macro/MacroDashboard/node_modules/@mui/system/RtlProvider/index.js:19:7)\n' +
    '    at ThemeProvider (/Users/kartikaysharma/Desktop/Projects/Vibecode /Macro/MacroDashboard/node_modules/@mui/private-theming/node/ThemeProvider/ThemeProvider.js:39:5)\n' +
    '    at ThemeProvider (/Users/kartikaysharma/Desktop/Projects/Vibecode /Macro/MacroDashboard/node_modules/@mui/system/ThemeProvider/ThemeProvider.js:53:5)\n' +
    '    at ThemeProvider (/Users/kartikaysharma/Desktop/Projects/Vibecode /Macro/MacroDashboard/node_modules/@mui/material/node/styles/ThemeProvider.js:21:14)\n' +
    '    at QueryClientProvider (file:///Users/kartikaysharma/Desktop/Projects/Vibecode%20/Macro/MacroDashboard/node_modules/@tanstack/react-query/build/modern/QueryClientProvider.js:20:3)\n' +
    '    at Router (file:///Users/kartikaysharma/Desktop/Projects/Vibecode%20/Macro/MacroDashboard/node_modules/react-router/dist/development/chunk-JZWAC4HX.mjs:6594:13)\n' +
    '    at MemoryRouter (file:///Users/kartikaysharma/Desktop/Projects/Vibecode%20/Macro/MacroDashboard/node_modules/react-router/dist/development/chunk-JZWAC4HX.mjs:6510:3)\n' +
    '    at TestWrapper (/Users/kartikaysharma/Desktop/Projects/Vibecode /Macro/MacroDashboard/src/smoke.test.tsx:73:24)'
}
The above error occurred in the <LazyRender> component:

    at LazyRender (/Users/kartikaysharma/Desktop/Projects/Vibecode /Macro/MacroDashboard/src/components/LazyRender.tsx:7:3)
    at SectionErrorBoundary (/Users/kartikaysharma/Desktop/Projects/Vibecode /Macro/MacroDashboard/src/components/SectionErrorBoundary.tsx:9:1)
    at section
    at div
    at div
    at USMacroFiscalLab
    at Suspense
    at ViewProvider (/Users/kartikaysharma/Desktop/Projects/Vibecode /Macro/MacroDashboard/src/context/ViewContext.tsx:8:25)
    at _HelmetProvider (/Users/kartikaysharma/Desktop/Projects/Vibecode /Macro/MacroDashboard/node_modules/react-helmet-async/lib/index.js:483:5)
    at DefaultPropsProvider (/Users/kartikaysharma/Desktop/Projects/Vibecode /Macro/MacroDashboard/node_modules/@mui/system/DefaultPropsProvider/DefaultPropsProvider.js:18:3)
    at RtlProvider (/Users/kartikaysharma/Desktop/Projects/Vibecode /Macro/MacroDashboard/node_modules/@mui/system/RtlProvider/index.js:19:7)
    at ThemeProvider (/Users/kartikaysharma/Desktop/Projects/Vibecode /Macro/MacroDashboard/node_modules/@mui/private-theming/node/ThemeProvider/ThemeProvider.js:39:5)
    at ThemeProvider (/Users/kartikaysharma/Desktop/Projects/Vibecode /Macro/MacroDashboard/node_modules/@mui/system/ThemeProvider/ThemeProvider.js:53:5)
    at ThemeProvider (/Users/kartikaysharma/Desktop/Projects/Vibecode /Macro/MacroDashboard/node_modules/@mui/material/node/styles/ThemeProvider.js:21:14)
    at QueryClientProvider (file:///Users/kartikaysharma/Desktop/Projects/Vibecode%20/Macro/MacroDashboard/node_modules/@tanstack/react-query/build/modern/QueryClientProvider.js:20:3)
    at Router (file:///Users/kartikaysharma/Desktop/Projects/Vibecode%20/Macro/MacroDashboard/node_modules/react-router/dist/development/chunk-JZWAC4HX.mjs:6594:13)
    at MemoryRouter (file:///Users/kartikaysharma/Desktop/Projects/Vibecode%20/Macro/MacroDashboard/node_modules/react-router/dist/development/chunk-JZWAC4HX.mjs:6510:3)
    at TestWrapper (/Users/kartikaysharma/Desktop/Projects/Vibecode /Macro/MacroDashboard/src/smoke.test.tsx:73:24)

React will try to recreate this component tree from scratch using the error boundary you provided, SectionErrorBoundary.
Error in section "Treasury Demand Gauge": ReferenceError: IntersectionObserver is not defined
    at /Users/kartikaysharma/Desktop/Projects/Vibecode /Macro/MacroDashboard/src/hooks/useIntersectionObserver.ts:14:26
    at commitHookEffectListMount (/Users/kartikaysharma/Desktop/Projects/Vibecode /Macro/MacroDashboard/node_modules/react-dom/cjs/react-dom.development.js:23189:26)
    at commitPassiveMountOnFiber (/Users/kartikaysharma/Desktop/Projects/Vibecode /Macro/MacroDashboard/node_modules/react-dom/cjs/react-dom.development.js:24970:11)
    at commitPassiveMountEffects_complete (/Users/kartikaysharma/Desktop/Projects/Vibecode /Macro/MacroDashboard/node_modules/react-dom/cjs/react-dom.development.js:24930:9)
    at commitPassiveMountEffects_begin (/Users/kartikaysharma/Desktop/Projects/Vibecode /Macro/MacroDashboard/node_modules/react-dom/cjs/react-dom.development.js:24917:7)
    at commitPassiveMountEffects (/Users/kartikaysharma/Desktop/Projects/Vibecode /Macro/MacroDashboard/node_modules/react-dom/cjs/react-dom.development.js:24905:3)
    at flushPassiveEffectsImpl (/Users/kartikaysharma/Desktop/Projects/Vibecode /Macro/MacroDashboard/node_modules/react-dom/cjs/react-dom.development.js:27078:3)
    at flushPassiveEffects (/Users/kartikaysharma/Desktop/Projects/Vibecode /Macro/MacroDashboard/node_modules/react-dom/cjs/react-dom.development.js:27023:14)
    at /Users/kartikaysharma/Desktop/Projects/Vibecode /Macro/MacroDashboard/node_modules/react-dom/cjs/react-dom.development.js:26808:9
    at flushActQueue (/Users/kartikaysharma/Desktop/Projects/Vibecode /Macro/MacroDashboard/node_modules/react/cjs/react.development.js:2667:24) {
  componentStack: '\n' +
    '    at LazyRender (/Users/kartikaysharma/Desktop/Projects/Vibecode /Macro/MacroDashboard/src/components/LazyRender.tsx:7:3)\n' +
    '    at SectionErrorBoundary (/Users/kartikaysharma/Desktop/Projects/Vibecode /Macro/MacroDashboard/src/components/SectionErrorBoundary.tsx:9:1)\n' +
    '    at section\n' +
    '    at div\n' +
    '    at div\n' +
    '    at USMacroFiscalLab\n' +
    '    at Suspense\n' +
    '    at ViewProvider (/Users/kartikaysharma/Desktop/Projects/Vibecode /Macro/MacroDashboard/src/context/ViewContext.tsx:8:25)\n' +
    '    at _HelmetProvider (/Users/kartikaysharma/Desktop/Projects/Vibecode /Macro/MacroDashboard/node_modules/react-helmet-async/lib/index.js:483:5)\n' +
    '    at DefaultPropsProvider (/Users/kartikaysharma/Desktop/Projects/Vibecode /Macro/MacroDashboard/node_modules/@mui/system/DefaultPropsProvider/DefaultPropsProvider.js:18:3)\n' +
    '    at RtlProvider (/Users/kartikaysharma/Desktop/Projects/Vibecode /Macro/MacroDashboard/node_modules/@mui/system/RtlProvider/index.js:19:7)\n' +
    '    at ThemeProvider (/Users/kartikaysharma/Desktop/Projects/Vibecode /Macro/MacroDashboard/node_modules/@mui/private-theming/node/ThemeProvider/ThemeProvider.js:39:5)\n' +
    '    at ThemeProvider (/Users/kartikaysharma/Desktop/Projects/Vibecode /Macro/MacroDashboard/node_modules/@mui/system/ThemeProvider/ThemeProvider.js:53:5)\n' +
    '    at ThemeProvider (/Users/kartikaysharma/Desktop/Projects/Vibecode /Macro/MacroDashboard/node_modules/@mui/material/node/styles/ThemeProvider.js:21:14)\n' +
    '    at QueryClientProvider (file:///Users/kartikaysharma/Desktop/Projects/Vibecode%20/Macro/MacroDashboard/node_modules/@tanstack/react-query/build/modern/QueryClientProvider.js:20:3)\n' +
    '    at Router (file:///Users/kartikaysharma/Desktop/Projects/Vibecode%20/Macro/MacroDashboard/node_modules/react-router/dist/development/chunk-JZWAC4HX.mjs:6594:13)\n' +
    '    at MemoryRouter (file:///Users/kartikaysharma/Desktop/Projects/Vibecode%20/Macro/MacroDashboard/node_modules/react-router/dist/development/chunk-JZWAC4HX.mjs:6510:3)\n' +
    '    at TestWrapper (/Users/kartikaysharma/Desktop/Projects/Vibecode /Macro/MacroDashboard/src/smoke.test.tsx:73:24)'
}
The above error occurred in the <LazyRender> component:

    at LazyRender (/Users/kartikaysharma/Desktop/Projects/Vibecode /Macro/MacroDashboard/src/components/LazyRender.tsx:7:3)
    at SectionErrorBoundary (/Users/kartikaysharma/Desktop/Projects/Vibecode /Macro/MacroDashboard/src/components/SectionErrorBoundary.tsx:9:1)
    at section
    at div
    at div
    at USMacroFiscalLab
    at Suspense
    at ViewProvider (/Users/kartikaysharma/Desktop/Projects/Vibecode /Macro/MacroDashboard/src/context/ViewContext.tsx:8:25)
    at _HelmetProvider (/Users/kartikaysharma/Desktop/Projects/Vibecode /Macro/MacroDashboard/node_modules/react-helmet-async/lib/index.js:483:5)
    at DefaultPropsProvider (/Users/kartikaysharma/Desktop/Projects/Vibecode /Macro/MacroDashboard/node_modules/@mui/system/DefaultPropsProvider/DefaultPropsProvider.js:18:3)
    at RtlProvider (/Users/kartikaysharma/Desktop/Projects/Vibecode /Macro/MacroDashboard/node_modules/@mui/system/RtlProvider/index.js:19:7)
    at ThemeProvider (/Users/kartikaysharma/Desktop/Projects/Vibecode /Macro/MacroDashboard/node_modules/@mui/private-theming/node/ThemeProvider/ThemeProvider.js:39:5)
    at ThemeProvider (/Users/kartikaysharma/Desktop/Projects/Vibecode /Macro/MacroDashboard/node_modules/@mui/system/ThemeProvider/ThemeProvider.js:53:5)
    at ThemeProvider (/Users/kartikaysharma/Desktop/Projects/Vibecode /Macro/MacroDashboard/node_modules/@mui/material/node/styles/ThemeProvider.js:21:14)
    at QueryClientProvider (file:///Users/kartikaysharma/Desktop/Projects/Vibecode%20/Macro/MacroDashboard/node_modules/@tanstack/react-query/build/modern/QueryClientProvider.js:20:3)
    at Router (file:///Users/kartikaysharma/Desktop/Projects/Vibecode%20/Macro/MacroDashboard/node_modules/react-router/dist/development/chunk-JZWAC4HX.mjs:6594:13)
    at MemoryRouter (file:///Users/kartikaysharma/Desktop/Projects/Vibecode%20/Macro/MacroDashboard/node_modules/react-router/dist/development/chunk-JZWAC4HX.mjs:6510:3)
    at TestWrapper (/Users/kartikaysharma/Desktop/Projects/Vibecode /Macro/MacroDashboard/src/smoke.test.tsx:73:24)

React will try to recreate this component tree from scratch using the error boundary you provided, SectionErrorBoundary.
Error in section "Offshore Dollar Stress": ReferenceError: IntersectionObserver is not defined
    at /Users/kartikaysharma/Desktop/Projects/Vibecode /Macro/MacroDashboard/src/hooks/useIntersectionObserver.ts:14:26
    at commitHookEffectListMount (/Users/kartikaysharma/Desktop/Projects/Vibecode /Macro/MacroDashboard/node_modules/react-dom/cjs/react-dom.development.js:23189:26)
    at commitPassiveMountOnFiber (/Users/kartikaysharma/Desktop/Projects/Vibecode /Macro/MacroDashboard/node_modules/react-dom/cjs/react-dom.development.js:24970:11)
    at commitPassiveMountEffects_complete (/Users/kartikaysharma/Desktop/Projects/Vibecode /Macro/MacroDashboard/node_modules/react-dom/cjs/react-dom.development.js:24930:9)
    at commitPassiveMountEffects_begin (/Users/kartikaysharma/Desktop/Projects/Vibecode /Macro/MacroDashboard/node_modules/react-dom/cjs/react-dom.development.js:24917:7)
    at commitPassiveMountEffects (/Users/kartikaysharma/Desktop/Projects/Vibecode /Macro/MacroDashboard/node_modules/react-dom/cjs/react-dom.development.js:24905:3)
    at flushPassiveEffectsImpl (/Users/kartikaysharma/Desktop/Projects/Vibecode /Macro/MacroDashboard/node_modules/react-dom/cjs/react-dom.development.js:27078:3)
    at flushPassiveEffects (/Users/kartikaysharma/Desktop/Projects/Vibecode /Macro/MacroDashboard/node_modules/react-dom/cjs/react-dom.development.js:27023:14)
    at /Users/kartikaysharma/Desktop/Projects/Vibecode /Macro/MacroDashboard/node_modules/react-dom/cjs/react-dom.development.js:26808:9
    at flushActQueue (/Users/kartikaysharma/Desktop/Projects/Vibecode /Macro/MacroDashboard/node_modules/react/cjs/react.development.js:2667:24) {
  componentStack: '\n' +
    '    at LazyRender (/Users/kartikaysharma/Desktop/Projects/Vibecode /Macro/MacroDashboard/src/components/LazyRender.tsx:7:3)\n' +
    '    at SectionErrorBoundary (/Users/kartikaysharma/Desktop/Projects/Vibecode /Macro/MacroDashboard/src/components/SectionErrorBoundary.tsx:9:1)\n' +
    '    at section\n' +
    '    at div\n' +
    '    at div\n' +
    '    at USMacroFiscalLab\n' +
    '    at Suspense\n' +
    '    at ViewProvider (/Users/kartikaysharma/Desktop/Projects/Vibecode /Macro/MacroDashboard/src/context/ViewContext.tsx:8:25)\n' +
    '    at _HelmetProvider (/Users/kartikaysharma/Desktop/Projects/Vibecode /Macro/MacroDashboard/node_modules/react-helmet-async/lib/index.js:483:5)\n' +
    '    at DefaultPropsProvider (/Users/kartikaysharma/Desktop/Projects/Vibecode /Macro/MacroDashboard/node_modules/@mui/system/DefaultPropsProvider/DefaultPropsProvider.js:18:3)\n' +
    '    at RtlProvider (/Users/kartikaysharma/Desktop/Projects/Vibecode /Macro/MacroDashboard/node_modules/@mui/system/RtlProvider/index.js:19:7)\n' +
    '    at ThemeProvider (/Users/kartikaysharma/Desktop/Projects/Vibecode /Macro/MacroDashboard/node_modules/@mui/private-theming/node/ThemeProvider/ThemeProvider.js:39:5)\n' +
    '    at ThemeProvider (/Users/kartikaysharma/Desktop/Projects/Vibecode /Macro/MacroDashboard/node_modules/@mui/system/ThemeProvider/ThemeProvider.js:53:5)\n' +
    '    at ThemeProvider (/Users/kartikaysharma/Desktop/Projects/Vibecode /Macro/MacroDashboard/node_modules/@mui/material/node/styles/ThemeProvider.js:21:14)\n' +
    '    at QueryClientProvider (file:///Users/kartikaysharma/Desktop/Projects/Vibecode%20/Macro/MacroDashboard/node_modules/@tanstack/react-query/build/modern/QueryClientProvider.js:20:3)\n' +
    '    at Router (file:///Users/kartikaysharma/Desktop/Projects/Vibecode%20/Macro/MacroDashboard/node_modules/react-router/dist/development/chunk-JZWAC4HX.mjs:6594:13)\n' +
    '    at MemoryRouter (file:///Users/kartikaysharma/Desktop/Projects/Vibecode%20/Macro/MacroDashboard/node_modules/react-router/dist/development/chunk-JZWAC4HX.mjs:6510:3)\n' +
    '    at TestWrapper (/Users/kartikaysharma/Desktop/Projects/Vibecode /Macro/MacroDashboard/src/smoke.test.tsx:73:24)'
}
The above error occurred in the <LazyRender> component:

    at LazyRender (/Users/kartikaysharma/Desktop/Projects/Vibecode /Macro/MacroDashboard/src/components/LazyRender.tsx:7:3)
    at SectionErrorBoundary (/Users/kartikaysharma/Desktop/Projects/Vibecode /Macro/MacroDashboard/src/components/SectionErrorBoundary.tsx:9:1)
    at section
    at div
    at div
    at USMacroFiscalLab
    at Suspense
    at ViewProvider (/Users/kartikaysharma/Desktop/Projects/Vibecode /Macro/MacroDashboard/src/context/ViewContext.tsx:8:25)
    at _HelmetProvider (/Users/kartikaysharma/Desktop/Projects/Vibecode /Macro/MacroDashboard/node_modules/react-helmet-async/lib/index.js:483:5)
    at DefaultPropsProvider (/Users/kartikaysharma/Desktop/Projects/Vibecode /Macro/MacroDashboard/node_modules/@mui/system/DefaultPropsProvider/DefaultPropsProvider.js:18:3)
    at RtlProvider (/Users/kartikaysharma/Desktop/Projects/Vibecode /Macro/MacroDashboard/node_modules/@mui/system/RtlProvider/index.js:19:7)
    at ThemeProvider (/Users/kartikaysharma/Desktop/Projects/Vibecode /Macro/MacroDashboard/node_modules/@mui/private-theming/node/ThemeProvider/ThemeProvider.js:39:5)
    at ThemeProvider (/Users/kartikaysharma/Desktop/Projects/Vibecode /Macro/MacroDashboard/node_modules/@mui/system/ThemeProvider/ThemeProvider.js:53:5)
    at ThemeProvider (/Users/kartikaysharma/Desktop/Projects/Vibecode /Macro/MacroDashboard/node_modules/@mui/material/node/styles/ThemeProvider.js:21:14)
    at QueryClientProvider (file:///Users/kartikaysharma/Desktop/Projects/Vibecode%20/Macro/MacroDashboard/node_modules/@tanstack/react-query/build/modern/QueryClientProvider.js:20:3)
    at Router (file:///Users/kartikaysharma/Desktop/Projects/Vibecode%20/Macro/MacroDashboard/node_modules/react-router/dist/development/chunk-JZWAC4HX.mjs:6594:13)
    at MemoryRouter (file:///Users/kartikaysharma/Desktop/Projects/Vibecode%20/Macro/MacroDashboard/node_modules/react-router/dist/development/chunk-JZWAC4HX.mjs:6510:3)
    at TestWrapper (/Users/kartikaysharma/Desktop/Projects/Vibecode /Macro/MacroDashboard/src/smoke.test.tsx:73:24)

React will try to recreate this component tree from scratch using the error boundary you provided, SectionErrorBoundary.
Error in section "Top Treasury Holders": ReferenceError: IntersectionObserver is not defined
    at /Users/kartikaysharma/Desktop/Projects/Vibecode /Macro/MacroDashboard/src/hooks/useIntersectionObserver.ts:14:26
    at commitHookEffectListMount (/Users/kartikaysharma/Desktop/Projects/Vibecode /Macro/MacroDashboard/node_modules/react-dom/cjs/react-dom.development.js:23189:26)
    at commitPassiveMountOnFiber (/Users/kartikaysharma/Desktop/Projects/Vibecode /Macro/MacroDashboard/node_modules/react-dom/cjs/react-dom.development.js:24970:11)
    at commitPassiveMountEffects_complete (/Users/kartikaysharma/Desktop/Projects/Vibecode /Macro/MacroDashboard/node_modules/react-dom/cjs/react-dom.development.js:24930:9)
    at commitPassiveMountEffects_begin (/Users/kartikaysharma/Desktop/Projects/Vibecode /Macro/MacroDashboard/node_modules/react-dom/cjs/react-dom.development.js:24917:7)
    at commitPassiveMountEffects (/Users/kartikaysharma/Desktop/Projects/Vibecode /Macro/MacroDashboard/node_modules/react-dom/cjs/react-dom.development.js:24905:3)
    at flushPassiveEffectsImpl (/Users/kartikaysharma/Desktop/Projects/Vibecode /Macro/MacroDashboard/node_modules/react-dom/cjs/react-dom.development.js:27078:3)
    at flushPassiveEffects (/Users/kartikaysharma/Desktop/Projects/Vibecode /Macro/MacroDashboard/node_modules/react-dom/cjs/react-dom.development.js:27023:14)
    at /Users/kartikaysharma/Desktop/Projects/Vibecode /Macro/MacroDashboard/node_modules/react-dom/cjs/react-dom.development.js:26808:9
    at flushActQueue (/Users/kartikaysharma/Desktop/Projects/Vibecode /Macro/MacroDashboard/node_modules/react/cjs/react.development.js:2667:24) {
  componentStack: '\n' +
    '    at LazyRender (/Users/kartikaysharma/Desktop/Projects/Vibecode /Macro/MacroDashboard/src/components/LazyRender.tsx:7:3)\n' +
    '    at SectionErrorBoundary (/Users/kartikaysharma/Desktop/Projects/Vibecode /Macro/MacroDashboard/src/components/SectionErrorBoundary.tsx:9:1)\n' +
    '    at section\n' +
    '    at div\n' +
    '    at div\n' +
    '    at USMacroFiscalLab\n' +
    '    at Suspense\n' +
    '    at ViewProvider (/Users/kartikaysharma/Desktop/Projects/Vibecode /Macro/MacroDashboard/src/context/ViewContext.tsx:8:25)\n' +
    '    at _HelmetProvider (/Users/kartikaysharma/Desktop/Projects/Vibecode /Macro/MacroDashboard/node_modules/react-helmet-async/lib/index.js:483:5)\n' +
    '    at DefaultPropsProvider (/Users/kartikaysharma/Desktop/Projects/Vibecode /Macro/MacroDashboard/node_modules/@mui/system/DefaultPropsProvider/DefaultPropsProvider.js:18:3)\n' +
    '    at RtlProvider (/Users/kartikaysharma/Desktop/Projects/Vibecode /Macro/MacroDashboard/node_modules/@mui/system/RtlProvider/index.js:19:7)\n' +
    '    at ThemeProvider (/Users/kartikaysharma/Desktop/Projects/Vibecode /Macro/MacroDashboard/node_modules/@mui/private-theming/node/ThemeProvider/ThemeProvider.js:39:5)\n' +
    '    at ThemeProvider (/Users/kartikaysharma/Desktop/Projects/Vibecode /Macro/MacroDashboard/node_modules/@mui/system/ThemeProvider/ThemeProvider.js:53:5)\n' +
    '    at ThemeProvider (/Users/kartikaysharma/Desktop/Projects/Vibecode /Macro/MacroDashboard/node_modules/@mui/material/node/styles/ThemeProvider.js:21:14)\n' +
    '    at QueryClientProvider (file:///Users/kartikaysharma/Desktop/Projects/Vibecode%20/Macro/MacroDashboard/node_modules/@tanstack/react-query/build/modern/QueryClientProvider.js:20:3)\n' +
    '    at Router (file:///Users/kartikaysharma/Desktop/Projects/Vibecode%20/Macro/MacroDashboard/node_modules/react-router/dist/development/chunk-JZWAC4HX.mjs:6594:13)\n' +
    '    at MemoryRouter (file:///Users/kartikaysharma/Desktop/Projects/Vibecode%20/Macro/MacroDashboard/node_modules/react-router/dist/development/chunk-JZWAC4HX.mjs:6510:3)\n' +
    '    at TestWrapper (/Users/kartikaysharma/Desktop/Projects/Vibecode /Macro/MacroDashboard/src/smoke.test.tsx:73:24)'
}
The above error occurred in the <LazyRender> component:

    at LazyRender (/Users/kartikaysharma/Desktop/Projects/Vibecode /Macro/MacroDashboard/src/components/LazyRender.tsx:7:3)
    at SectionErrorBoundary (/Users/kartikaysharma/Desktop/Projects/Vibecode /Macro/MacroDashboard/src/components/SectionErrorBoundary.tsx:9:1)
    at section
    at div
    at div
    at USMacroFiscalLab
    at Suspense
    at ViewProvider (/Users/kartikaysharma/Desktop/Projects/Vibecode /Macro/MacroDashboard/src/context/ViewContext.tsx:8:25)
    at _HelmetProvider (/Users/kartikaysharma/Desktop/Projects/Vibecode /Macro/MacroDashboard/node_modules/react-helmet-async/lib/index.js:483:5)
    at DefaultPropsProvider (/Users/kartikaysharma/Desktop/Projects/Vibecode /Macro/MacroDashboard/node_modules/@mui/system/DefaultPropsProvider/DefaultPropsProvider.js:18:3)
    at RtlProvider (/Users/kartikaysharma/Desktop/Projects/Vibecode /Macro/MacroDashboard/node_modules/@mui/system/RtlProvider/index.js:19:7)
    at ThemeProvider (/Users/kartikaysharma/Desktop/Projects/Vibecode /Macro/MacroDashboard/node_modules/@mui/private-theming/node/ThemeProvider/ThemeProvider.js:39:5)
    at ThemeProvider (/Users/kartikaysharma/Desktop/Projects/Vibecode /Macro/MacroDashboard/node_modules/@mui/system/ThemeProvider/ThemeProvider.js:53:5)
    at ThemeProvider (/Users/kartikaysharma/Desktop/Projects/Vibecode /Macro/MacroDashboard/node_modules/@mui/material/node/styles/ThemeProvider.js:21:14)
    at QueryClientProvider (file:///Users/kartikaysharma/Desktop/Projects/Vibecode%20/Macro/MacroDashboard/node_modules/@tanstack/react-query/build/modern/QueryClientProvider.js:20:3)
    at Router (file:///Users/kartikaysharma/Desktop/Projects/Vibecode%20/Macro/MacroDashboard/node_modules/react-router/dist/development/chunk-JZWAC4HX.mjs:6594:13)
    at MemoryRouter (file:///Users/kartikaysharma/Desktop/Projects/Vibecode%20/Macro/MacroDashboard/node_modules/react-router/dist/development/chunk-JZWAC4HX.mjs:6510:3)
    at TestWrapper (/Users/kartikaysharma/Desktop/Projects/Vibecode /Macro/MacroDashboard/src/smoke.test.tsx:73:24)

React will try to recreate this component tree from scratch using the error boundary you provided, SectionErrorBoundary.
Error in section "US Fiscal Comparison": ReferenceError: IntersectionObserver is not defined
    at /Users/kartikaysharma/Desktop/Projects/Vibecode /Macro/MacroDashboard/src/hooks/useIntersectionObserver.ts:14:26
    at commitHookEffectListMount (/Users/kartikaysharma/Desktop/Projects/Vibecode /Macro/MacroDashboard/node_modules/react-dom/cjs/react-dom.development.js:23189:26)
    at commitPassiveMountOnFiber (/Users/kartikaysharma/Desktop/Projects/Vibecode /Macro/MacroDashboard/node_modules/react-dom/cjs/react-dom.development.js:24970:11)
    at commitPassiveMountEffects_complete (/Users/kartikaysharma/Desktop/Projects/Vibecode /Macro/MacroDashboard/node_modules/react-dom/cjs/react-dom.development.js:24930:9)
    at commitPassiveMountEffects_begin (/Users/kartikaysharma/Desktop/Projects/Vibecode /Macro/MacroDashboard/node_modules/react-dom/cjs/react-dom.development.js:24917:7)
    at commitPassiveMountEffects (/Users/kartikaysharma/Desktop/Projects/Vibecode /Macro/MacroDashboard/node_modules/react-dom/cjs/react-dom.development.js:24905:3)
    at flushPassiveEffectsImpl (/Users/kartikaysharma/Desktop/Projects/Vibecode /Macro/MacroDashboard/node_modules/react-dom/cjs/react-dom.development.js:27078:3)
    at flushPassiveEffects (/Users/kartikaysharma/Desktop/Projects/Vibecode /Macro/MacroDashboard/node_modules/react-dom/cjs/react-dom.development.js:27023:14)
    at /Users/kartikaysharma/Desktop/Projects/Vibecode /Macro/MacroDashboard/node_modules/react-dom/cjs/react-dom.development.js:26808:9
    at flushActQueue (/Users/kartikaysharma/Desktop/Projects/Vibecode /Macro/MacroDashboard/node_modules/react/cjs/react.development.js:2667:24) {
  componentStack: '\n' +
    '    at LazyRender (/Users/kartikaysharma/Desktop/Projects/Vibecode /Macro/MacroDashboard/src/components/LazyRender.tsx:7:3)\n' +
    '    at SectionErrorBoundary (/Users/kartikaysharma/Desktop/Projects/Vibecode /Macro/MacroDashboard/src/components/SectionErrorBoundary.tsx:9:1)\n' +
    '    at section\n' +
    '    at div\n' +
    '    at div\n' +
    '    at USMacroFiscalLab\n' +
    '    at Suspense\n' +
    '    at ViewProvider (/Users/kartikaysharma/Desktop/Projects/Vibecode /Macro/MacroDashboard/src/context/ViewContext.tsx:8:25)\n' +
    '    at _HelmetProvider (/Users/kartikaysharma/Desktop/Projects/Vibecode /Macro/MacroDashboard/node_modules/react-helmet-async/lib/index.js:483:5)\n' +
    '    at DefaultPropsProvider (/Users/kartikaysharma/Desktop/Projects/Vibecode /Macro/MacroDashboard/node_modules/@mui/system/DefaultPropsProvider/DefaultPropsProvider.js:18:3)\n' +
    '    at RtlProvider (/Users/kartikaysharma/Desktop/Projects/Vibecode /Macro/MacroDashboard/node_modules/@mui/system/RtlProvider/index.js:19:7)\n' +
    '    at ThemeProvider (/Users/kartikaysharma/Desktop/Projects/Vibecode /Macro/MacroDashboard/node_modules/@mui/private-theming/node/ThemeProvider/ThemeProvider.js:39:5)\n' +
    '    at ThemeProvider (/Users/kartikaysharma/Desktop/Projects/Vibecode /Macro/MacroDashboard/node_modules/@mui/system/ThemeProvider/ThemeProvider.js:53:5)\n' +
    '    at ThemeProvider (/Users/kartikaysharma/Desktop/Projects/Vibecode /Macro/MacroDashboard/node_modules/@mui/material/node/styles/ThemeProvider.js:21:14)\n' +
    '    at QueryClientProvider (file:///Users/kartikaysharma/Desktop/Projects/Vibecode%20/Macro/MacroDashboard/node_modules/@tanstack/react-query/build/modern/QueryClientProvider.js:20:3)\n' +
    '    at Router (file:///Users/kartikaysharma/Desktop/Projects/Vibecode%20/Macro/MacroDashboard/node_modules/react-router/dist/development/chunk-JZWAC4HX.mjs:6594:13)\n' +
    '    at MemoryRouter (file:///Users/kartikaysharma/Desktop/Projects/Vibecode%20/Macro/MacroDashboard/node_modules/react-router/dist/development/chunk-JZWAC4HX.mjs:6510:3)\n' +
    '    at TestWrapper (/Users/kartikaysharma/Desktop/Projects/Vibecode /Macro/MacroDashboard/src/smoke.test.tsx:73:24)'
}
The above error occurred in the <LazyRender> component:

    at LazyRender (/Users/kartikaysharma/Desktop/Projects/Vibecode /Macro/MacroDashboard/src/components/LazyRender.tsx:7:3)
    at SectionErrorBoundary (/Users/kartikaysharma/Desktop/Projects/Vibecode /Macro/MacroDashboard/src/components/SectionErrorBoundary.tsx:9:1)
    at section
    at div
    at div
    at USMacroFiscalLab
    at Suspense
    at ViewProvider (/Users/kartikaysharma/Desktop/Projects/Vibecode /Macro/MacroDashboard/src/context/ViewContext.tsx:8:25)
    at _HelmetProvider (/Users/kartikaysharma/Desktop/Projects/Vibecode /Macro/MacroDashboard/node_modules/react-helmet-async/lib/index.js:483:5)
    at DefaultPropsProvider (/Users/kartikaysharma/Desktop/Projects/Vibecode /Macro/MacroDashboard/node_modules/@mui/system/DefaultPropsProvider/DefaultPropsProvider.js:18:3)
    at RtlProvider (/Users/kartikaysharma/Desktop/Projects/Vibecode /Macro/MacroDashboard/node_modules/@mui/system/RtlProvider/index.js:19:7)
    at ThemeProvider (/Users/kartikaysharma/Desktop/Projects/Vibecode /Macro/MacroDashboard/node_modules/@mui/private-theming/node/ThemeProvider/ThemeProvider.js:39:5)
    at ThemeProvider (/Users/kartikaysharma/Desktop/Projects/Vibecode /Macro/MacroDashboard/node_modules/@mui/system/ThemeProvider/ThemeProvider.js:53:5)
    at ThemeProvider (/Users/kartikaysharma/Desktop/Projects/Vibecode /Macro/MacroDashboard/node_modules/@mui/material/node/styles/ThemeProvider.js:21:14)
    at QueryClientProvider (file:///Users/kartikaysharma/Desktop/Projects/Vibecode%20/Macro/MacroDashboard/node_modules/@tanstack/react-query/build/modern/QueryClientProvider.js:20:3)
    at Router (file:///Users/kartikaysharma/Desktop/Projects/Vibecode%20/Macro/MacroDashboard/node_modules/react-router/dist/development/chunk-JZWAC4HX.mjs:6594:13)
    at MemoryRouter (file:///Users/kartikaysharma/Desktop/Projects/Vibecode%20/Macro/MacroDashboard/node_modules/react-router/dist/development/chunk-JZWAC4HX.mjs:6510:3)
    at TestWrapper (/Users/kartikaysharma/Desktop/Projects/Vibecode /Macro/MacroDashboard/src/smoke.test.tsx:73:24)

React will try to recreate this component tree from scratch using the error boundary you provided, SectionErrorBoundary.
Error in section "US Macro Pulse": ReferenceError: IntersectionObserver is not defined
    at /Users/kartikaysharma/Desktop/Projects/Vibecode /Macro/MacroDashboard/src/hooks/useIntersectionObserver.ts:14:26
    at commitHookEffectListMount (/Users/kartikaysharma/Desktop/Projects/Vibecode /Macro/MacroDashboard/node_modules/react-dom/cjs/react-dom.development.js:23189:26)
    at commitPassiveMountOnFiber (/Users/kartikaysharma/Desktop/Projects/Vibecode /Macro/MacroDashboard/node_modules/react-dom/cjs/react-dom.development.js:24970:11)
    at commitPassiveMountEffects_complete (/Users/kartikaysharma/Desktop/Projects/Vibecode /Macro/MacroDashboard/node_modules/react-dom/cjs/react-dom.development.js:24930:9)
    at commitPassiveMountEffects_begin (/Users/kartikaysharma/Desktop/Projects/Vibecode /Macro/MacroDashboard/node_modules/react-dom/cjs/react-dom.development.js:24917:7)
    at commitPassiveMountEffects (/Users/kartikaysharma/Desktop/Projects/Vibecode /Macro/MacroDashboard/node_modules/react-dom/cjs/react-dom.development.js:24905:3)
    at flushPassiveEffectsImpl (/Users/kartikaysharma/Desktop/Projects/Vibecode /Macro/MacroDashboard/node_modules/react-dom/cjs/react-dom.development.js:27078:3)
    at flushPassiveEffects (/Users/kartikaysharma/Desktop/Projects/Vibecode /Macro/MacroDashboard/node_modules/react-dom/cjs/react-dom.development.js:27023:14)
    at /Users/kartikaysharma/Desktop/Projects/Vibecode /Macro/MacroDashboard/node_modules/react-dom/cjs/react-dom.development.js:26808:9
    at flushActQueue (/Users/kartikaysharma/Desktop/Projects/Vibecode /Macro/MacroDashboard/node_modules/react/cjs/react.development.js:2667:24) {
  componentStack: '\n' +
    '    at LazyRender (/Users/kartikaysharma/Desktop/Projects/Vibecode /Macro/MacroDashboard/src/components/LazyRender.tsx:7:3)\n' +
    '    at SectionErrorBoundary (/Users/kartikaysharma/Desktop/Projects/Vibecode /Macro/MacroDashboard/src/components/SectionErrorBoundary.tsx:9:1)\n' +
    '    at section\n' +
    '    at div\n' +
    '    at div\n' +
    '    at USMacroFiscalLab\n' +
    '    at Suspense\n' +
    '    at ViewProvider (/Users/kartikaysharma/Desktop/Projects/Vibecode /Macro/MacroDashboard/src/context/ViewContext.tsx:8:25)\n' +
    '    at _HelmetProvider (/Users/kartikaysharma/Desktop/Projects/Vibecode /Macro/MacroDashboard/node_modules/react-helmet-async/lib/index.js:483:5)\n' +
    '    at DefaultPropsProvider (/Users/kartikaysharma/Desktop/Projects/Vibecode /Macro/MacroDashboard/node_modules/@mui/system/DefaultPropsProvider/DefaultPropsProvider.js:18:3)\n' +
    '    at RtlProvider (/Users/kartikaysharma/Desktop/Projects/Vibecode /Macro/MacroDashboard/node_modules/@mui/system/RtlProvider/index.js:19:7)\n' +
    '    at ThemeProvider (/Users/kartikaysharma/Desktop/Projects/Vibecode /Macro/MacroDashboard/node_modules/@mui/private-theming/node/ThemeProvider/ThemeProvider.js:39:5)\n' +
    '    at ThemeProvider (/Users/kartikaysharma/Desktop/Projects/Vibecode /Macro/MacroDashboard/node_modules/@mui/system/ThemeProvider/ThemeProvider.js:53:5)\n' +
    '    at ThemeProvider (/Users/kartikaysharma/Desktop/Projects/Vibecode /Macro/MacroDashboard/node_modules/@mui/material/node/styles/ThemeProvider.js:21:14)\n' +
    '    at QueryClientProvider (file:///Users/kartikaysharma/Desktop/Projects/Vibecode%20/Macro/MacroDashboard/node_modules/@tanstack/react-query/build/modern/QueryClientProvider.js:20:3)\n' +
    '    at Router (file:///Users/kartikaysharma/Desktop/Projects/Vibecode%20/Macro/MacroDashboard/node_modules/react-router/dist/development/chunk-JZWAC4HX.mjs:6594:13)\n' +
    '    at MemoryRouter (file:///Users/kartikaysharma/Desktop/Projects/Vibecode%20/Macro/MacroDashboard/node_modules/react-router/dist/development/chunk-JZWAC4HX.mjs:6510:3)\n' +
    '    at TestWrapper (/Users/kartikaysharma/Desktop/Projects/Vibecode /Macro/MacroDashboard/src/smoke.test.tsx:73:24)'
}
The above error occurred in the <LazyRender> component:

    at LazyRender (/Users/kartikaysharma/Desktop/Projects/Vibecode /Macro/MacroDashboard/src/components/LazyRender.tsx:7:3)
    at SectionErrorBoundary (/Users/kartikaysharma/Desktop/Projects/Vibecode /Macro/MacroDashboard/src/components/SectionErrorBoundary.tsx:9:1)
    at section
    at div
    at div
    at USMacroFiscalLab
    at Suspense
    at ViewProvider (/Users/kartikaysharma/Desktop/Projects/Vibecode /Macro/MacroDashboard/src/context/ViewContext.tsx:8:25)
    at _HelmetProvider (/Users/kartikaysharma/Desktop/Projects/Vibecode /Macro/MacroDashboard/node_modules/react-helmet-async/lib/index.js:483:5)
    at DefaultPropsProvider (/Users/kartikaysharma/Desktop/Projects/Vibecode /Macro/MacroDashboard/node_modules/@mui/system/DefaultPropsProvider/DefaultPropsProvider.js:18:3)
    at RtlProvider (/Users/kartikaysharma/Desktop/Projects/Vibecode /Macro/MacroDashboard/node_modules/@mui/system/RtlProvider/index.js:19:7)
    at ThemeProvider (/Users/kartikaysharma/Desktop/Projects/Vibecode /Macro/MacroDashboard/node_modules/@mui/private-theming/node/ThemeProvider/ThemeProvider.js:39:5)
    at ThemeProvider (/Users/kartikaysharma/Desktop/Projects/Vibecode /Macro/MacroDashboard/node_modules/@mui/system/ThemeProvider/ThemeProvider.js:53:5)
    at ThemeProvider (/Users/kartikaysharma/Desktop/Projects/Vibecode /Macro/MacroDashboard/node_modules/@mui/material/node/styles/ThemeProvider.js:21:14)
    at QueryClientProvider (file:///Users/kartikaysharma/Desktop/Projects/Vibecode%20/Macro/MacroDashboard/node_modules/@tanstack/react-query/build/modern/QueryClientProvider.js:20:3)
    at Router (file:///Users/kartikaysharma/Desktop/Projects/Vibecode%20/Macro/MacroDashboard/node_modules/react-router/dist/development/chunk-JZWAC4HX.mjs:6594:13)
    at MemoryRouter (file:///Users/kartikaysharma/Desktop/Projects/Vibecode%20/Macro/MacroDashboard/node_modules/react-router/dist/development/chunk-JZWAC4HX.mjs:6510:3)
    at TestWrapper (/Users/kartikaysharma/Desktop/Projects/Vibecode /Macro/MacroDashboard/src/smoke.test.tsx:73:24)

React will try to recreate this component tree from scratch using the error boundary you provided, SectionErrorBoundary.
Error in section "Corporate Hedging monitor": ReferenceError: IntersectionObserver is not defined
    at /Users/kartikaysharma/Desktop/Projects/Vibecode /Macro/MacroDashboard/src/hooks/useIntersectionObserver.ts:14:26
    at commitHookEffectListMount (/Users/kartikaysharma/Desktop/Projects/Vibecode /Macro/MacroDashboard/node_modules/react-dom/cjs/react-dom.development.js:23189:26)
    at commitPassiveMountOnFiber (/Users/kartikaysharma/Desktop/Projects/Vibecode /Macro/MacroDashboard/node_modules/react-dom/cjs/react-dom.development.js:24970:11)
    at commitPassiveMountEffects_complete (/Users/kartikaysharma/Desktop/Projects/Vibecode /Macro/MacroDashboard/node_modules/react-dom/cjs/react-dom.development.js:24930:9)
    at commitPassiveMountEffects_begin (/Users/kartikaysharma/Desktop/Projects/Vibecode /Macro/MacroDashboard/node_modules/react-dom/cjs/react-dom.development.js:24917:7)
    at commitPassiveMountEffects (/Users/kartikaysharma/Desktop/Projects/Vibecode /Macro/MacroDashboard/node_modules/react-dom/cjs/react-dom.development.js:24905:3)
    at flushPassiveEffectsImpl (/Users/kartikaysharma/Desktop/Projects/Vibecode /Macro/MacroDashboard/node_modules/react-dom/cjs/react-dom.development.js:27078:3)
    at flushPassiveEffects (/Users/kartikaysharma/Desktop/Projects/Vibecode /Macro/MacroDashboard/node_modules/react-dom/cjs/react-dom.development.js:27023:14)
    at /Users/kartikaysharma/Desktop/Projects/Vibecode /Macro/MacroDashboard/node_modules/react-dom/cjs/react-dom.development.js:26808:9
    at flushActQueue (/Users/kartikaysharma/Desktop/Projects/Vibecode /Macro/MacroDashboard/node_modules/react/cjs/react.development.js:2667:24) {
  componentStack: '\n' +
    '    at LazyRender (/Users/kartikaysharma/Desktop/Projects/Vibecode /Macro/MacroDashboard/src/components/LazyRender.tsx:7:3)\n' +
    '    at SectionErrorBoundary (/Users/kartikaysharma/Desktop/Projects/Vibecode /Macro/MacroDashboard/src/components/SectionErrorBoundary.tsx:9:1)\n' +
    '    at section\n' +
    '    at div\n' +
    '    at div\n' +
    '    at USMacroFiscalLab\n' +
    '    at Suspense\n' +
    '    at ViewProvider (/Users/kartikaysharma/Desktop/Projects/Vibecode /Macro/MacroDashboard/src/context/ViewContext.tsx:8:25)\n' +
    '    at _HelmetProvider (/Users/kartikaysharma/Desktop/Projects/Vibecode /Macro/MacroDashboard/node_modules/react-helmet-async/lib/index.js:483:5)\n' +
    '    at DefaultPropsProvider (/Users/kartikaysharma/Desktop/Projects/Vibecode /Macro/MacroDashboard/node_modules/@mui/system/DefaultPropsProvider/DefaultPropsProvider.js:18:3)\n' +
    '    at RtlProvider (/Users/kartikaysharma/Desktop/Projects/Vibecode /Macro/MacroDashboard/node_modules/@mui/system/RtlProvider/index.js:19:7)\n' +
    '    at ThemeProvider (/Users/kartikaysharma/Desktop/Projects/Vibecode /Macro/MacroDashboard/node_modules/@mui/private-theming/node/ThemeProvider/ThemeProvider.js:39:5)\n' +
    '    at ThemeProvider (/Users/kartikaysharma/Desktop/Projects/Vibecode /Macro/MacroDashboard/node_modules/@mui/system/ThemeProvider/ThemeProvider.js:53:5)\n' +
    '    at ThemeProvider (/Users/kartikaysharma/Desktop/Projects/Vibecode /Macro/MacroDashboard/node_modules/@mui/material/node/styles/ThemeProvider.js:21:14)\n' +
    '    at QueryClientProvider (file:///Users/kartikaysharma/Desktop/Projects/Vibecode%20/Macro/MacroDashboard/node_modules/@tanstack/react-query/build/modern/QueryClientProvider.js:20:3)\n' +
    '    at Router (file:///Users/kartikaysharma/Desktop/Projects/Vibecode%20/Macro/MacroDashboard/node_modules/react-router/dist/development/chunk-JZWAC4HX.mjs:6594:13)\n' +
    '    at MemoryRouter (file:///Users/kartikaysharma/Desktop/Projects/Vibecode%20/Macro/MacroDashboard/node_modules/react-router/dist/development/chunk-JZWAC4HX.mjs:6510:3)\n' +
    '    at TestWrapper (/Users/kartikaysharma/Desktop/Projects/Vibecode /Macro/MacroDashboard/src/smoke.test.tsx:73:24)'
}
The above error occurred in the <LazyRender> component:

    at LazyRender (/Users/kartikaysharma/Desktop/Projects/Vibecode /Macro/MacroDashboard/src/components/LazyRender.tsx:7:3)
    at SectionErrorBoundary (/Users/kartikaysharma/Desktop/Projects/Vibecode /Macro/MacroDashboard/src/components/SectionErrorBoundary.tsx:9:1)
    at section
    at div
    at div
    at USMacroFiscalLab
    at Suspense
    at ViewProvider (/Users/kartikaysharma/Desktop/Projects/Vibecode /Macro/MacroDashboard/src/context/ViewContext.tsx:8:25)
    at _HelmetProvider (/Users/kartikaysharma/Desktop/Projects/Vibecode /Macro/MacroDashboard/node_modules/react-helmet-async/lib/index.js:483:5)
    at DefaultPropsProvider (/Users/kartikaysharma/Desktop/Projects/Vibecode /Macro/MacroDashboard/node_modules/@mui/system/DefaultPropsProvider/DefaultPropsProvider.js:18:3)
    at RtlProvider (/Users/kartikaysharma/Desktop/Projects/Vibecode /Macro/MacroDashboard/node_modules/@mui/system/RtlProvider/index.js:19:7)
    at ThemeProvider (/Users/kartikaysharma/Desktop/Projects/Vibecode /Macro/MacroDashboard/node_modules/@mui/private-theming/node/ThemeProvider/ThemeProvider.js:39:5)
    at ThemeProvider (/Users/kartikaysharma/Desktop/Projects/Vibecode /Macro/MacroDashboard/node_modules/@mui/system/ThemeProvider/ThemeProvider.js:53:5)
    at ThemeProvider (/Users/kartikaysharma/Desktop/Projects/Vibecode /Macro/MacroDashboard/node_modules/@mui/material/node/styles/ThemeProvider.js:21:14)
    at QueryClientProvider (file:///Users/kartikaysharma/Desktop/Projects/Vibecode%20/Macro/MacroDashboard/node_modules/@tanstack/react-query/build/modern/QueryClientProvider.js:20:3)
    at Router (file:///Users/kartikaysharma/Desktop/Projects/Vibecode%20/Macro/MacroDashboard/node_modules/react-router/dist/development/chunk-JZWAC4HX.mjs:6594:13)
    at MemoryRouter (file:///Users/kartikaysharma/Desktop/Projects/Vibecode%20/Macro/MacroDashboard/node_modules/react-router/dist/development/chunk-JZWAC4HX.mjs:6510:3)
    at TestWrapper (/Users/kartikaysharma/Desktop/Projects/Vibecode /Macro/MacroDashboard/src/smoke.test.tsx:73:24)

React will try to recreate this component tree from scratch using the error boundary you provided, SectionErrorBoundary.
Error in section "Policy Tracker": ReferenceError: IntersectionObserver is not defined
    at /Users/kartikaysharma/Desktop/Projects/Vibecode /Macro/MacroDashboard/src/hooks/useIntersectionObserver.ts:14:26
    at commitHookEffectListMount (/Users/kartikaysharma/Desktop/Projects/Vibecode /Macro/MacroDashboard/node_modules/react-dom/cjs/react-dom.development.js:23189:26)
    at commitPassiveMountOnFiber (/Users/kartikaysharma/Desktop/Projects/Vibecode /Macro/MacroDashboard/node_modules/react-dom/cjs/react-dom.development.js:24970:11)
    at commitPassiveMountEffects_complete (/Users/kartikaysharma/Desktop/Projects/Vibecode /Macro/MacroDashboard/node_modules/react-dom/cjs/react-dom.development.js:24930:9)
    at commitPassiveMountEffects_begin (/Users/kartikaysharma/Desktop/Projects/Vibecode /Macro/MacroDashboard/node_modules/react-dom/cjs/react-dom.development.js:24917:7)
    at commitPassiveMountEffects (/Users/kartikaysharma/Desktop/Projects/Vibecode /Macro/MacroDashboard/node_modules/react-dom/cjs/react-dom.development.js:24905:3)
    at flushPassiveEffectsImpl (/Users/kartikaysharma/Desktop/Projects/Vibecode /Macro/MacroDashboard/node_modules/react-dom/cjs/react-dom.development.js:27078:3)
    at flushPassiveEffects (/Users/kartikaysharma/Desktop/Projects/Vibecode /Macro/MacroDashboard/node_modules/react-dom/cjs/react-dom.development.js:27023:14)
    at /Users/kartikaysharma/Desktop/Projects/Vibecode /Macro/MacroDashboard/node_modules/react-dom/cjs/react-dom.development.js:26808:9
    at flushActQueue (/Users/kartikaysharma/Desktop/Projects/Vibecode /Macro/MacroDashboard/node_modules/react/cjs/react.development.js:2667:24) {
  componentStack: '\n' +
    '    at LazyRender (/Users/kartikaysharma/Desktop/Projects/Vibecode /Macro/MacroDashboard/src/components/LazyRender.tsx:7:3)\n' +
    '    at SectionErrorBoundary (/Users/kartikaysharma/Desktop/Projects/Vibecode /Macro/MacroDashboard/src/components/SectionErrorBoundary.tsx:9:1)\n' +
    '    at section\n' +
    '    at div\n' +
    '    at div\n' +
    '    at USMacroFiscalLab\n' +
    '    at Suspense\n' +
    '    at ViewProvider (/Users/kartikaysharma/Desktop/Projects/Vibecode /Macro/MacroDashboard/src/context/ViewContext.tsx:8:25)\n' +
    '    at _HelmetProvider (/Users/kartikaysharma/Desktop/Projects/Vibecode /Macro/MacroDashboard/node_modules/react-helmet-async/lib/index.js:483:5)\n' +
    '    at DefaultPropsProvider (/Users/kartikaysharma/Desktop/Projects/Vibecode /Macro/MacroDashboard/node_modules/@mui/system/DefaultPropsProvider/DefaultPropsProvider.js:18:3)\n' +
    '    at RtlProvider (/Users/kartikaysharma/Desktop/Projects/Vibecode /Macro/MacroDashboard/node_modules/@mui/system/RtlProvider/index.js:19:7)\n' +
    '    at ThemeProvider (/Users/kartikaysharma/Desktop/Projects/Vibecode /Macro/MacroDashboard/node_modules/@mui/private-theming/node/ThemeProvider/ThemeProvider.js:39:5)\n' +
    '    at ThemeProvider (/Users/kartikaysharma/Desktop/Projects/Vibecode /Macro/MacroDashboard/node_modules/@mui/system/ThemeProvider/ThemeProvider.js:53:5)\n' +
    '    at ThemeProvider (/Users/kartikaysharma/Desktop/Projects/Vibecode /Macro/MacroDashboard/node_modules/@mui/material/node/styles/ThemeProvider.js:21:14)\n' +
    '    at QueryClientProvider (file:///Users/kartikaysharma/Desktop/Projects/Vibecode%20/Macro/MacroDashboard/node_modules/@tanstack/react-query/build/modern/QueryClientProvider.js:20:3)\n' +
    '    at Router (file:///Users/kartikaysharma/Desktop/Projects/Vibecode%20/Macro/MacroDashboard/node_modules/react-router/dist/development/chunk-JZWAC4HX.mjs:6594:13)\n' +
    '    at MemoryRouter (file:///Users/kartikaysharma/Desktop/Projects/Vibecode%20/Macro/MacroDashboard/node_modules/react-router/dist/development/chunk-JZWAC4HX.mjs:6510:3)\n' +
    '    at TestWrapper (/Users/kartikaysharma/Desktop/Projects/Vibecode /Macro/MacroDashboard/src/smoke.test.tsx:73:24)'
}

Not implemented: Window's scrollTo() method
ReferenceError: IntersectionObserver is not defined
    at initIntersectionObserver (file:///Users/kartikaysharma/Desktop/Projects/Vibecode%20/Macro/MacroDashboard/node_modules/framer-motion/dist/es/motion/features/viewport/observers.mjs:35:34)
    at observeIntersection (file:///Users/kartikaysharma/Desktop/Projects/Vibecode%20/Macro/MacroDashboard/node_modules/framer-motion/dist/es/motion/features/viewport/observers.mjs:40:39)
    at InViewFeature.startObserver (file:///Users/kartikaysharma/Desktop/Projects/Vibecode%20/Macro/MacroDashboard/node_modules/framer-motion/dist/es/motion/features/viewport/index.mjs:52:16)
    at InViewFeature.mount (file:///Users/kartikaysharma/Desktop/Projects/Vibecode%20/Macro/MacroDashboard/node_modules/framer-motion/dist/es/motion/features/viewport/index.mjs:55:14)
    at HTMLVisualElement.updateFeatures (file:///Users/kartikaysharma/Desktop/Projects/Vibecode%20/Macro/MacroDashboard/node_modules/motion-dom/dist/es/render/VisualElement.mjs:341:29)
    at file:///Users/kartikaysharma/Desktop/Projects/Vibecode%20/Macro/MacroDashboard/node_modules/framer-motion/dist/es/motion/utils/use-visual-element.mjs:94:23
    at commitHookEffectListMount (/Users/kartikaysharma/Desktop/Projects/Vibecode /Macro/MacroDashboard/node_modules/react-dom/cjs/react-dom.development.js:23189:26)
    at commitLayoutEffectOnFiber (/Users/kartikaysharma/Desktop/Projects/Vibecode /Macro/MacroDashboard/node_modules/react-dom/cjs/react-dom.development.js:23312:15)
    at commitLayoutMountEffects_complete (/Users/kartikaysharma/Desktop/Projects/Vibecode /Macro/MacroDashboard/node_modules/react-dom/cjs/react-dom.development.js:24727:9)
    at commitLayoutEffects_begin (/Users/kartikaysharma/Desktop/Projects/Vibecode /Macro/MacroDashboard/node_modules/react-dom/cjs/react-dom.development.js:24713:7)
stderr | src/smoke.test.tsx > Smoke Tests > renders SovereignStressLab page without crashing
The above error occurred in the <ForwardRef(motion.div)> component:

    at MotionDOMComponent (file:///Users/kartikaysharma/Desktop/Projects/Vibecode%20/Macro/MacroDashboard/node_modules/framer-motion/dist/es/motion/index.mjs:46:16)
    at div
    at section
    at commitLayoutMountEffects_complete (/Users/kartikaysharma/Desktop/Projects/Vibecode /Macro/MacroDashboard/node_modules/react-dom/cjs/react-dom.development.js:24729:9)
    at YieldCurveMonitor (/Users/kartikaysharma/Desktop/Projects/Vibecode /Macro/MacroDashboard/src/features/dashboard/components/rows/YieldCurveMonitor.tsx:34:80)
    at Suspense
    at SectionErrorBoundary (/Users/kartikaysharma/Desktop/Projects/Vibecode /Macro/MacroDashboard/src/components/SectionErrorBoundary.tsx:9:1)
    at section
    at div
    at div
    at SovereignStressLab
    at Suspense
    at ViewProvider (/Users/kartikaysharma/Desktop/Projects/Vibecode /Macro/MacroDashboard/src/context/ViewContext.tsx:8:25)
    at _HelmetProvider (/Users/kartikaysharma/Desktop/Projects/Vibecode /Macro/MacroDashboard/node_modules/react-helmet-async/lib/index.js:483:5)
    at DefaultPropsProvider (/Users/kartikaysharma/Desktop/Projects/Vibecode /Macro/MacroDashboard/node_modules/@mui/system/DefaultPropsProvider/DefaultPropsProvider.js:18:3)
    at RtlProvider (/Users/kartikaysharma/Desktop/Projects/Vibecode /Macro/MacroDashboard/node_modules/@mui/system/RtlProvider/index.js:19:7)
    at ThemeProvider (/Users/kartikaysharma/Desktop/Projects/Vibecode /Macro/MacroDashboard/node_modules/@mui/private-theming/node/ThemeProvider/ThemeProvider.js:39:5)
    at ThemeProvider (/Users/kartikaysharma/Desktop/Projects/Vibecode /Macro/MacroDashboard/node_modules/@mui/system/ThemeProvider/ThemeProvider.js:53:5)
    at ThemeProvider (/Users/kartikaysharma/Desktop/Projects/Vibecode /Macro/MacroDashboard/node_modules/@mui/material/node/styles/ThemeProvider.js:21:14)
    at QueryClientProvider (file:///Users/kartikaysharma/Desktop/Projects/Vibecode%20/Macro/MacroDashboard/node_modules/@tanstack/react-query/build/modern/QueryClientProvider.js:20:3)
    at Router (file:///Users/kartikaysharma/Desktop/Projects/Vibecode%20/Macro/MacroDashboard/node_modules/react-router/dist/development/chunk-JZWAC4HX.mjs:6594:13)
    at MemoryRouter (file:///Users/kartikaysharma/Desktop/Projects/Vibecode%20/Macro/MacroDashboard/node_modules/react-router/dist/development/chunk-JZWAC4HX.mjs:6510:3)
    at TestWrapper (/Users/kartikaysharma/Desktop/Projects/Vibecode /Macro/MacroDashboard/src/smoke.test.tsx:73:24)

React will try to recreate this component tree from scratch using the error boundary you provided, SectionErrorBoundary.
Error in section "Yield Curve": ReferenceError: IntersectionObserver is not defined
    at initIntersectionObserver (file:///Users/kartikaysharma/Desktop/Projects/Vibecode%20/Macro/MacroDashboard/node_modules/framer-motion/dist/es/motion/features/viewport/observers.mjs:35:34)
    at observeIntersection (file:///Users/kartikaysharma/Desktop/Projects/Vibecode%20/Macro/MacroDashboard/node_modules/framer-motion/dist/es/motion/features/viewport/observers.mjs:40:39)
    at InViewFeature.startObserver (file:///Users/kartikaysharma/Desktop/Projects/Vibecode%20/Macro/MacroDashboard/node_modules/framer-motion/dist/es/motion/features/viewport/index.mjs:52:16)
    at InViewFeature.mount (file:///Users/kartikaysharma/Desktop/Projects/Vibecode%20/Macro/MacroDashboard/node_modules/framer-motion/dist/es/motion/features/viewport/index.mjs:55:14)
    at HTMLVisualElement.updateFeatures (file:///Users/kartikaysharma/Desktop/Projects/Vibecode%20/Macro/MacroDashboard/node_modules/motion-dom/dist/es/render/VisualElement.mjs:341:29)
    at file:///Users/kartikaysharma/Desktop/Projects/Vibecode%20/Macro/MacroDashboard/node_modules/framer-motion/dist/es/motion/utils/use-visual-element.mjs:94:23
    at commitHookEffectListMount (/Users/kartikaysharma/Desktop/Projects/Vibecode /Macro/MacroDashboard/node_modules/react-dom/cjs/react-dom.development.js:23189:26)
    at commitLayoutEffectOnFiber (/Users/kartikaysharma/Desktop/Projects/Vibecode /Macro/MacroDashboard/node_modules/react-dom/cjs/react-dom.development.js:23312:15)
    at commitLayoutMountEffects_complete (/Users/kartikaysharma/Desktop/Projects/Vibecode /Macro/MacroDashboard/node_modules/react-dom/cjs/react-dom.development.js:24727:9)
    at commitLayoutEffects_begin (/Users/kartikaysharma/Desktop/Projects/Vibecode /Macro/MacroDashboard/node_modules/react-dom/cjs/react-dom.development.js:24713:7) {
  componentStack: '\n' +
    '    at MotionDOMComponent (file:///Users/kartikaysharma/Desktop/Projects/Vibecode%20/Macro/MacroDashboard/node_modules/framer-motion/dist/es/motion/index.mjs:46:16)\n' +
    '    at div\n' +
    '    at section\n' +
    '    at commitLayoutMountEffects_complete (/Users/kartikaysharma/Desktop/Projects/Vibecode /Macro/MacroDashboard/node_modules/react-dom/cjs/react-dom.development.js:24729:9)\n' +
    '    at YieldCurveMonitor (/Users/kartikaysharma/Desktop/Projects/Vibecode /Macro/MacroDashboard/src/features/dashboard/components/rows/YieldCurveMonitor.tsx:34:80)\n' +
    '    at Suspense\n' +
    '    at SectionErrorBoundary (/Users/kartikaysharma/Desktop/Projects/Vibecode /Macro/MacroDashboard/src/components/SectionErrorBoundary.tsx:9:1)\n' +
    '    at section\n' +
    '    at div\n' +
    '    at div\n' +
    '    at SovereignStressLab\n' +
    '    at Suspense\n' +
    '    at ViewProvider (/Users/kartikaysharma/Desktop/Projects/Vibecode /Macro/MacroDashboard/src/context/ViewContext.tsx:8:25)\n' +
    '    at _HelmetProvider (/Users/kartikaysharma/Desktop/Projects/Vibecode /Macro/MacroDashboard/node_modules/react-helmet-async/lib/index.js:483:5)\n' +
    '    at DefaultPropsProvider (/Users/kartikaysharma/Desktop/Projects/Vibecode /Macro/MacroDashboard/node_modules/@mui/system/DefaultPropsProvider/DefaultPropsProvider.js:18:3)\n' +
    '    at RtlProvider (/Users/kartikaysharma/Desktop/Projects/Vibecode /Macro/MacroDashboard/node_modules/@mui/system/RtlProvider/index.js:19:7)\n' +
    '    at ThemeProvider (/Users/kartikaysharma/Desktop/Projects/Vibecode /Macro/MacroDashboard/node_modules/@mui/private-theming/node/ThemeProvider/ThemeProvider.js:39:5)\n' +
    '    at ThemeProvider (/Users/kartikaysharma/Desktop/Projects/Vibecode /Macro/MacroDashboard/node_modules/@mui/system/ThemeProvider/ThemeProvider.js:53:5)\n' +
    '    at ThemeProvider (/Users/kartikaysharma/Desktop/Projects/Vibecode /Macro/MacroDashboard/node_modules/@mui/material/node/styles/ThemeProvider.js:21:14)\n' +
    '    at QueryClientProvider (file:///Users/kartikaysharma/Desktop/Projects/Vibecode%20/Macro/MacroDashboard/node_modules/@tanstack/react-query/build/modern/QueryClientProvider.js:20:3)\n' +
    '    at Router (file:///Users/kartikaysharma/Desktop/Projects/Vibecode%20/Macro/MacroDashboard/node_modules/react-router/dist/development/chunk-JZWAC4HX.mjs:6594:13)\n' +
    '    at MemoryRouter (file:///Users/kartikaysharma/Desktop/Projects/Vibecode%20/Macro/MacroDashboard/node_modules/react-router/dist/development/chunk-JZWAC4HX.mjs:6510:3)\n' +
    '    at TestWrapper (/Users/kartikaysharma/Desktop/Projects/Vibecode /Macro/MacroDashboard/src/smoke.test.tsx:73:24)'
}

 ❯ src/smoke.test.tsx (11 tests | 5 failed) 41507ms
     ✓ renders Terminal page without crashing 179ms
     ✓ renders DeDollarizationGoldLab page without crashing 108ms
     × renders DataHealthDashboard page without crashing 1072ms
     ✓ renders MacroObservatory page without crashing 24ms
     ✓ renders AdminDashboard page (authenticated) without crashing 27ms
     × renders USMacroFiscalLab page without crashing 10021ms
     ✓ renders EnergyCommoditiesLab page without crashing 14ms
     × renders China15thFYPLab page without crashing 10019ms
     × renders SovereignStressLab page without crashing 10018ms
     ✓ renders ShadowSystemLab page without crashing 10ms
     × renders SustainableFinanceLab page without crashing 10012ms

⎯⎯⎯⎯⎯⎯⎯ Failed Tests 5 ⎯⎯⎯⎯⎯⎯⎯

 FAIL  src/smoke.test.tsx > Smoke Tests > renders DataHealthDashboard page without crashing
TestingLibraryElementError: Unable to find an element with the text: /METRIC INTEGRITY COMMAND/i. This could be because the text is broken up by multiple elements. In this case, you can provide a function for your text matcher to make your matcher more flexible.

Ignored nodes: comments, script, style
[36m<body>[39m
  [36m<div>[39m
    [36m<div[39m
      [33mclass[39m=[32m"MuiBox-root css-pw7w6c"[39m
    [36m>[39m
      [36m<div[39m
        [33mclass[39m=[32m"MuiBox-root css-cla5ki"[39m
      [36m>[39m
        [36m<div[39m
          [33mclass[39m=[32m"MuiBox-root css-0"[39m
        [36m>[39m
          [36m<h4[39m
            [33mclass[39m=[32m"MuiTypography-root MuiTypography-h4 css-qp6z2d-MuiTypography-root"[39m
          [36m>[39m
            [0mMacro Data Operations[0m
          [36m</h4>[39m
          [36m<p[39m
            [33mclass[39m=[32m"MuiTypography-root MuiTypography-body1 css-1pnmrwp-MuiTypography-root"[39m
          [36m>[39m
            [0mAutonomous data pipelines, pg_cron telemetry, and regime intelligence health.[0m
          [36m</p>[39m
        [36m</div>[39m
        [36m<div[39m
          [33mclass[39m=[32m"MuiGrid-root MuiGrid-container MuiGrid-spacing-xs-2 css-1cg9voj-MuiGrid-root"[39m
        [36m>[39m
          [36m<div[39m
            [33mclass[39m=[32m"MuiGrid-root MuiGrid-item css-13i4rnv-MuiGrid-root"[39m
          [36m>[39m
            [36m<div[39m
              [33mclass[39m=[32m"MuiPaper-root MuiPaper-elevation MuiPaper-rounded MuiPaper-elevation1 css-1n3bcyf-MuiPaper-root"[39m
            [36m>[39m
              [36m<div[39m
                [33mclass[39m=[32m"MuiBox-root css-0"[39m
              [36m>[39m
                [36m<span[39m
                  [33mclass[39m=[32m"MuiTypography-root MuiTypography-overline css-1kbejdr-MuiTypography-root"[39m
                [36m>[39m
                  [0mAuthenticity Status[0m
                [36m</span>[39m
                [36m<h5[39m
                  [33mclass[39m=[32m"MuiTypography-root MuiTypography-h5 css-s3hmso-MuiTypography-root"[39m
                [36m>[39m
                  [0mundefined% Real[0m
                [36m</h5>[39m
              [36m</div>[39m
              [36m<svg[39m
                [33mclass[39m=[32m"lucide lucide-check-circle "[39m
                [33mfill[39m=[32m"none"[39m
                [33mheight[39m=[32m"24"[39m
                [33mstroke[39m=[32m"#10b981"[39m
                [33mstroke-linecap[39m=[32m"round"[39m
                [33mstroke-linejoin[39m=[32m"round"[39m
                [33mstroke-width[39m=[32m"2"[39m
                [33mviewBox[39m=[32m"0 0 24 24"[39m
                [33mwidth[39m=[32m"24"[39m
                [33mxmlns[39m=[32m"http://www.w3.org/2000/svg"[39m
              [36m>[39m
                [36m<path[39m
                  [33md[39m=[32m"M22 11.08V12a10 10 0 1 1-5.93-9.14"[39m
                [36m/>[39m
                [36m<path[39m
                  [33md[39m=[32m"m9 11 3 3L22 4"[39m
                [36m/>[39m
              [36m</svg>[39m
            [36m</div>[39m
          [36m</div>[39m
          [36m<div[39m
            [33mclass[39m=[32m"MuiGrid-root MuiGrid-item css-13i4rnv-MuiGrid-root"[39m
          [36m>[39m
            [36m<button[39m
              [33mclass[39m=[32m"MuiButtonBase-root MuiButton-root MuiButton-outlined MuiButton-outlinedPrimary MuiButton-sizeMedium MuiButton-outlinedSizeMedium MuiButton-colorPrimary MuiButton-root MuiButton-outlined MuiButton-outlinedPrimary MuiButton-sizeMedium MuiButton-outlinedSizeMedium MuiButton-colorPrimary css-39omo9-MuiButtonBase-root-MuiButton-root"[39m
              [33mtabindex[39m=[32m"0"[39m
              [33mtype[39m=[32m"button"[39m
            [36m>[39m
              [36m<span[39m
                [33mclass[39m=[32m"MuiButton-icon MuiButton-startIcon MuiButton-iconSizeMedium css-1d6wzja-MuiButton-startIcon"[39m
              [36m>[39m
                [36m<svg[39m
                  [33mclass[39m=[32m"lucide lucide-refresh-cw "[39m
                  [33mfill[39m=[32m"none"[39m
                  [33mheight[39m=[32m"20"[39m
                  [33mstroke[39m=[32m"currentColor"[39m
                  [33mstroke-linecap[39m=[32m"round"[39m
                  [33mstroke-linejoin[39m=[32m"round"[39m
                  [33mstroke-width[39m=[32m"2"[39m
                  [33mviewBox[39m=[32m"0 0 24 24"[39m
                  [33mwidth[39m=[32m"20"[39m
                  [33mxmlns[39m=[32m"http://www.w3.org/2000/svg"[39m
                [36m>[39m
                  [36m<path[39m
                    [33md[39m=[32m"M3 12a9 9 0 0 1 9-9 9.75 9.75 0 0 1 6.74 2.74L21 8"[39m
                  [36m/>[39m
                  [36m<path[39m
                    [33md[39m=[32m"M21 3v5h-5"[39m
                  [36m/>[39m
                  [36m<path[39m
                    [33md[39m=[32m"M21 12a9 9 0 0 1-9 9 9.75 9.75 0 0 1-6.74-2.74L3 16"[39m
                  [36m/>[39m
                  [36m<path[39m
                    [33md[39m=[32m"M8 16H3v5"[39m
                  [36m/>[39m
                [36m</svg>[39m
              [36m</span>[39m
              [0mForce Full Pipeline Refresh[0m
              [36m<span[39m
                [33mclass[39m=[32m"MuiTouchRipple-root css-8je8zh-MuiTouchRipple-root"[39m
              [36m/>[39m
            [36m</button>[39m
          [36m</div>[39m
          [36m<div[39m
            [33mclass[39m=[32m"MuiGrid-root MuiGrid-item css-13i4rnv-MuiGrid-root"[39m
          [36m>[39m
            [36m<button[39m
              [33mclass[39m=[32m"MuiButtonBase-root MuiButton-root MuiButton-contained MuiButton-containedPrimary MuiButton-sizeMedium MuiButton-containedSizeMedium MuiButton-colorPrimary MuiButton-root MuiButton-contained MuiButton-containedPrimary MuiButton-sizeMedium MuiButton-containedSizeMedium MuiButton-colorPrimary css-l9wm6b-MuiButtonBase-root-MuiButton-root"[39m
              [33mtabindex[39m=[32m"0"[39m
              [33mtype[39m=[32m"button"[39m
            [36m>[39m
              [36m<span[39m
                [33mclass[39m=[32m"MuiButton-icon MuiButton-startIcon MuiButton-iconSizeMedium css-1d6wzja-MuiButton-startIcon"[39m
              [36m>[39m
                [36m<svg[39m
                  [33mclass[39m=[32m"lucide lucide-download "[39m
                  [33mfill[39m=[32m"none"[39m
                  [33mheight[39m=[32m"20"[39m
                  [33mstroke[39m=[32m"currentColor"[39m
                  [33mstroke-linecap[39m=[32m"round"[39m
                  [33mstroke-linejoin[39m=[32m"round"[39m
                  [33mstroke-width[39m=[32m"2"[39m
                  [33mviewBox[39m=[32m"0 0 24 24"[39m
                  [33mwidth[39m=[32m"20"[39m
                  [33mxmlns[39m=[32m"http://www.w3.org/2000/svg"[39m
                [36m>[39m
                  [36m<path[39m
                    [33md[39m=[32m"M21 15v4a2 2 0 0 1-2 2H5a2 2 0 0 1-2-2v-4"[39m
                  [36m/>[39m
           ...

Ignored nodes: comments, script, style
[36m<body>[39m
  [36m<div>[39m
    [36m<div[39m
      [33mclass[39m=[32m"MuiBox-root css-pw7w6c"[39m
    [36m>[39m
      [36m<div[39m
        [33mclass[39m=[32m"MuiBox-root css-cla5ki"[39m
      [36m>[39m
        [36m<div[39m
          [33mclass[39m=[32m"MuiBox-root css-0"[39m
        [36m>[39m
          [36m<h4[39m
            [33mclass[39m=[32m"MuiTypography-root MuiTypography-h4 css-qp6z2d-MuiTypography-root"[39m
          [36m>[39m
            [0mMacro Data Operations[0m
          [36m</h4>[39m
          [36m<p[39m
            [33mclass[39m=[32m"MuiTypography-root MuiTypography-body1 css-1pnmrwp-MuiTypography-root"[39m
          [36m>[39m
            [0mAutonomous data pipelines, pg_cron telemetry, and regime intelligence health.[0m
          [36m</p>[39m
        [36m</div>[39m
        [36m<div[39m
          [33mclass[39m=[32m"MuiGrid-root MuiGrid-container MuiGrid-spacing-xs-2 css-1cg9voj-MuiGrid-root"[39m
        [36m>[39m
          [36m<div[39m
            [33mclass[39m=[32m"MuiGrid-root MuiGrid-item css-13i4rnv-MuiGrid-root"[39m
          [36m>[39m
            [36m<div[39m
              [33mclass[39m=[32m"MuiPaper-root MuiPaper-elevation MuiPaper-rounded MuiPaper-elevation1 css-1n3bcyf-MuiPaper-root"[39m
            [36m>[39m
              [36m<div[39m
                [33mclass[39m=[32m"MuiBox-root css-0"[39m
              [36m>[39m
                [36m<span[39m
                  [33mclass[39m=[32m"MuiTypography-root MuiTypography-overline css-1kbejdr-MuiTypography-root"[39m
                [36m>[39m
                  [0mAuthenticity Status[0m
                [36m</span>[39m
                [36m<h5[39m
                  [33mclass[39m=[32m"MuiTypography-root MuiTypography-h5 css-s3hmso-MuiTypography-root"[39m
                [36m>[39m
                  [0mundefined% Real[0m
                [36m</h5>[39m
              [36m</div>[39m
              [36m<svg[39m
                [33mclass[39m=[32m"lucide lucide-check-circle "[39m
                [33mfill[39m=[32m"none"[39m
                [33mheight[39m=[32m"24"[39m
                [33mstroke[39m=[32m"#10b981"[39m
                [33mstroke-linecap[39m=[32m"round"[39m
                [33mstroke-linejoin[39m=[32m"round"[39m
                [33mstroke-width[39m=[32m"2"[39m
                [33mviewBox[39m=[32m"0 0 24 24"[39m
                [33mwidth[39m=[32m"24"[39m
                [33mxmlns[39m=[32m"http://www.w3.org/2000/svg"[39m
              [36m>[39m
                [36m<path[39m
                  [33md[39m=[32m"M22 11.08V12a10 10 0 1 1-5.93-9.14"[39m
                [36m/>[39m
                [36m<path[39m
                  [33md[39m=[32m"m9 11 3 3L22 4"[39m
                [36m/>[39m
              [36m</svg>[39m
            [36m</div>[39m
          [36m</div>[39m
          [36m<div[39m
            [33mclass[39m=[32m"MuiGrid-root MuiGrid-item css-13i4rnv-MuiGrid-root"[39m
          [36m>[39m
            [36m<button[39m
              [33mclass[39m=[32m"MuiButtonBase-root MuiButton-root MuiButton-outlined MuiButton-outlinedPrimary MuiButton-sizeMedium MuiButton-outlinedSizeMedium MuiButton-colorPrimary MuiButton-root MuiButton-outlined MuiButton-outlinedPrimary MuiButton-sizeMedium MuiButton-outlinedSizeMedium MuiButton-colorPrimary css-39omo9-MuiButtonBase-root-MuiButton-root"[39m
              [33mtabindex[39m=[32m"0"[39m
              [33mtype[39m=[32m"button"[39m
            [36m>[39m
              [36m<span[39m
                [33mclass[39m=[32m"MuiButton-icon MuiButton-startIcon MuiButton-iconSizeMedium css-1d6wzja-MuiButton-startIcon"[39m
              [36m>[39m
                [36m<svg[39m
                  [33mclass[39m=[32m"lucide lucide-refresh-cw "[39m
                  [33mfill[39m=[32m"none"[39m
                  [33mheight[39m=[32m"20"[39m
                  [33mstroke[39m=[32m"currentColor"[39m
                  [33mstroke-linecap[39m=[32m"round"[39m
                  [33mstroke-linejoin[39m=[32m"round"[39m
                  [33mstroke-width[39m=[32m"2"[39m
                  [33mviewBox[39m=[32m"0 0 24 24"[39m
                  [33mwidth[39m=[32m"20"[39m
                  [33mxmlns[39m=[32m"http://www.w3.org/2000/svg"[39m
                [36m>[39m
                  [36m<path[39m
                    [33md[39m=[32m"M3 12a9 9 0 0 1 9-9 9.75 9.75 0 0 1 6.74 2.74L21 8"[39m
                  [36m/>[39m
                  [36m<path[39m
                    [33md[39m=[32m"M21 3v5h-5"[39m
                  [36m/>[39m
                  [36m<path[39m
                    [33md[39m=[32m"M21 12a9 9 0 0 1-9 9 9.75 9.75 0 0 1-6.74-2.74L3 16"[39m
                  [36m/>[39m
                  [36m<path[39m
                    [33md[39m=[32m"M8 16H3v5"[39m
                  [36m/>[39m
                [36m</svg>[39m
              [36m</span>[39m
              [0mForce Full Pipeline Refresh[0m
              [36m<span[39m
                [33mclass[39m=[32m"MuiTouchRipple-root css-8je8zh-MuiTouchRipple-root"[39m
              [36m/>[39m
            [36m</button>[39m
          [36m</div>[39m
          [36m<div[39m
            [33mclass[39m=[32m"MuiGrid-root MuiGrid-item css-13i4rnv-MuiGrid-root"[39m
          [36m>[39m
            [36m<button[39m
              [33mclass[39m=[32m"MuiButtonBase-root MuiButton-root MuiButton-contained MuiButton-containedPrimary MuiButton-sizeMedium MuiButton-containedSizeMedium MuiButton-colorPrimary MuiButton-root MuiButton-contained MuiButton-containedPrimary MuiButton-sizeMedium MuiButton-containedSizeMedium MuiButton-colorPrimary css-l9wm6b-MuiButtonBase-root-MuiButton-root"[39m
              [33mtabindex[39m=[32m"0"[39m
              [33mtype[39m=[32m"button"[39m
            [36m>[39m
              [36m<span[39m
                [33mclass[39m=[32m"MuiButton-icon MuiButton-startIcon MuiButton-iconSizeMedium css-1d6wzja-MuiButton-startIcon"[39m
              [36m>[39m
                [36m<svg[39m
                  [33mclass[39m=[32m"lucide lucide-download "[39m
                  [33mfill[39m=[32m"none"[39m
                  [33mheight[39m=[32m"20"[39m
                  [33mstroke[39m=[32m"currentColor"[39m
                  [33mstroke-linecap[39m=[32m"round"[39m
                  [33mstroke-linejoin[39m=[32m"round"[39m
                  [33mstroke-width[39m=[32m"2"[39m
                  [33mviewBox[39m=[32m"0 0 24 24"[39m
                  [33mwidth[39m=[32m"20"[39m
                  [33mxmlns[39m=[32m"http://www.w3.org/2000/svg"[39m
                [36m>[39m
                  [36m<path[39m
                    [33md[39m=[32m"M21 15v4a2 2 0 0 1-2 2H5a2 2 0 0 1-2-2v-4"[39m
                  [36m/>[39m
           ...
 ❯ waitForWrapper node_modules/@testing-library/dom/dist/wait-for.js:163:27
 ❯ node_modules/@testing-library/dom/dist/query-helpers.js:86:33
 ❯ src/smoke.test.tsx:106:29
    104|             </TestWrapper>
    105|         );
    106|         expect(await screen.findByText(/METRIC INTEGRITY COMMAND/i)).t…
       |                             ^
    107|     });
    108| 

⎯⎯⎯⎯⎯⎯⎯⎯⎯⎯⎯⎯⎯⎯⎯⎯⎯⎯⎯⎯⎯⎯⎯⎯[1/5]⎯

 FAIL  src/smoke.test.tsx > Smoke Tests > renders USMacroFiscalLab page without crashing
TestingLibraryElementError: Found multiple elements with the text: /Telemetry/i

Here are the matching elements:

Ignored nodes: comments, script, style
[36m<div[39m
  [33mclass[39m=[32m"inline-flex items-center gap-2 px-3 py-1 rounded-full bg-blue-500/10 border border-blue-500/20 text-blue-400 text-[10px] font-black uppercase tracking-uppercase mb-6"[39m
[36m>[39m
  [36m<svg[39m
    [33mclass[39m=[32m"lucide lucide-zap "[39m
    [33mfill[39m=[32m"none"[39m
    [33mheight[39m=[32m"12"[39m
    [33mstroke[39m=[32m"currentColor"[39m
    [33mstroke-linecap[39m=[32m"round"[39m
    [33mstroke-linejoin[39m=[32m"round"[39m
    [33mstroke-width[39m=[32m"2"[39m
    [33mviewBox[39m=[32m"0 0 24 24"[39m
    [33mwidth[39m=[32m"12"[39m
    [33mxmlns[39m=[32m"http://www.w3.org/2000/svg"[39m
  [36m>[39m
    [36m<polygon[39m
      [33mpoints[39m=[32m"13 2 3 14 12 14 11 22 21 10 12 10 13 2"[39m
    [36m/>[39m
  [36m</svg>[39m
  [0m Core Sovereign Telemetry[0m
[36m</div>[39m

Ignored nodes: comments, script, style
[36m<p[39m
  [33mclass[39m=[32m"text-muted-foreground/60 text-base md:text-lg font-medium leading-relaxed mb-8 uppercase tracking-wide max-w-2xl"[39m
[36m>[39m
  [0mDeep macro-to-corporate correlation engine. Analyze how sovereign debt dynamics and policy shifts impact US corporate margins, valuation tiers, and institutional positioning through official SEC EDGAR telemetry.[0m
[36m</p>[39m

Ignored nodes: comments, script, style
[36m<p>[39m
  [0mThe [0m
  [36m<strong>[39m
    [0mUS Macro & Fiscal Lab[0m
  [36m</strong>[39m
  [0m provides high-frequency telemetry on the structural constraints facing the United States Treasury and the Federal Reserve. Over the past decade, the reliance on short-term debt issuance (Treasury Bills) has created a significant [0m
  [36m<em>[39m
    [0mmaturity wall[0m
  [36m</em>[39m
  [0m, forcing the sovereign to constantly refinance obligations rather than lock in long-term capital.[0m
[36m</p>[39m

Ignored nodes: comments, script, style
[36m<p>[39m
  [0mOur predictive telemetry indicates that as interest expense on the national debt supersedes major discretionary categories (such as defense spending), the likelihood of [0m
  [36m<strong>[39m
    [0mfiscal dominance[0m
  [36m</strong>[39m
  [0m increases. Fiscal dominance occurs when the central bank is forced to subordinate its inflation target to maintain the solvency of the government, often leading to [0m
  [36m<a[39m
    [33mclass[39m=[32m"text-blue-400 hover:underline"[39m
    [33mhref[39m=[32m"/glossary/stealth-qe"[39m
  [36m>[39m
    [0mStealth QE[0m
  [36m</a>[39m
  [0m or Yield Curve Control (YCC). By tracking [0m
  [36m<em>[39m
    [0mTreasury Auction Demand Metrics[0m
  [36m</em>[39m
  [0m natively through GraphiQuestor, institutional participants can monitor the exact inflection point of buyer exhaustion.[0m
[36m</p>[39m

(If this is intentional, then use the `*AllBy*` variant of the query (like `queryAllByText`, `getAllByText`, or `findAllByText`)).

Ignored nodes: comments, script, style
[36m<body>[39m
  [36m<div>[39m
    [36m<div[39m
      [33mclass[39m=[32m"w-full max-w-[1700px] mx-auto px-4 sm:px-6 lg:px-12 py-12"[39m
    [36m>[39m
      [36m<div[39m
        [33mclass[39m=[32m"mb-8"[39m
      [36m>[39m
        [36m<nav[39m
          [33mclass[39m=[32m"flex items-center gap-2 text-[10px] font-black uppercase tracking-widest text-muted-foreground/40"[39m
        [36m>[39m
          [36m<a[39m
            [33mclass[39m=[32m"hover:text-white transition-colors"[39m
            [33mhref[39m=[32m"/"[39m
          [36m>[39m
            [0mHome[0m
          [36m</a>[39m
          [36m<svg[39m
            [33mclass[39m=[32m"lucide lucide-chevron-right "[39m
            [33mfill[39m=[32m"none"[39m
            [33mheight[39m=[32m"10"[39m
            [33mstroke[39m=[32m"currentColor"[39m
            [33mstroke-linecap[39m=[32m"round"[39m
            [33mstroke-linejoin[39m=[32m"round"[39m
            [33mstroke-width[39m=[32m"2"[39m
            [33mviewBox[39m=[32m"0 0 24 24"[39m
            [33mwidth[39m=[32m"10"[39m
            [33mxmlns[39m=[32m"http://www.w3.org/2000/svg"[39m
          [36m>[39m
            [36m<path[39m
              [33md[39m=[32m"m9 18 6-6-6-6"[39m
            [36m/>[39m
          [36m</svg>[39m
          [36m<a[39m
            [33mclass[39m=[32m"hover:text-white transition-colors"[39m
            [33mhref[39m=[32m"/macro-observatory"[39m
          [36m>[39m
            [0mObservatory[0m
          [36m</a>[39m
          [36m<svg[39m
            [33mclass[39m=[32m"lucide lucide-chevron-right "[39m
            [33mfill[39m=[32m"none"[39m
            [33mheight[39m=[32m"10"[39m
            [33mstroke[39m=[32m"currentColor"[39m
            [33mstroke-linecap[39m=[32m"round"[39m
            [33mstroke-linejoin[39m=[32m"round"[39m
            [33mstroke-width[39m=[32m"2"[39m
            [33mviewBox[39m=[32m"0 0 24 24"[39m
            [33mwidth[39m=[32m"10"[39m
            [33mxmlns[39m=[32m"http://www.w3.org/2000/svg"[39m
          [36m>[39m
            [36m<path[39m
              [33md[39m=[32m"m9 18 6-6-6-6"[39m
            [36m/>[39m
          [36m</svg>[39m
          [36m<span[39m
            [33mclass[39m=[32m"text-blue-500"[39m
          [36m>[39m
            [0mUS Macro & Fiscal[0m
          [36m</span>[39m
        [36m</nav>[39m
      [36m</div>[39m
      [36m<div[39m
        [33mclass[39m=[32m"mb-16"[39m
      [36m>[39m
        [36m<div[39m
          [33mclass[39m=[32m"inline-flex items-center gap-2 px-3 py-1 rounded-full bg-blue-500/10 border border-blue-500/20 text-blue-400 text-[10px] font-black uppercase tracking-uppercase mb-6"[39m
        [36m>[39m
          [36m<svg[39m
            [33mclass[39m=[32m"lucide lucide-zap "[39m
            [33mfill[39m=[32m"none"[39m
            [33mheight[39m=[32m"12"[39m
            [33mstroke[39m=[32m"currentColor"[39m
            [33mstroke-linecap[39m=[32m"round"[39m
            [33mstroke-linejoin[39m=[32m"round"[39m
            [33mstroke-width[39m=[32m"2"[39m
            [33mviewBox[39m=[32m"0 0 24 24"[39m
            [33mwidth[39m=[32m"12"[39m
            [33mxmlns[39m=[32m"http://www.w3.org/2000/svg"[39m
          [36m>[39m
            [36m<polygon[39m
              [33mpoints[39m=[32m"13 2 3 14 12 14 11 22 21 10 12 10 13 2"[39m
            [36m/>[39m
          [36m</svg>[39m
          [0m Core Sovereign Telemetry[0m
        [36m</div>[39m
        [36m<h1[39m
          [33mclass[39m=[32m"text-3xl md:text-5xl font-black uppercase tracking-heading leading-tight text-white mb-4"[39m
        [36m>[39m
          [0mUS Macro & Fiscal [0m
          [36m<span[39m
            [33mclass[39m=[32m"text-blue-500"[39m
          [36m>[39m
            [0mLab[0m
          [36m</span>[39m
        [36m</h1>[39m
        [36m<p[39m
          [33mclass[39m=[32m"text-muted-foreground/60 max-w-3xl text-base md:text-lg font-medium leading-relaxed uppercase tracking-wide"[39m
        [36m>[39m
          [0mTracking the structural debt dynamics, treasury demand vectors, and fiscal policy impact of the world's reserve currency issuer.[0m
        [36m</p>[39m
      [36m</div>[39m
      [36m<div[39m
        [33mclass[39m=[32m"space-y-32"[39m
      [36m>[39m
        [36m<section>[39m
          [36m<div[39m
            [33mclass[39m=[32m"flex items-center gap-3 mb-8"[39m
          [36m>[39m
            [36m<svg[39m
              [33mclass[39m=[32m"lucide lucide-trending-up text-blue-500"[39m
              [33mfill[39m=[32m"none"[39m
              [33mheight[39m=[32m"24"[39m
              [33mstroke[39m=[32m"currentColor"[39m
              [33mstroke-linecap[39m=[32m"round"[39m
              [33mstroke-linejoin[39m=[32m"round"[39m
              [33mstroke-width[39m=[32m"2"[39m
              [33mviewBox[39m=[32m"0 0 24 24"[39m
              [33mwidth[39m=[32m"24"[39m
              [33mxmlns[39m=[32m"http://www.w3.org/2000/svg"[39m
            [36m>[39m
              [36m<polyline[39m
                [33mpoints[39m=[32m"22 7 13.5 15.5 8.5 10.5 2 17"[39m
              [36m/>[39m
              [36m<polyline[39m
                [33mpoints[39m=[32m"16 7 22 7 22 13"[39m
              [36m/>[39m
            [36m</svg>[39m
            [36m<h2[39m
              [33mclass[39m=[32m"text-2xl font-black uppercase tracking-heading text-white"[39m
            [36m>[39m
              [0mUS Debt Maturity Wall[0m
            [36m</h2>[39m
          [36m</div>[39m
          [36m<div[39m
            [33mclass[39m=[32m"p-12 rounded-3xl border border-rose-500/20 bg-rose-500/[0.02] backdrop-blur-sm flex flex-col items-center justify-center text-center space-y-6"[39m
          [36m>[39m
            [36m<div[39m
              [33mclass[39m=[32m"w-16 h-16 rounded-full bg-rose-500/10 flex items-center justify-center text-rose-500"[39m
            [36m>[39m
              [36m<svg[39m
                [33mclass[39m=[32m"lucide lucide-alert-triangle "[39m
                [33mfill[39m=[32m"none"[39m
                [33mheight[39m=[32m"32"[39m
                [33mstroke[39m=[32m"currentColor"[39m
                [33mstroke-linecap[39m=[32m"round"[39m
                [33mstroke-linejoin[39m=[32m"round"[39m
                [33mstroke-width[39m=[32m"2"[39m
                [33mviewBox[39m=[32m"0 0 24 24"[39m
                [33mwidth[39m=[32m"32"[39m
                [33mxmlns[39m=[32m"http://www.w3.org/2000/svg"[39m
              [36m>[39m
                [36m<path[39m
                  [33md[39m=[32m"m21.73 18-8-14a2 2 0 0 0-3.48 0l-8 14A2 2 0 0 0 4 21h16a2 2 0 0 0 1.73-3Z"[39m
                [36m/>[39m
   ...

Ignored nodes: comments, script, style
[36m<body>[39m
  [36m<div>[39m
    [36m<div[39m
      [33mclass[39m=[32m"w-full max-w-[1700px] mx-auto px-4 sm:px-6 lg:px-12 py-12"[39m
    [36m>[39m
      [36m<div[39m
        [33mclass[39m=[32m"mb-8"[39m
      [36m>[39m
        [36m<nav[39m
          [33mclass[39m=[32m"flex items-center gap-2 text-[10px] font-black uppercase tracking-widest text-muted-foreground/40"[39m
        [36m>[39m
          [36m<a[39m
            [33mclass[39m=[32m"hover:text-white transition-colors"[39m
            [33mhref[39m=[32m"/"[39m
          [36m>[39m
            [0mHome[0m
          [36m</a>[39m
          [36m<svg[39m
            [33mclass[39m=[32m"lucide lucide-chevron-right "[39m
            [33mfill[39m=[32m"none"[39m
            [33mheight[39m=[32m"10"[39m
            [33mstroke[39m=[32m"currentColor"[39m
            [33mstroke-linecap[39m=[32m"round"[39m
            [33mstroke-linejoin[39m=[32m"round"[39m
            [33mstroke-width[39m=[32m"2"[39m
            [33mviewBox[39m=[32m"0 0 24 24"[39m
            [33mwidth[39m=[32m"10"[39m
            [33mxmlns[39m=[32m"http://www.w3.org/2000/svg"[39m
          [36m>[39m
            [36m<path[39m
              [33md[39m=[32m"m9 18 6-6-6-6"[39m
            [36m/>[39m
          [36m</svg>[39m
          [36m<a[39m
            [33mclass[39m=[32m"hover:text-white transition-colors"[39m
            [33mhref[39m=[32m"/macro-observatory"[39m
          [36m>[39m
            [0mObservatory[0m
          [36m</a>[39m
          [36m<svg[39m
            [33mclass[39m=[32m"lucide lucide-chevron-right "[39m
            [33mfill[39m=[32m"none"[39m
            [33mheight[39m=[32m"10"[39m
            [33mstroke[39m=[32m"currentColor"[39m
            [33mstroke-linecap[39m=[32m"round"[39m
            [33mstroke-linejoin[39m=[32m"round"[39m
            [33mstroke-width[39m=[32m"2"[39m
            [33mviewBox[39m=[32m"0 0 24 24"[39m
            [33mwidth[39m=[32m"10"[39m
            [33mxmlns[39m=[32m"http://www.w3.org/2000/svg"[39m
          [36m>[39m
            [36m<path[39m
              [33md[39m=[32m"m9 18 6-6-6-6"[39m
            [36m/>[39m
          [36m</svg>[39m
          [36m<span[39m
            [33mclass[39m=[32m"text-blue-500"[39m
          [36m>[39m
            [0mUS Macro & Fiscal[0m
          [36m</span>[39m
        [36m</nav>[39m
      [36m</div>[39m
      [36m<div[39m
        [33mclass[39m=[32m"mb-16"[39m
      [36m>[39m
        [36m<div[39m
          [33mclass[39m=[32m"inline-flex items-center gap-2 px-3 py-1 rounded-full bg-blue-500/10 border border-blue-500/20 text-blue-400 text-[10px] font-black uppercase tracking-uppercase mb-6"[39m
        [36m>[39m
          [36m<svg[39m
            [33mclass[39m=[32m"lucide lucide-zap "[39m
            [33mfill[39m=[32m"none"[39m
            [33mheight[39m=[32m"12"[39m
            [33mstroke[39m=[32m"currentColor"[39m
            [33mstroke-linecap[39m=[32m"round"[39m
            [33mstroke-linejoin[39m=[32m"round"[39m
            [33mstroke-width[39m=[32m"2"[39m
            [33mviewBox[39m=[32m"0 0 24 24"[39m
            [33mwidth[39m=[32m"12"[39m
            [33mxmlns[39m=[32m"http://www.w3.org/2000/svg"[39m
          [36m>[39m
            [36m<polygon[39m
              [33mpoints[39m=[32m"13 2 3 14 12 14 11 22 21 10 12 10 13 2"[39m
            [36m/>[39m
          [36m</svg>[39m
          [0m Core Sovereign Telemetry[0m
        [36m</div>[39m
        [36m<h1[39m
          [33mclass[39m=[32m"text-3xl md:text-5xl font-black uppercase tracking-heading leading-tight text-white mb-4"[39m
        [36m>[39m
          [0mUS Macro & Fiscal [0m
          [36m<span[39m
            [33mclass[39m=[32m"text-blue-500"[39m
          [36m>[39m
            [0mLab[0m
          [36m</span>[39m
        [36m</h1>[39m
        [36m<p[39m
          [33mclass[39m=[32m"text-muted-foreground/60 max-w-3xl text-base md:text-lg font-medium leading-relaxed uppercase tracking-wide"[39m
        [36m>[39m
          [0mTracking the structural debt dynamics, treasury demand vectors, and fiscal policy impact of the world's reserve currency issuer.[0m
        [36m</p>[39m
      [36m</div>[39m
      [36m<div[39m
        [33mclass[39m=[32m"space-y-32"[39m
      [36m>[39m
        [36m<section>[39m
          [36m<div[39m
            [33mclass[39m=[32m"flex items-center gap-3 mb-8"[39m
          [36m>[39m
            [36m<svg[39m
              [33mclass[39m=[32m"lucide lucide-trending-up text-blue-500"[39m
              [33mfill[39m=[32m"none"[39m
              [33mheight[39m=[32m"24"[39m
              [33mstroke[39m=[32m"currentColor"[39m
              [33mstroke-linecap[39m=[32m"round"[39m
              [33mstroke-linejoin[39m=[32m"round"[39m
              [33mstroke-width[39m=[32m"2"[39m
              [33mviewBox[39m=[32m"0 0 24 24"[39m
              [33mwidth[39m=[32m"24"[39m
              [33mxmlns[39m=[32m"http://www.w3.org/2000/svg"[39m
            [36m>[39m
              [36m<polyline[39m
                [33mpoints[39m=[32m"22 7 13.5 15.5 8.5 10.5 2 17"[39m
              [36m/>[39m
              [36m<polyline[39m
                [33mpoints[39m=[32m"16 7 22 7 22 13"[39m
              [36m/>[39m
            [36m</svg>[39m
            [36m<h2[39m
              [33mclass[39m=[32m"text-2xl font-black uppercase tracking-heading text-white"[39m
            [36m>[39m
              [0mUS Debt Maturity Wall[0m
            [36m</h2>[39m
          [36m</div>[39m
          [36m<div[39m
            [33mclass[39m=[32m"p-12 rounded-3xl border border-rose-500/20 bg-rose-500/[0.02] backdrop-blur-sm flex flex-col items-center justify-center text-center space-y-6"[39m
          [36m>[39m
            [36m<div[39m
              [33mclass[39m=[32m"w-16 h-16 rounded-full bg-rose-500/10 flex items-center justify-center text-rose-500"[39m
            [36m>[39m
              [36m<svg[39m
                [33mclass[39m=[32m"lucide lucide-alert-triangle "[39m
                [33mfill[39m=[32m"none"[39m
                [33mheight[39m=[32m"32"[39m
                [33mstroke[39m=[32m"currentColor"[39m
                [33mstroke-linecap[39m=[32m"round"[39m
                [33mstroke-linejoin[39m=[32m"round"[39m
                [33mstroke-width[39m=[32m"2"[39m
                [33mviewBox[39m=[32m"0 0 24 24"[39m
                [33mwidth[39m=[32m"32"[39m
                [33mxmlns[39m=[32m"http://www.w3.org/2000/svg"[39m
              [36m>[39m
                [36m<path[39m
                  [33md[39m=[32m"m21.73 18-8-14a2 2 0 0 0-3.48 0l-8 14A2 2 0 0 0 4 21h16a2 2 0 0 0 1.73-3Z"[39m
                [36m/>[39m
   ...
 ❯ waitForWrapper node_modules/@testing-library/dom/dist/wait-for.js:163:27
 ❯ node_modules/@testing-library/dom/dist/query-helpers.js:86:33
 ❯ src/smoke.test.tsx:135:29
    133|             </TestWrapper>
    134|         );
    135|         expect(await screen.findByText(/Telemetry/i, {}, { timeout: 10…
       |                             ^
    136|     }, 20000);
    137| 

⎯⎯⎯⎯⎯⎯⎯⎯⎯⎯⎯⎯⎯⎯⎯⎯⎯⎯⎯⎯⎯⎯⎯⎯[2/5]⎯

 FAIL  src/smoke.test.tsx > Smoke Tests > renders China15thFYPLab page without crashing
TestingLibraryElementError: Found multiple elements with the text: /Intelligence/i

Here are the matching elements:

Ignored nodes: comments, script, style
[36m<span[39m
  [33mclass[39m=[32m"text-xs font-black uppercase tracking-uppercase text-red-500"[39m
[36m>[39m
  [0mMission Intelligence Lab[0m
[36m</span>[39m

Ignored nodes: comments, script, style
[36m<button[39m
  [33mclass[39m=[32m"inline-flex items-center justify-center whitespace-nowrap transition-colors focus-visible:outline-none focus-visible:ring-1 focus-visible:ring-ring disabled:pointer-events-none disabled:opacity-50 border bg-transparent shadow-sm hover:text-white h-9 py-2 border-white/10 text-white/70 hover:bg-white/5 hover:border-white/20 font-black text-[10px] tracking-widest uppercase rounded-xl px-6"[39m
[36m>[39m
  [36m<svg[39m
    [33mclass[39m=[32m"lucide lucide-share2 mr-2"[39m
    [33mfill[39m=[32m"none"[39m
    [33mheight[39m=[32m"14"[39m
    [33mstroke[39m=[32m"currentColor"[39m
    [33mstroke-linecap[39m=[32m"round"[39m
    [33mstroke-linejoin[39m=[32m"round"[39m
    [33mstroke-width[39m=[32m"2"[39m
    [33mviewBox[39m=[32m"0 0 24 24"[39m
    [33mwidth[39m=[32m"14"[39m
    [33mxmlns[39m=[32m"http://www.w3.org/2000/svg"[39m
  [36m>[39m
    [36m<circle[39m
      [33mcx[39m=[32m"18"[39m
      [33mcy[39m=[32m"5"[39m
      [33mr[39m=[32m"3"[39m
    [36m/>[39m
    [36m<circle[39m
      [33mcx[39m=[32m"6"[39m
      [33mcy[39m=[32m"12"[39m
      [33mr[39m=[32m"3"[39m
    [36m/>[39m
    [36m<circle[39m
      [33mcx[39m=[32m"18"[39m
      [33mcy[39m=[32m"19"[39m
      [33mr[39m=[32m"3"[39m
    [36m/>[39m
    [36m<line[39m
      [33mx1[39m=[32m"8.59"[39m
      [33mx2[39m=[32m"15.42"[39m
      [33my1[39m=[32m"13.51"[39m
      [33my2[39m=[32m"17.49"[39m
    [36m/>[39m
    [36m<line[39m
      [33mx1[39m=[32m"15.41"[39m
      [33mx2[39m=[32m"8.59"[39m
      [33my1[39m=[32m"6.51"[39m
      [33my2[39m=[32m"10.49"[39m
    [36m/>[39m
  [36m</svg>[39m
  [0mShare Intelligence[0m
[36m</button>[39m

Ignored nodes: comments, script, style
[36m<p[39m
  [33mclass[39m=[32m"text-sm text-muted-foreground leading-relaxed"[39m
[36m>[39m
  [0mData source: Central Committee of the Communist Party of China (CPC), Official Release (March 2026). Forecast models internalized from GraphiQuestor Quantitative Intelligence.[0m
[36m</p>[39m

(If this is intentional, then use the `*AllBy*` variant of the query (like `queryAllByText`, `getAllByText`, or `findAllByText`)).

Ignored nodes: comments, script, style
[36m<body>[39m
  [36m<div>[39m
    [36m<div[39m
      [33mclass[39m=[32m"min-h-screen bg-[#020617] text-slate-200 selection:bg-red-500/30"[39m
    [36m>[39m
      [36m<div[39m
        [33mclass[39m=[32m"fixed inset-0 overflow-hidden pointer-events-none"[39m
      [36m>[39m
        [36m<div[39m
          [33mclass[39m=[32m"absolute top-0 right-0 w-[800px] h-[800px] bg-red-500/5 blur-[150px] -translate-y-1/2 translate-x-1/2"[39m
        [36m/>[39m
        [36m<div[39m
          [33mclass[39m=[32m"absolute bottom-0 left-0 w-[600px] h-[600px] bg-blue-500/5 blur-[120px] translate-y-1/2 -translate-x-1/2"[39m
        [36m/>[39m
      [36m</div>[39m
      [36m<main[39m
        [33mclass[39m=[32m"relative z-10 max-w-7xl mx-auto px-6 pt-24 pb-32"[39m
      [36m>[39m
        [36m<div[39m
          [33mclass[39m=[32m"flex flex-col md:flex-row justify-between items-start gap-12 mb-16"[39m
        [36m>[39m
          [36m<div[39m
            [33mclass[39m=[32m"space-y-6 max-w-2xl"[39m
          [36m>[39m
            [36m<div[39m
              [33mclass[39m=[32m"flex items-center gap-3"[39m
            [36m>[39m
              [36m<div[39m
                [33mclass[39m=[32m"p-2 rounded-xl bg-red-500/10 border border-red-500/20"[39m
              [36m>[39m
                [36m<svg[39m
                  [33mclass[39m=[32m"lucide lucide-flag text-red-500 w-6 h-6"[39m
                  [33mfill[39m=[32m"none"[39m
                  [33mheight[39m=[32m"24"[39m
                  [33mstroke[39m=[32m"currentColor"[39m
                  [33mstroke-linecap[39m=[32m"round"[39m
                  [33mstroke-linejoin[39m=[32m"round"[39m
                  [33mstroke-width[39m=[32m"2"[39m
                  [33mviewBox[39m=[32m"0 0 24 24"[39m
                  [33mwidth[39m=[32m"24"[39m
                  [33mxmlns[39m=[32m"http://www.w3.org/2000/svg"[39m
                [36m>[39m
                  [36m<path[39m
                    [33md[39m=[32m"M4 15s1-1 4-1 5 2 8 2 4-1 4-1V3s-1 1-4 1-5-2-8-2-4 1-4 1z"[39m
                  [36m/>[39m
                  [36m<line[39m
                    [33mx1[39m=[32m"4"[39m
                    [33mx2[39m=[32m"4"[39m
                    [33my1[39m=[32m"22"[39m
                    [33my2[39m=[32m"15"[39m
                  [36m/>[39m
                [36m</svg>[39m
              [36m</div>[39m
              [36m<div[39m
                [33mclass[39m=[32m"flex flex-col"[39m
              [36m>[39m
                [36m<span[39m
                  [33mclass[39m=[32m"text-xs font-black uppercase tracking-uppercase text-red-500"[39m
                [36m>[39m
                  [0mMission Intelligence Lab[0m
                [36m</span>[39m
                [36m<h1[39m
                  [33mclass[39m=[32m"text-4xl md:text-5xl font-black tracking-heading text-white italic uppercase"[39m
                [36m>[39m
                  [0mChina 15th [0m
                  [36m<span[39m
                    [33mclass[39m=[32m"text-red-500"[39m
                  [36m>[39m
                    [0mFive-Year Plan[0m
                  [36m</span>[39m
                [36m</h1>[39m
              [36m</div>[39m
            [36m</div>[39m
            [36m<p[39m
              [33mclass[39m=[32m"text-lg text-slate-400 leading-relaxed font-medium"[39m
            [36m>[39m
              [0mAn institutional-grade telemetry dashboard tracking the 2026–2030 roadmap for high-quality development, technological self-reliance, and national economic security.[0m
            [36m</p>[39m
            [36m<div[39m
              [33mclass[39m=[32m"flex flex-wrap gap-4"[39m
            [36m>[39m
              [36m<div[39m
                [33mclass[39m=[32m"flex items-center gap-2 px-4 py-2 rounded-full bg-white/5 border border-white/12 text-xs font-bold uppercase tracking-uppercase text-slate-300"[39m
              [36m>[39m
                [36m<div[39m
                  [33mclass[39m=[32m"w-1.5 h-1.5 rounded-full bg-red-500 animate-pulse"[39m
                [36m/>[39m
                [0mActive Monitoring[0m
              [36m</div>[39m
              [36m<div[39m
                [33mclass[39m=[32m"flex items-center gap-2 px-4 py-2 rounded-full bg-white/5 border border-white/12 text-xs font-bold uppercase tracking-uppercase text-slate-300"[39m
              [36m>[39m
                [0mLast Updated: March 14, 2026[0m
              [36m</div>[39m
            [36m</div>[39m
          [36m</div>[39m
          [36m<div[39m
            [33mclass[39m=[32m"flex flex-col gap-3 w-full md:w-auto"[39m
          [36m>[39m
            [36m<button[39m
              [33mclass[39m=[32m"inline-flex items-center justify-center whitespace-nowrap transition-colors focus-visible:outline-none focus-visible:ring-1 focus-visible:ring-ring disabled:pointer-events-none disabled:opacity-50 shadow h-9 py-2 bg-red-600 hover:bg-red-700 text-white font-black text-[10px] tracking-widest uppercase rounded-xl px-6"[39m
            [36m>[39m
              [36m<svg[39m
                [33mclass[39m=[32m"lucide lucide-download mr-2"[39m
                [33mfill[39m=[32m"none"[39m
                [33mheight[39m=[32m"14"[39m
                [33mstroke[39m=[32m"currentColor"[39m
                [33mstroke-linecap[39m=[32m"round"[39m
                [33mstroke-linejoin[39m=[32m"round"[39m
                [33mstroke-width[39m=[32m"2"[39m
                [33mviewBox[39m=[32m"0 0 24 24"[39m
                [33mwidth[39m=[32m"14"[39m
                [33mxmlns[39m=[32m"http://www.w3.org/2000/svg"[39m
              [36m>[39m
                [36m<path[39m
                  [33md[39m=[32m"M21 15v4a2 2 0 0 1-2 2H5a2 2 0 0 1-2-2v-4"[39m
                [36m/>[39m
                [36m<polyline[39m
                  [33mpoints[39m=[32m"7 10 12 15 17 10"[39m
                [36m/>[39m
                [36m<line[39m
                  [33mx1[39m=[32m"12"[39m
                  [33mx2[39m=[32m"12"[39m
                  [33my1[39m=[32m"15"[39m
                  [33my2[39m=[32m"3"[39m
                [36m/>[39m
              [36m</svg>[39m
              [0mDownload Strategist PDF[0m
            [36m</button>[39m
            [36m<button[39m
              [33mclass[39m=[32m"inline-flex items-center justify-center whitespace-nowrap transition-colors focus-visible:outline-none focus-visible:ring-1 focus-visible:ring-ring disabled:pointer-events-none disabled:opacity-50 border bg-transparent shadow-sm hover:text-white h-9 py-2 border-white/10 text-white/70 hover:bg-white/5 hover:border-white/20 font-black text-[10px] tracking-widest uppercase rounded-xl px-6"[39m
            [36m>[39m
              [36m<svg[39m
     ...

Ignored nodes: comments, script, style
[36m<body>[39m
  [36m<div>[39m
    [36m<div[39m
      [33mclass[39m=[32m"min-h-screen bg-[#020617] text-slate-200 selection:bg-red-500/30"[39m
    [36m>[39m
      [36m<div[39m
        [33mclass[39m=[32m"fixed inset-0 overflow-hidden pointer-events-none"[39m
      [36m>[39m
        [36m<div[39m
          [33mclass[39m=[32m"absolute top-0 right-0 w-[800px] h-[800px] bg-red-500/5 blur-[150px] -translate-y-1/2 translate-x-1/2"[39m
        [36m/>[39m
        [36m<div[39m
          [33mclass[39m=[32m"absolute bottom-0 left-0 w-[600px] h-[600px] bg-blue-500/5 blur-[120px] translate-y-1/2 -translate-x-1/2"[39m
        [36m/>[39m
      [36m</div>[39m
      [36m<main[39m
        [33mclass[39m=[32m"relative z-10 max-w-7xl mx-auto px-6 pt-24 pb-32"[39m
      [36m>[39m
        [36m<div[39m
          [33mclass[39m=[32m"flex flex-col md:flex-row justify-between items-start gap-12 mb-16"[39m
        [36m>[39m
          [36m<div[39m
            [33mclass[39m=[32m"space-y-6 max-w-2xl"[39m
          [36m>[39m
            [36m<div[39m
              [33mclass[39m=[32m"flex items-center gap-3"[39m
            [36m>[39m
              [36m<div[39m
                [33mclass[39m=[32m"p-2 rounded-xl bg-red-500/10 border border-red-500/20"[39m
              [36m>[39m
                [36m<svg[39m
                  [33mclass[39m=[32m"lucide lucide-flag text-red-500 w-6 h-6"[39m
                  [33mfill[39m=[32m"none"[39m
                  [33mheight[39m=[32m"24"[39m
                  [33mstroke[39m=[32m"currentColor"[39m
                  [33mstroke-linecap[39m=[32m"round"[39m
                  [33mstroke-linejoin[39m=[32m"round"[39m
                  [33mstroke-width[39m=[32m"2"[39m
                  [33mviewBox[39m=[32m"0 0 24 24"[39m
                  [33mwidth[39m=[32m"24"[39m
                  [33mxmlns[39m=[32m"http://www.w3.org/2000/svg"[39m
                [36m>[39m
                  [36m<path[39m
                    [33md[39m=[32m"M4 15s1-1 4-1 5 2 8 2 4-1 4-1V3s-1 1-4 1-5-2-8-2-4 1-4 1z"[39m
                  [36m/>[39m
                  [36m<line[39m
                    [33mx1[39m=[32m"4"[39m
                    [33mx2[39m=[32m"4"[39m
                    [33my1[39m=[32m"22"[39m
                    [33my2[39m=[32m"15"[39m
                  [36m/>[39m
                [36m</svg>[39m
              [36m</div>[39m
              [36m<div[39m
                [33mclass[39m=[32m"flex flex-col"[39m
              [36m>[39m
                [36m<span[39m
                  [33mclass[39m=[32m"text-xs font-black uppercase tracking-uppercase text-red-500"[39m
                [36m>[39m
                  [0mMission Intelligence Lab[0m
                [36m</span>[39m
                [36m<h1[39m
                  [33mclass[39m=[32m"text-4xl md:text-5xl font-black tracking-heading text-white italic uppercase"[39m
                [36m>[39m
                  [0mChina 15th [0m
                  [36m<span[39m
                    [33mclass[39m=[32m"text-red-500"[39m
                  [36m>[39m
                    [0mFive-Year Plan[0m
                  [36m</span>[39m
                [36m</h1>[39m
              [36m</div>[39m
            [36m</div>[39m
            [36m<p[39m
              [33mclass[39m=[32m"text-lg text-slate-400 leading-relaxed font-medium"[39m
            [36m>[39m
              [0mAn institutional-grade telemetry dashboard tracking the 2026–2030 roadmap for high-quality development, technological self-reliance, and national economic security.[0m
            [36m</p>[39m
            [36m<div[39m
              [33mclass[39m=[32m"flex flex-wrap gap-4"[39m
            [36m>[39m
              [36m<div[39m
                [33mclass[39m=[32m"flex items-center gap-2 px-4 py-2 rounded-full bg-white/5 border border-white/12 text-xs font-bold uppercase tracking-uppercase text-slate-300"[39m
              [36m>[39m
                [36m<div[39m
                  [33mclass[39m=[32m"w-1.5 h-1.5 rounded-full bg-red-500 animate-pulse"[39m
                [36m/>[39m
                [0mActive Monitoring[0m
              [36m</div>[39m
              [36m<div[39m
                [33mclass[39m=[32m"flex items-center gap-2 px-4 py-2 rounded-full bg-white/5 border border-white/12 text-xs font-bold uppercase tracking-uppercase text-slate-300"[39m
              [36m>[39m
                [0mLast Updated: March 14, 2026[0m
              [36m</div>[39m
            [36m</div>[39m
          [36m</div>[39m
          [36m<div[39m
            [33mclass[39m=[32m"flex flex-col gap-3 w-full md:w-auto"[39m
          [36m>[39m
            [36m<button[39m
              [33mclass[39m=[32m"inline-flex items-center justify-center whitespace-nowrap transition-colors focus-visible:outline-none focus-visible:ring-1 focus-visible:ring-ring disabled:pointer-events-none disabled:opacity-50 shadow h-9 py-2 bg-red-600 hover:bg-red-700 text-white font-black text-[10px] tracking-widest uppercase rounded-xl px-6"[39m
            [36m>[39m
              [36m<svg[39m
                [33mclass[39m=[32m"lucide lucide-download mr-2"[39m
                [33mfill[39m=[32m"none"[39m
                [33mheight[39m=[32m"14"[39m
                [33mstroke[39m=[32m"currentColor"[39m
                [33mstroke-linecap[39m=[32m"round"[39m
                [33mstroke-linejoin[39m=[32m"round"[39m
                [33mstroke-width[39m=[32m"2"[39m
                [33mviewBox[39m=[32m"0 0 24 24"[39m
                [33mwidth[39m=[32m"14"[39m
                [33mxmlns[39m=[32m"http://www.w3.org/2000/svg"[39m
              [36m>[39m
                [36m<path[39m
                  [33md[39m=[32m"M21 15v4a2 2 0 0 1-2 2H5a2 2 0 0 1-2-2v-4"[39m
                [36m/>[39m
                [36m<polyline[39m
                  [33mpoints[39m=[32m"7 10 12 15 17 10"[39m
                [36m/>[39m
                [36m<line[39m
                  [33mx1[39m=[32m"12"[39m
                  [33mx2[39m=[32m"12"[39m
                  [33my1[39m=[32m"15"[39m
                  [33my2[39m=[32m"3"[39m
                [36m/>[39m
              [36m</svg>[39m
              [0mDownload Strategist PDF[0m
            [36m</button>[39m
            [36m<button[39m
              [33mclass[39m=[32m"inline-flex items-center justify-center whitespace-nowrap transition-colors focus-visible:outline-none focus-visible:ring-1 focus-visible:ring-ring disabled:pointer-events-none disabled:opacity-50 border bg-transparent shadow-sm hover:text-white h-9 py-2 border-white/10 text-white/70 hover:bg-white/5 hover:border-white/20 font-black text-[10px] tracking-widest uppercase rounded-xl px-6"[39m
            [36m>[39m
              [36m<svg[39m
     ...
 ❯ waitForWrapper node_modules/@testing-library/dom/dist/wait-for.js:163:27
 ❯ node_modules/@testing-library/dom/dist/query-helpers.js:86:33
 ❯ src/smoke.test.tsx:153:29
    151|             </TestWrapper>
    152|         );
    153|         expect(await screen.findByText(/Intelligence/i, {}, { timeout:…
       |                             ^
    154|     }, 20000);
    155| 

⎯⎯⎯⎯⎯⎯⎯⎯⎯⎯⎯⎯⎯⎯⎯⎯⎯⎯⎯⎯⎯⎯⎯⎯[3/5]⎯

 FAIL  src/smoke.test.tsx > Smoke Tests > renders SovereignStressLab page without crashing
TestingLibraryElementError: Found multiple elements with the text: /Sustainability/i

Here are the matching elements:

Ignored nodes: comments, script, style
[36m<div[39m
  [33mclass[39m=[32m"inline-flex items-center gap-2 px-3 py-1 rounded-full bg-purple-500/10 border border-purple-500/20 text-purple-400 text-[10px] font-black uppercase tracking-uppercase mb-6"[39m
[36m>[39m
  [36m<svg[39m
    [33mclass[39m=[32m"lucide lucide-shield-alert "[39m
    [33mfill[39m=[32m"none"[39m
    [33mheight[39m=[32m"12"[39m
    [33mstroke[39m=[32m"currentColor"[39m
    [33mstroke-linecap[39m=[32m"round"[39m
    [33mstroke-linejoin[39m=[32m"round"[39m
    [33mstroke-width[39m=[32m"2"[39m
    [33mviewBox[39m=[32m"0 0 24 24"[39m
    [33mwidth[39m=[32m"12"[39m
    [33mxmlns[39m=[32m"http://www.w3.org/2000/svg"[39m
  [36m>[39m
    [36m<path[39m
      [33md[39m=[32m"M12 22s8-4 8-10V5l-8-3-8 3v7c0 6 8 10 8 10"[39m
    [36m/>[39m
    [36m<path[39m
      [33md[39m=[32m"M12 8v4"[39m
    [36m/>[39m
    [36m<path[39m
      [33md[39m=[32m"M12 16h.01"[39m
    [36m/>[39m
  [36m</svg>[39m
  [0m Fiscal Sustainability Monitor[0m
[36m</div>[39m

Ignored nodes: comments, script, style
[36m<p[39m
  [33mclass[39m=[32m"text-muted-foreground/60 max-w-3xl text-sm md:text-lg font-medium leading-relaxed uppercase tracking-wide"[39m
[36m>[39m
  [0mMonitoring G20 debt sustainability, interest-to-revenue ratios, and the structural widening of sovereign credit default swaps.[0m
[36m</p>[39m

(If this is intentional, then use the `*AllBy*` variant of the query (like `queryAllByText`, `getAllByText`, or `findAllByText`)).

Ignored nodes: comments, script, style
[36m<body>[39m
  [36m<div>[39m
    [36m<div[39m
      [33mclass[39m=[32m"w-full max-w-[1700px] mx-auto px-4 sm:px-6 lg:px-12 py-12"[39m
    [36m>[39m
      [36m<div[39m
        [33mclass[39m=[32m"mb-8"[39m
      [36m>[39m
        [36m<nav[39m
          [33mclass[39m=[32m"flex items-center gap-2 text-[10px] font-black uppercase tracking-widest text-muted-foreground/40"[39m
        [36m>[39m
          [36m<a[39m
            [33mclass[39m=[32m"hover:text-white transition-colors"[39m
            [33mhref[39m=[32m"/"[39m
          [36m>[39m
            [0mHome[0m
          [36m</a>[39m
          [36m<svg[39m
            [33mclass[39m=[32m"lucide lucide-chevron-right "[39m
            [33mfill[39m=[32m"none"[39m
            [33mheight[39m=[32m"10"[39m
            [33mstroke[39m=[32m"currentColor"[39m
            [33mstroke-linecap[39m=[32m"round"[39m
            [33mstroke-linejoin[39m=[32m"round"[39m
            [33mstroke-width[39m=[32m"2"[39m
            [33mviewBox[39m=[32m"0 0 24 24"[39m
            [33mwidth[39m=[32m"10"[39m
            [33mxmlns[39m=[32m"http://www.w3.org/2000/svg"[39m
          [36m>[39m
            [36m<path[39m
              [33md[39m=[32m"m9 18 6-6-6-6"[39m
            [36m/>[39m
          [36m</svg>[39m
          [36m<a[39m
            [33mclass[39m=[32m"hover:text-white transition-colors"[39m
            [33mhref[39m=[32m"/macro-observatory"[39m
          [36m>[39m
            [0mObservatory[0m
          [36m</a>[39m
          [36m<svg[39m
            [33mclass[39m=[32m"lucide lucide-chevron-right "[39m
            [33mfill[39m=[32m"none"[39m
            [33mheight[39m=[32m"10"[39m
            [33mstroke[39m=[32m"currentColor"[39m
            [33mstroke-linecap[39m=[32m"round"[39m
            [33mstroke-linejoin[39m=[32m"round"[39m
            [33mstroke-width[39m=[32m"2"[39m
            [33mviewBox[39m=[32m"0 0 24 24"[39m
            [33mwidth[39m=[32m"10"[39m
            [33mxmlns[39m=[32m"http://www.w3.org/2000/svg"[39m
          [36m>[39m
            [36m<path[39m
              [33md[39m=[32m"m9 18 6-6-6-6"[39m
            [36m/>[39m
          [36m</svg>[39m
          [36m<span[39m
            [33mclass[39m=[32m"text-purple-500"[39m
          [36m>[39m
            [0mSovereign Stress[0m
          [36m</span>[39m
        [36m</nav>[39m
      [36m</div>[39m
      [36m<div[39m
        [33mclass[39m=[32m"mb-16"[39m
      [36m>[39m
        [36m<div[39m
          [33mclass[39m=[32m"inline-flex items-center gap-2 px-3 py-1 rounded-full bg-purple-500/10 border border-purple-500/20 text-purple-400 text-[10px] font-black uppercase tracking-uppercase mb-6"[39m
        [36m>[39m
          [36m<svg[39m
            [33mclass[39m=[32m"lucide lucide-shield-alert "[39m
            [33mfill[39m=[32m"none"[39m
            [33mheight[39m=[32m"12"[39m
            [33mstroke[39m=[32m"currentColor"[39m
            [33mstroke-linecap[39m=[32m"round"[39m
            [33mstroke-linejoin[39m=[32m"round"[39m
            [33mstroke-width[39m=[32m"2"[39m
            [33mviewBox[39m=[32m"0 0 24 24"[39m
            [33mwidth[39m=[32m"12"[39m
            [33mxmlns[39m=[32m"http://www.w3.org/2000/svg"[39m
          [36m>[39m
            [36m<path[39m
              [33md[39m=[32m"M12 22s8-4 8-10V5l-8-3-8 3v7c0 6 8 10 8 10"[39m
            [36m/>[39m
            [36m<path[39m
              [33md[39m=[32m"M12 8v4"[39m
            [36m/>[39m
            [36m<path[39m
              [33md[39m=[32m"M12 16h.01"[39m
            [36m/>[39m
          [36m</svg>[39m
          [0m Fiscal Sustainability Monitor[0m
        [36m</div>[39m
        [36m<h1[39m
          [33mclass[39m=[32m"text-3xl md:text-5xl font-black uppercase tracking-heading leading-tight text-white mb-4"[39m
        [36m>[39m
          [0mSovereign [0m
          [36m<span[39m
            [33mclass[39m=[32m"text-purple-500"[39m
          [36m>[39m
            [0mStress[0m
          [36m</span>[39m
          [0m Lab[0m
        [36m</h1>[39m
        [36m<p[39m
          [33mclass[39m=[32m"text-muted-foreground/60 max-w-3xl text-sm md:text-lg font-medium leading-relaxed uppercase tracking-wide"[39m
        [36m>[39m
          [0mMonitoring G20 debt sustainability, interest-to-revenue ratios, and the structural widening of sovereign credit default swaps.[0m
        [36m</p>[39m
      [36m</div>[39m
      [36m<div[39m
        [33mclass[39m=[32m"space-y-32"[39m
      [36m>[39m
        [36m<section>[39m
          [36m<div[39m
            [33mclass[39m=[32m"flex items-center gap-3 mb-10"[39m
          [36m>[39m
            [36m<svg[39m
              [33mclass[39m=[32m"lucide lucide-trending-up text-purple-500"[39m
              [33mfill[39m=[32m"none"[39m
              [33mheight[39m=[32m"28"[39m
              [33mstroke[39m=[32m"currentColor"[39m
              [33mstroke-linecap[39m=[32m"round"[39m
              [33mstroke-linejoin[39m=[32m"round"[39m
              [33mstroke-width[39m=[32m"2"[39m
              [33mviewBox[39m=[32m"0 0 24 24"[39m
              [33mwidth[39m=[32m"28"[39m
              [33mxmlns[39m=[32m"http://www.w3.org/2000/svg"[39m
            [36m>[39m
              [36m<polyline[39m
                [33mpoints[39m=[32m"22 7 13.5 15.5 8.5 10.5 2 17"[39m
              [36m/>[39m
              [36m<polyline[39m
                [33mpoints[39m=[32m"16 7 22 7 22 13"[39m
              [36m/>[39m
            [36m</svg>[39m
            [36m<h2[39m
              [33mclass[39m=[32m"text-2xl font-black uppercase tracking-heading text-white"[39m
            [36m>[39m
              [0mSovereign Risk Matrix[0m
            [36m</h2>[39m
          [36m</div>[39m
          [36m<div[39m
            [33mclass[39m=[32m"h-[200px] w-full animate-pulse bg-white/5 rounded-xl"[39m
          [36m/>[39m
          [36m<p[39m
            [33mclass[39m=[32m"mt-4 px-4 py-3 text-xs leading-relaxed text-muted-foreground/60 font-medium border-l-2 border-blue-500/20 bg-white/[0.01] rounded-r-lg max-w-3xl"[39m
            [33mid[39m=[32m"lab-sovereign-risk"[39m
            [33mstyle[39m=[32m"font-style: normal;"[39m
          [36m>[39m
            [0mThe G20 Risk Matrix scores nations on debt/GDP, CDS spreads, and refinancing pressure. Current readings highlight Japan and Italy as structural outliers in the developed market universe.[0m
          [36m</p>[39m
        [36m</section>[39m
        [36m<section>[39m
          [36m<div[39m
            [33mclass[39m=[32m"flex items-center gap-3 mb-10"[39m
          [36m>[39m
            [36m<svg[39m
              [33mclass[39m=[32m"lucide lucide-activity t...

Ignored nodes: comments, script, style
[36m<body>[39m
  [36m<div>[39m
    [36m<div[39m
      [33mclass[39m=[32m"w-full max-w-[1700px] mx-auto px-4 sm:px-6 lg:px-12 py-12"[39m
    [36m>[39m
      [36m<div[39m
        [33mclass[39m=[32m"mb-8"[39m
      [36m>[39m
        [36m<nav[39m
          [33mclass[39m=[32m"flex items-center gap-2 text-[10px] font-black uppercase tracking-widest text-muted-foreground/40"[39m
        [36m>[39m
          [36m<a[39m
            [33mclass[39m=[32m"hover:text-white transition-colors"[39m
            [33mhref[39m=[32m"/"[39m
          [36m>[39m
            [0mHome[0m
          [36m</a>[39m
          [36m<svg[39m
            [33mclass[39m=[32m"lucide lucide-chevron-right "[39m
            [33mfill[39m=[32m"none"[39m
            [33mheight[39m=[32m"10"[39m
            [33mstroke[39m=[32m"currentColor"[39m
            [33mstroke-linecap[39m=[32m"round"[39m
            [33mstroke-linejoin[39m=[32m"round"[39m
            [33mstroke-width[39m=[32m"2"[39m
            [33mviewBox[39m=[32m"0 0 24 24"[39m
            [33mwidth[39m=[32m"10"[39m
            [33mxmlns[39m=[32m"http://www.w3.org/2000/svg"[39m
          [36m>[39m
            [36m<path[39m
              [33md[39m=[32m"m9 18 6-6-6-6"[39m
            [36m/>[39m
          [36m</svg>[39m
          [36m<a[39m
            [33mclass[39m=[32m"hover:text-white transition-colors"[39m
            [33mhref[39m=[32m"/macro-observatory"[39m
          [36m>[39m
            [0mObservatory[0m
          [36m</a>[39m
          [36m<svg[39m
            [33mclass[39m=[32m"lucide lucide-chevron-right "[39m
            [33mfill[39m=[32m"none"[39m
            [33mheight[39m=[32m"10"[39m
            [33mstroke[39m=[32m"currentColor"[39m
            [33mstroke-linecap[39m=[32m"round"[39m
            [33mstroke-linejoin[39m=[32m"round"[39m
            [33mstroke-width[39m=[32m"2"[39m
            [33mviewBox[39m=[32m"0 0 24 24"[39m
            [33mwidth[39m=[32m"10"[39m
            [33mxmlns[39m=[32m"http://www.w3.org/2000/svg"[39m
          [36m>[39m
            [36m<path[39m
              [33md[39m=[32m"m9 18 6-6-6-6"[39m
            [36m/>[39m
          [36m</svg>[39m
          [36m<span[39m
            [33mclass[39m=[32m"text-purple-500"[39m
          [36m>[39m
            [0mSovereign Stress[0m
          [36m</span>[39m
        [36m</nav>[39m
      [36m</div>[39m
      [36m<div[39m
        [33mclass[39m=[32m"mb-16"[39m
      [36m>[39m
        [36m<div[39m
          [33mclass[39m=[32m"inline-flex items-center gap-2 px-3 py-1 rounded-full bg-purple-500/10 border border-purple-500/20 text-purple-400 text-[10px] font-black uppercase tracking-uppercase mb-6"[39m
        [36m>[39m
          [36m<svg[39m
            [33mclass[39m=[32m"lucide lucide-shield-alert "[39m
            [33mfill[39m=[32m"none"[39m
            [33mheight[39m=[32m"12"[39m
            [33mstroke[39m=[32m"currentColor"[39m
            [33mstroke-linecap[39m=[32m"round"[39m
            [33mstroke-linejoin[39m=[32m"round"[39m
            [33mstroke-width[39m=[32m"2"[39m
            [33mviewBox[39m=[32m"0 0 24 24"[39m
            [33mwidth[39m=[32m"12"[39m
            [33mxmlns[39m=[32m"http://www.w3.org/2000/svg"[39m
          [36m>[39m
            [36m<path[39m
              [33md[39m=[32m"M12 22s8-4 8-10V5l-8-3-8 3v7c0 6 8 10 8 10"[39m
            [36m/>[39m
            [36m<path[39m
              [33md[39m=[32m"M12 8v4"[39m
            [36m/>[39m
            [36m<path[39m
              [33md[39m=[32m"M12 16h.01"[39m
            [36m/>[39m
          [36m</svg>[39m
          [0m Fiscal Sustainability Monitor[0m
        [36m</div>[39m
        [36m<h1[39m
          [33mclass[39m=[32m"text-3xl md:text-5xl font-black uppercase tracking-heading leading-tight text-white mb-4"[39m
        [36m>[39m
          [0mSovereign [0m
          [36m<span[39m
            [33mclass[39m=[32m"text-purple-500"[39m
          [36m>[39m
            [0mStress[0m
          [36m</span>[39m
          [0m Lab[0m
        [36m</h1>[39m
        [36m<p[39m
          [33mclass[39m=[32m"text-muted-foreground/60 max-w-3xl text-sm md:text-lg font-medium leading-relaxed uppercase tracking-wide"[39m
        [36m>[39m
          [0mMonitoring G20 debt sustainability, interest-to-revenue ratios, and the structural widening of sovereign credit default swaps.[0m
        [36m</p>[39m
      [36m</div>[39m
      [36m<div[39m
        [33mclass[39m=[32m"space-y-32"[39m
      [36m>[39m
        [36m<section>[39m
          [36m<div[39m
            [33mclass[39m=[32m"flex items-center gap-3 mb-10"[39m
          [36m>[39m
            [36m<svg[39m
              [33mclass[39m=[32m"lucide lucide-trending-up text-purple-500"[39m
              [33mfill[39m=[32m"none"[39m
              [33mheight[39m=[32m"28"[39m
              [33mstroke[39m=[32m"currentColor"[39m
              [33mstroke-linecap[39m=[32m"round"[39m
              [33mstroke-linejoin[39m=[32m"round"[39m
              [33mstroke-width[39m=[32m"2"[39m
              [33mviewBox[39m=[32m"0 0 24 24"[39m
              [33mwidth[39m=[32m"28"[39m
              [33mxmlns[39m=[32m"http://www.w3.org/2000/svg"[39m
            [36m>[39m
              [36m<polyline[39m
                [33mpoints[39m=[32m"22 7 13.5 15.5 8.5 10.5 2 17"[39m
              [36m/>[39m
              [36m<polyline[39m
                [33mpoints[39m=[32m"16 7 22 7 22 13"[39m
              [36m/>[39m
            [36m</svg>[39m
            [36m<h2[39m
              [33mclass[39m=[32m"text-2xl font-black uppercase tracking-heading text-white"[39m
            [36m>[39m
              [0mSovereign Risk Matrix[0m
            [36m</h2>[39m
          [36m</div>[39m
          [36m<div[39m
            [33mclass[39m=[32m"h-[200px] w-full animate-pulse bg-white/5 rounded-xl"[39m
          [36m/>[39m
          [36m<p[39m
            [33mclass[39m=[32m"mt-4 px-4 py-3 text-xs leading-relaxed text-muted-foreground/60 font-medium border-l-2 border-blue-500/20 bg-white/[0.01] rounded-r-lg max-w-3xl"[39m
            [33mid[39m=[32m"lab-sovereign-risk"[39m
            [33mstyle[39m=[32m"font-style: normal;"[39m
          [36m>[39m
            [0mThe G20 Risk Matrix scores nations on debt/GDP, CDS spreads, and refinancing pressure. Current readings highlight Japan and Italy as structural outliers in the developed market universe.[0m
          [36m</p>[39m
        [36m</section>[39m
        [36m<section>[39m
          [36m<div[39m
            [33mclass[39m=[32m"flex items-center gap-3 mb-10"[39m
          [36m>[39m
            [36m<svg[39m
              [33mclass[39m=[32m"lucide lucide-activity t...
 ❯ waitForWrapper node_modules/@testing-library/dom/dist/wait-for.js:163:27
 ❯ node_modules/@testing-library/dom/dist/query-helpers.js:86:33
 ❯ src/smoke.test.tsx:162:29
    160|             </TestWrapper>
    161|         );
    162|         expect(await screen.findByText(/Sustainability/i, {}, { timeou…
       |                             ^
    163|     }, 20000);
    164| 

⎯⎯⎯⎯⎯⎯⎯⎯⎯⎯⎯⎯⎯⎯⎯⎯⎯⎯⎯⎯⎯⎯⎯⎯[4/5]⎯

 FAIL  src/smoke.test.tsx > Smoke Tests > renders SustainableFinanceLab page without crashing
TestingLibraryElementError: Found multiple elements with the text: /Climate/i

Here are the matching elements:

Ignored nodes: comments, script, style
[36m<div[39m
  [33mclass[39m=[32m"inline-flex items-center gap-2 px-3 py-1 rounded-full bg-emerald-500/10 border border-emerald-500/20 text-emerald-500 text-[10px] font-black uppercase tracking-uppercase mb-6"[39m
[36m>[39m
  [36m<svg[39m
    [33mclass[39m=[32m"lucide lucide-leaf "[39m
    [33mfill[39m=[32m"none"[39m
    [33mheight[39m=[32m"12"[39m
    [33mstroke[39m=[32m"currentColor"[39m
    [33mstroke-linecap[39m=[32m"round"[39m
    [33mstroke-linejoin[39m=[32m"round"[39m
    [33mstroke-width[39m=[32m"2"[39m
    [33mviewBox[39m=[32m"0 0 24 24"[39m
    [33mwidth[39m=[32m"12"[39m
    [33mxmlns[39m=[32m"http://www.w3.org/2000/svg"[39m
  [36m>[39m
    [36m<path[39m
      [33md[39m=[32m"M11 20A7 7 0 0 1 9.8 6.1C15.5 5 17 4.48 19 2c1 2 2 4.18 2 8 0 5.5-4.78 10-10 10Z"[39m
    [36m/>[39m
    [36m<path[39m
      [33md[39m=[32m"M2 21c0-3 1.85-5.36 5.08-6C9.5 14.52 12 13 13 12"[39m
    [36m/>[39m
  [36m</svg>[39m
  [0m ESG Transition & Climate Alpha[0m
[36m</div>[39m

Ignored nodes: comments, script, style
[36m<h1[39m
  [33mclass[39m=[32m"text-3xl md:text-5xl font-black uppercase tracking-heading leading-tight text-white mb-4"[39m
[36m>[39m
  [0mSustainable [0m
  [36m<span[39m
    [33mclass[39m=[32m"text-emerald-500"[39m
  [36m>[39m
    [0mFinance[0m
  [36m</span>[39m
  [0m & Climate Risk[0m
[36m</h1>[39m

Ignored nodes: comments, script, style
[36m<p[39m
  [33mclass[39m=[32m"text-muted-foreground/60 max-w-3xl text-sm md:text-lg font-medium leading-relaxed uppercase tracking-wide mb-8"[39m
[36m>[39m
  [0mMonitoring G20 climate transition risk, sovereign temperature alignment, and the carbon intensity of global industrial hubs.[0m
[36m</p>[39m

Ignored nodes: comments, script, style
[36m<div[39m
  [33mclass[39m=[32m"text-xs text-gray-600 font-mono mt-2 uppercase tracking-heading"[39m
[36m>[39m
  [0mv1.2.0-CLIMATE-CORE[0m
[36m</div>[39m

(If this is intentional, then use the `*AllBy*` variant of the query (like `queryAllByText`, `getAllByText`, or `findAllByText`)).

Ignored nodes: comments, script, style
[36m<body>[39m
  [36m<div>[39m
    [36m<div[39m
      [33mclass[39m=[32m"w-full max-w-[1700px] mx-auto px-4 sm:px-6 lg:px-12 py-12"[39m
    [36m>[39m
      [36m<div[39m
        [33mclass[39m=[32m"mb-8"[39m
      [36m>[39m
        [36m<nav[39m
          [33mclass[39m=[32m"flex items-center gap-2 text-[10px] font-black uppercase tracking-widest text-muted-foreground/40"[39m
        [36m>[39m
          [36m<a[39m
            [33mclass[39m=[32m"hover:text-white transition-colors"[39m
            [33mhref[39m=[32m"/"[39m
          [36m>[39m
            [0mHome[0m
          [36m</a>[39m
          [36m<svg[39m
            [33mclass[39m=[32m"lucide lucide-chevron-right "[39m
            [33mfill[39m=[32m"none"[39m
            [33mheight[39m=[32m"10"[39m
            [33mstroke[39m=[32m"currentColor"[39m
            [33mstroke-linecap[39m=[32m"round"[39m
            [33mstroke-linejoin[39m=[32m"round"[39m
            [33mstroke-width[39m=[32m"2"[39m
            [33mviewBox[39m=[32m"0 0 24 24"[39m
            [33mwidth[39m=[32m"10"[39m
            [33mxmlns[39m=[32m"http://www.w3.org/2000/svg"[39m
          [36m>[39m
            [36m<path[39m
              [33md[39m=[32m"m9 18 6-6-6-6"[39m
            [36m/>[39m
          [36m</svg>[39m
          [36m<a[39m
            [33mclass[39m=[32m"hover:text-white transition-colors"[39m
            [33mhref[39m=[32m"/macro-observatory"[39m
          [36m>[39m
            [0mObservatory[0m
          [36m</a>[39m
          [36m<svg[39m
            [33mclass[39m=[32m"lucide lucide-chevron-right "[39m
            [33mfill[39m=[32m"none"[39m
            [33mheight[39m=[32m"10"[39m
            [33mstroke[39m=[32m"currentColor"[39m
            [33mstroke-linecap[39m=[32m"round"[39m
            [33mstroke-linejoin[39m=[32m"round"[39m
            [33mstroke-width[39m=[32m"2"[39m
            [33mviewBox[39m=[32m"0 0 24 24"[39m
            [33mwidth[39m=[32m"10"[39m
            [33mxmlns[39m=[32m"http://www.w3.org/2000/svg"[39m
          [36m>[39m
            [36m<path[39m
              [33md[39m=[32m"m9 18 6-6-6-6"[39m
            [36m/>[39m
          [36m</svg>[39m
          [36m<span[39m
            [33mclass[39m=[32m"text-emerald-500"[39m
          [36m>[39m
            [0mSustainable Finance[0m
          [36m</span>[39m
        [36m</nav>[39m
      [36m</div>[39m
      [36m<div[39m
        [33mclass[39m=[32m"mb-16"[39m
      [36m>[39m
        [36m<div[39m
          [33mclass[39m=[32m"inline-flex items-center gap-2 px-3 py-1 rounded-full bg-emerald-500/10 border border-emerald-500/20 text-emerald-500 text-[10px] font-black uppercase tracking-uppercase mb-6"[39m
        [36m>[39m
          [36m<svg[39m
            [33mclass[39m=[32m"lucide lucide-leaf "[39m
            [33mfill[39m=[32m"none"[39m
            [33mheight[39m=[32m"12"[39m
            [33mstroke[39m=[32m"currentColor"[39m
            [33mstroke-linecap[39m=[32m"round"[39m
            [33mstroke-linejoin[39m=[32m"round"[39m
            [33mstroke-width[39m=[32m"2"[39m
            [33mviewBox[39m=[32m"0 0 24 24"[39m
            [33mwidth[39m=[32m"12"[39m
            [33mxmlns[39m=[32m"http://www.w3.org/2000/svg"[39m
          [36m>[39m
            [36m<path[39m
              [33md[39m=[32m"M11 20A7 7 0 0 1 9.8 6.1C15.5 5 17 4.48 19 2c1 2 2 4.18 2 8 0 5.5-4.78 10-10 10Z"[39m
            [36m/>[39m
            [36m<path[39m
              [33md[39m=[32m"M2 21c0-3 1.85-5.36 5.08-6C9.5 14.52 12 13 13 12"[39m
            [36m/>[39m
          [36m</svg>[39m
          [0m ESG Transition & Climate Alpha[0m
        [36m</div>[39m
        [36m<h1[39m
          [33mclass[39m=[32m"text-3xl md:text-5xl font-black uppercase tracking-heading leading-tight text-white mb-4"[39m
        [36m>[39m
          [0mSustainable [0m
          [36m<span[39m
            [33mclass[39m=[32m"text-emerald-500"[39m
          [36m>[39m
            [0mFinance[0m
          [36m</span>[39m
          [0m & Climate Risk[0m
        [36m</h1>[39m
        [36m<p[39m
          [33mclass[39m=[32m"text-muted-foreground/60 max-w-3xl text-sm md:text-lg font-medium leading-relaxed uppercase tracking-wide mb-8"[39m
        [36m>[39m
          [0mMonitoring G20 climate transition risk, sovereign temperature alignment, and the carbon intensity of global industrial hubs.[0m
        [36m</p>[39m
        [36m<div[39m
          [33mclass[39m=[32m"p-8 rounded-[2rem] bg-white/[0.02] border border-white/5 max-w-4xl"[39m
        [36m>[39m
          [36m<h3[39m
            [33mclass[39m=[32m"text-xs font-black text-white uppercase tracking-widest mb-4 border-b border-white/10 pb-4 inline-block"[39m
          [36m>[39m
            [0mLab Objectives[0m
          [36m</h3>[39m
          [36m<p[39m
            [33mclass[39m=[32m"text-sm text-muted-foreground/60 leading-relaxed font-medium uppercase tracking-wide"[39m
          [36m>[39m
            [0mThis lab translates environmental physical risks and transition policies into institutional-grade macro signals.[0m
            [36m<strong[39m
              [33mclass[39m=[32m"text-white"[39m
            [36m>[39m
              [0m Start by assessing the "Temperature Alignment" of key economies[0m
            [36m</strong>[39m
            [0m to understand looming regulatory and tax pressures. Then, pivot to the "Grid Intensity" monitor to identify supply-chain bottlenecks and renewable-ready industrial pockets.[0m
          [36m</p>[39m
        [36m</div>[39m
      [36m</div>[39m
      [36m<div[39m
        [33mclass[39m=[32m"space-y-32"[39m
      [36m>[39m
        [36m<section>[39m
          [36m<div[39m
            [33mclass[39m=[32m"space-y-8"[39m
          [36m>[39m
            [36m<div[39m
              [33mclass[39m=[32m"grid grid-cols-1 md:grid-cols-3 gap-4"[39m
            [36m>[39m
              [36m<div[39m
                [33mclass[39m=[32m"md:col-span-2 p-6 bg-emerald-500/5 border-l-4 border-emerald-500 rounded-r-xl"[39m
              [36m>[39m
                [36m<div[39m
                  [33mclass[39m=[32m"flex items-center gap-2 text-emerald-500 mb-2"[39m
                [36m>[39m
                  [36m<svg[39m
                    [33mclass[39m=[32m"lucide lucide-leaf w-4 h-4"[39m
                    [33mfill[39m=[32m"none"[39m
                    [33mheight[39m=[32m"24"[39m
                    [33mstroke[39m=[32m"currentColor"[39m
                    [33mstroke-linecap[39m=[32m"round"[39m
                    [33mstroke-linejoin[39m=[32m"round"[39m
                    [33mstroke-width[39m=[32m"2"[39m
                    [33mviewBox[39m=[32m"0 0 24 24"[39m
        ...

Ignored nodes: comments, script, style
[36m<body>[39m
  [36m<div>[39m
    [36m<div[39m
      [33mclass[39m=[32m"w-full max-w-[1700px] mx-auto px-4 sm:px-6 lg:px-12 py-12"[39m
    [36m>[39m
      [36m<div[39m
        [33mclass[39m=[32m"mb-8"[39m
      [36m>[39m
        [36m<nav[39m
          [33mclass[39m=[32m"flex items-center gap-2 text-[10px] font-black uppercase tracking-widest text-muted-foreground/40"[39m
        [36m>[39m
          [36m<a[39m
            [33mclass[39m=[32m"hover:text-white transition-colors"[39m
            [33mhref[39m=[32m"/"[39m
          [36m>[39m
            [0mHome[0m
          [36m</a>[39m
          [36m<svg[39m
            [33mclass[39m=[32m"lucide lucide-chevron-right "[39m
            [33mfill[39m=[32m"none"[39m
            [33mheight[39m=[32m"10"[39m
            [33mstroke[39m=[32m"currentColor"[39m
            [33mstroke-linecap[39m=[32m"round"[39m
            [33mstroke-linejoin[39m=[32m"round"[39m
            [33mstroke-width[39m=[32m"2"[39m
            [33mviewBox[39m=[32m"0 0 24 24"[39m
            [33mwidth[39m=[32m"10"[39m
            [33mxmlns[39m=[32m"http://www.w3.org/2000/svg"[39m
          [36m>[39m
            [36m<path[39m
              [33md[39m=[32m"m9 18 6-6-6-6"[39m
            [36m/>[39m
          [36m</svg>[39m
          [36m<a[39m
            [33mclass[39m=[32m"hover:text-white transition-colors"[39m
            [33mhref[39m=[32m"/macro-observatory"[39m
          [36m>[39m
            [0mObservatory[0m
          [36m</a>[39m
          [36m<svg[39m
            [33mclass[39m=[32m"lucide lucide-chevron-right "[39m
            [33mfill[39m=[32m"none"[39m
            [33mheight[39m=[32m"10"[39m
            [33mstroke[39m=[32m"currentColor"[39m
            [33mstroke-linecap[39m=[32m"round"[39m
            [33mstroke-linejoin[39m=[32m"round"[39m
            [33mstroke-width[39m=[32m"2"[39m
            [33mviewBox[39m=[32m"0 0 24 24"[39m
            [33mwidth[39m=[32m"10"[39m
            [33mxmlns[39m=[32m"http://www.w3.org/2000/svg"[39m
          [36m>[39m
            [36m<path[39m
              [33md[39m=[32m"m9 18 6-6-6-6"[39m
            [36m/>[39m
          [36m</svg>[39m
          [36m<span[39m
            [33mclass[39m=[32m"text-emerald-500"[39m
          [36m>[39m
            [0mSustainable Finance[0m
          [36m</span>[39m
        [36m</nav>[39m
      [36m</div>[39m
      [36m<div[39m
        [33mclass[39m=[32m"mb-16"[39m
      [36m>[39m
        [36m<div[39m
          [33mclass[39m=[32m"inline-flex items-center gap-2 px-3 py-1 rounded-full bg-emerald-500/10 border border-emerald-500/20 text-emerald-500 text-[10px] font-black uppercase tracking-uppercase mb-6"[39m
        [36m>[39m
          [36m<svg[39m
            [33mclass[39m=[32m"lucide lucide-leaf "[39m
            [33mfill[39m=[32m"none"[39m
            [33mheight[39m=[32m"12"[39m
            [33mstroke[39m=[32m"currentColor"[39m
            [33mstroke-linecap[39m=[32m"round"[39m
            [33mstroke-linejoin[39m=[32m"round"[39m
            [33mstroke-width[39m=[32m"2"[39m
            [33mviewBox[39m=[32m"0 0 24 24"[39m
            [33mwidth[39m=[32m"12"[39m
            [33mxmlns[39m=[32m"http://www.w3.org/2000/svg"[39m
          [36m>[39m
            [36m<path[39m
              [33md[39m=[32m"M11 20A7 7 0 0 1 9.8 6.1C15.5 5 17 4.48 19 2c1 2 2 4.18 2 8 0 5.5-4.78 10-10 10Z"[39m
            [36m/>[39m
            [36m<path[39m
              [33md[39m=[32m"M2 21c0-3 1.85-5.36 5.08-6C9.5 14.52 12 13 13 12"[39m
            [36m/>[39m
          [36m</svg>[39m
          [0m ESG Transition & Climate Alpha[0m
        [36m</div>[39m
        [36m<h1[39m
          [33mclass[39m=[32m"text-3xl md:text-5xl font-black uppercase tracking-heading leading-tight text-white mb-4"[39m
        [36m>[39m
          [0mSustainable [0m
          [36m<span[39m
            [33mclass[39m=[32m"text-emerald-500"[39m
          [36m>[39m
            [0mFinance[0m
          [36m</span>[39m
          [0m & Climate Risk[0m
        [36m</h1>[39m
        [36m<p[39m
          [33mclass[39m=[32m"text-muted-foreground/60 max-w-3xl text-sm md:text-lg font-medium leading-relaxed uppercase tracking-wide mb-8"[39m
        [36m>[39m
          [0mMonitoring G20 climate transition risk, sovereign temperature alignment, and the carbon intensity of global industrial hubs.[0m
        [36m</p>[39m
        [36m<div[39m
          [33mclass[39m=[32m"p-8 rounded-[2rem] bg-white/[0.02] border border-white/5 max-w-4xl"[39m
        [36m>[39m
          [36m<h3[39m
            [33mclass[39m=[32m"text-xs font-black text-white uppercase tracking-widest mb-4 border-b border-white/10 pb-4 inline-block"[39m
          [36m>[39m
            [0mLab Objectives[0m
          [36m</h3>[39m
          [36m<p[39m
            [33mclass[39m=[32m"text-sm text-muted-foreground/60 leading-relaxed font-medium uppercase tracking-wide"[39m
          [36m>[39m
            [0mThis lab translates environmental physical risks and transition policies into institutional-grade macro signals.[0m
            [36m<strong[39m
              [33mclass[39m=[32m"text-white"[39m
            [36m>[39m
              [0m Start by assessing the "Temperature Alignment" of key economies[0m
            [36m</strong>[39m
            [0m to understand looming regulatory and tax pressures. Then, pivot to the "Grid Intensity" monitor to identify supply-chain bottlenecks and renewable-ready industrial pockets.[0m
          [36m</p>[39m
        [36m</div>[39m
      [36m</div>[39m
      [36m<div[39m
        [33mclass[39m=[32m"space-y-32"[39m
      [36m>[39m
        [36m<section>[39m
          [36m<div[39m
            [33mclass[39m=[32m"space-y-8"[39m
          [36m>[39m
            [36m<div[39m
              [33mclass[39m=[32m"grid grid-cols-1 md:grid-cols-3 gap-4"[39m
            [36m>[39m
              [36m<div[39m
                [33mclass[39m=[32m"md:col-span-2 p-6 bg-emerald-500/5 border-l-4 border-emerald-500 rounded-r-xl"[39m
              [36m>[39m
                [36m<div[39m
                  [33mclass[39m=[32m"flex items-center gap-2 text-emerald-500 mb-2"[39m
                [36m>[39m
                  [36m<svg[39m
                    [33mclass[39m=[32m"lucide lucide-leaf w-4 h-4"[39m
                    [33mfill[39m=[32m"none"[39m
                    [33mheight[39m=[32m"24"[39m
                    [33mstroke[39m=[32m"currentColor"[39m
                    [33mstroke-linecap[39m=[32m"round"[39m
                    [33mstroke-linejoin[39m=[32m"round"[39m
                    [33mstroke-width[39m=[32m"2"[39m
                    [33mviewBox[39m=[32m"0 0 24 24"[39m
        ...
 ❯ waitForWrapper node_modules/@testing-library/dom/dist/wait-for.js:163:27
 ❯ node_modules/@testing-library/dom/dist/query-helpers.js:86:33
 ❯ src/smoke.test.tsx:180:29
    178|             </TestWrapper>
    179|         );
    180|         expect(await screen.findByText(/Climate/i, {}, { timeout: 1000…
       |                             ^
    181|     }, 20000);
    182| });

⎯⎯⎯⎯⎯⎯⎯⎯⎯⎯⎯⎯⎯⎯⎯⎯⎯⎯⎯⎯⎯⎯⎯⎯[5/5]⎯


 Test Files  1 failed | 9 passed (10)
      Tests  5 failed | 56 passed (61)
   Start at  13:30:14
   Duration  43.55s (transform 4.26s, setup 740ms, import 2.74s, tests 42.12s, environment 4.49s)

