src/features/daily-macro/components/DailyMacroPanel.tsx(198,72): error TS2322: Type '{ changes: DailyChange[]; isLoading: boolean; refreshing: boolean; }' is not assignable to type 'IntrinsicAttributes & OvernightChangesProps'.
  Property 'refreshing' does not exist on type 'IntrinsicAttributes & OvernightChangesProps'.
src/features/daily-macro/components/SectionErrorBoundary.tsx(1,8): error TS6133: 'React' is declared but its value is never read.
src/features/dashboard/components/sections/RegimeDigestSection.tsx(90,44): error TS2554: Expected 1-2 arguments, but got 0.
src/features/energy/components/WTICalendarSpread.tsx(16,92): error TS6133: 'Clock' is declared but its value is never read.
src/features/energy/components/WTICalendarSpread.tsx(16,99): error TS6133: 'CheckCircle' is declared but its value is never read.
src/features/energy/components/WTICalendarSpreadSkeleton.tsx(2,26): error TS6133: 'Clock' is declared but its value is never read.
src/features/energy/components/WTICalendarSpreadSkeleton.tsx(2,33): error TS6133: 'CheckCircle' is declared but its value is never read.
src/features/trade/components/GlobalDemandRanker.tsx(3,80): error TS6133: 'Loader2' is declared but its value is never read.
src/features/trade/components/IndiaChinaDeepDive.tsx(23,67): error TS2304: Cannot find name 'FreshnessStatus'.
src/hooks/useUSTreasuryAuctions.ts(3,23): error TS2307: Cannot find module 'sonner' or its corresponding type declarations.
src/pages/HSCodeOverviewPage.tsx(3,65): error TS6133: 'MapPin' is declared but its value is never read.
src/pages/HSCodeOverviewPage.tsx(3,73): error TS6133: 'ExternalLink' is declared but its value is never read.
src/pages/HSCodeOverviewPage.tsx(21,20): error TS2339: Property 'cachedAt' does not exist on type '{ status: "idle"; } | { status: "loading"; } | { status: "fetching_live"; } | { status: "refreshing"; } | { status: "success"; markets: TradeMarket[]; hsCode: string; cachedAt: string; isFallback?: boolean | undefined; softError?: string | undefined; } | { ...; }'.
  Property 'cachedAt' does not exist on type '{ status: "idle"; }'.
src/pages/HSCodeOverviewPage.tsx(22,50): error TS2339: Property 'cachedAt' does not exist on type '{ status: "idle"; } | { status: "loading"; } | { status: "fetching_live"; } | { status: "refreshing"; } | { status: "success"; markets: TradeMarket[]; hsCode: string; cachedAt: string; isFallback?: boolean | undefined; softError?: string | undefined; } | { ...; }'.
  Property 'cachedAt' does not exist on type '{ status: "idle"; }'.
src/pages/HSCodeOverviewPage.tsx(27,15): error TS2339: Property 'cachedAt' does not exist on type '{ status: "idle"; } | { status: "loading"; } | { status: "fetching_live"; } | { status: "refreshing"; } | { status: "success"; markets: TradeMarket[]; hsCode: string; cachedAt: string; isFallback?: boolean | undefined; softError?: string | undefined; } | { ...; }'.
  Property 'cachedAt' does not exist on type '{ status: "idle"; }'.
src/pages/MarketDeepDivePage.tsx(31,20): error TS2339: Property 'cachedAt' does not exist on type '{ refresh: () => void; status: "idle"; } | { refresh: () => void; status: "loading"; } | { refresh: () => void; status: "fetching_live"; } | { refresh: () => void; status: "refreshing"; } | { refresh: () => void; ... 5 more ...; softError?: string | undefined; } | { ...; }'.
  Property 'cachedAt' does not exist on type '{ refresh: () => void; status: "idle"; }'.
src/pages/MarketDeepDivePage.tsx(32,50): error TS2339: Property 'cachedAt' does not exist on type '{ refresh: () => void; status: "idle"; } | { refresh: () => void; status: "loading"; } | { refresh: () => void; status: "fetching_live"; } | { refresh: () => void; status: "refreshing"; } | { refresh: () => void; ... 5 more ...; softError?: string | undefined; } | { ...; }'.
  Property 'cachedAt' does not exist on type '{ refresh: () => void; status: "idle"; }'.
src/pages/MarketDeepDivePage.tsx(37,15): error TS2339: Property 'cachedAt' does not exist on type '{ refresh: () => void; status: "idle"; } | { refresh: () => void; status: "loading"; } | { refresh: () => void; status: "fetching_live"; } | { refresh: () => void; status: "refreshing"; } | { refresh: () => void; ... 5 more ...; softError?: string | undefined; } | { ...; }'.
  Property 'cachedAt' does not exist on type '{ refresh: () => void; status: "idle"; }'.
src/pages/RegimeDigestPage.tsx(4,35): error TS6133: 'Home' is declared but its value is never read.
src/pages/RegimeDigestPage.tsx(4,41): error TS6133: 'Newspaper' is declared but its value is never read.
